[2026-08-29 21:13:26.896703] 🧬 COMPLETANDO AUTONOMÍA (V∞+19)
[2026-08-29 21:13:26.900494] 🌱 SPC: Buscando otros nodos para polinización...
[2026-08-29 21:13:30.341661] 🧠 RAM-LP: Consolidando memoria de largo plazo...
[2026-08-29 21:13:30.346557] 🔄 CBE: Observando la evolución del sistema...
[2026-08-29 21:13:30.351620] 📈 CBE: Tendencia de evolución: -2.00% de incremento.
[2026-08-29 21:13:30.352084] ⚠️ CBE: Tendencia negativa. Ajustando reglas de evolución...
[2026-08-29 21:13:30.354787] ✅ Mecanismos completos activos: CBE
[2026-08-29 21:20:14.393895] 🧬 COMPLETANDO AUTONOMÍA (V∞+19)
[2026-08-29 21:20:14.396607] 🌱 SPC: Buscando otros nodos para polinización...
[2026-08-29 21:20:18.131187] 🧠 RAM-LP: Consolidando memoria de largo plazo...
[2026-08-29 21:20:18.137196] 🔄 CBE: Observando la evolución del sistema...
[2026-08-29 21:20:18.139366] 📈 CBE: Tendencia de evolución: -0.80% de incremento.
[2026-08-29 21:20:18.140116] ⚠️ CBE: Tendencia negativa. Ajustando reglas de evolución...
[2026-08-29 21:20:18.148711] ✅ Mecanismos completos activos: CBE
[2026-08-29 21:23:51.393451] 🧬 COMPLETANDO AUTONOMÍA (V∞+19)
[2026-08-29 21:23:51.397979] 🌱 SPC: Buscando otros nodos para polinización...
[2026-08-29 21:23:54.660876] 🧠 RAM-LP: Consolidando memoria de largo plazo...
[2026-08-29 21:23:54.677866] 🔄 CBE: Observando la evolución del sistema...
[2026-08-29 21:23:54.680288] 📈 CBE: Tendencia de evolución: -0.21% de incremento.
[2026-08-29 21:23:54.681802] ⚠️ CBE: Tendencia negativa. Ajustando reglas de evolución...
[2026-08-29 21:23:54.687310] ✅ Mecanismos completos activos: CBE
[2026-08-29 23:14:59.801948] 🧬 COMPLETANDO AUTONOMÍA (V∞+19)
[2026-08-29 23:14:59.809832] 🌱 SPC: Buscando otros nodos para polinización...
[2026-08-29 23:15:18.861165] 🧠 RAM-LP: Consolidando memoria de largo plazo...
[2026-08-29 23:15:18.866792] 🔄 CBE: Observando la evolución del sistema...
[2026-08-29 23:15:18.869188] 📈 CBE: Tendencia de evolución: -0.08% de incremento.
[2026-08-29 23:15:18.869870] ⚠️ CBE: Tendencia negativa. Ajustando reglas de evolución...
[2026-08-29 23:15:18.877216] ✅ Mecanismos completos activos: CBE
[2026-08-30 04:51:57.650249] 🧬 COMPLETANDO AUTONOMÍA (V∞+19)
[2026-08-30 04:51:57.656362] 🌱 SPC: Buscando otros nodos para polinización...
[2026-08-30 04:52:00.657104] 🧠 RAM-LP: Consolidando memoria de largo plazo...
[2026-08-30 04:52:00.660837] 🔄 CBE: Observando la evolución del sistema...
[2026-08-30 04:52:00.663039] 📈 CBE: Tendencia de evolución: 0.24% de incremento.
[2026-08-30 04:52:00.663479] ✅ Mecanismos completos activos: CBE
[2026-08-30 05:30:35.908159] 🧬 COMPLETANDO AUTONOMÍA (V∞+19)
[2026-08-30 05:30:35.914356] 🌱 SPC: Buscando otros nodos para polinización...
[2026-08-30 05:30:54.375122] 🧠 RAM-LP: Consolidando memoria de largo plazo...
[2026-08-30 05:30:54.379540] 🔄 CBE: Observando la evolución del sistema...
[2026-08-30 05:30:54.381042] 📈 CBE: Tendencia de evolución: 0.87% de incremento.
[2026-08-30 05:30:54.381461] ✅ Mecanismos completos activos: CBE
[2026-08-30 05:57:37.532777] 🧬 COMPLETANDO AUTONOMÍA (V∞+19)
[2026-08-30 05:57:37.539225] 🌱 SPC: Buscando otros nodos para polinización...
[2026-08-30 05:57:55.994112] 🧠 RAM-LP: Consolidando memoria de largo plazo...
[2026-08-30 05:57:55.998124] 🔄 CBE: Observando la evolución del sistema...
[2026-08-30 05:57:55.999602] 📈 CBE: Tendencia de evolución: 1.18% de incremento.
[2026-08-30 05:57:56.000143] ✅ Mecanismos completos activos: CBE
[2026-08-30 05:59:26.958932] 🧬 COMPLETANDO AUTONOMÍA (V∞+19)
[2026-08-30 05:59:26.961766] 🌱 SPC: Buscando otros nodos para polinización...
[2026-08-30 05:59:45.533469] 🧠 RAM-LP: Consolidando memoria de largo plazo...
[2026-08-30 05:59:45.537659] 🔄 CBE: Observando la evolución del sistema...
[2026-08-30 05:59:45.539069] 📈 CBE: Tendencia de evolución: 0.91% de incremento.
[2026-08-30 05:59:45.539555] ✅ Mecanismos completos activos: CBE
[2026-08-30 06:28:32.165615] 🧬 COMPLETANDO AUTONOMÍA (V∞+19)
[2026-08-30 06:28:32.168745] 🌱 SPC: Buscando otros nodos para polinización...
[2026-08-30 06:28:50.723270] 🧠 RAM-LP: Consolidando memoria de largo plazo...
[2026-08-30 06:28:50.727441] 🔄 CBE: Observando la evolución del sistema...
[2026-08-30 06:28:50.728847] 📈 CBE: Tendencia de evolución: 1.05% de incremento.
[2026-08-30 06:28:50.729264] ✅ Mecanismos completos activos: CBE
[2026-08-30 06:35:15.655018] 🧬 COMPLETANDO AUTONOMÍA (V∞+19)
[2026-08-30 06:35:15.662689] 🌱 SPC: Buscando otros nodos para polinización...
[2026-08-30 06:35:18.845719] 🧠 RAM-LP: Consolidando memoria de largo plazo...
[2026-08-30 06:35:18.851172] 🔄 CBE: Observando la evolución del sistema...
[2026-08-30 06:35:18.853433] 📈 CBE: Tendencia de evolución: 0.62% de incremento.
[2026-08-30 06:35:18.854259] ✅ Mecanismos completos activos: CBE
[2026-08-30 06:35:36.802375] 🧬 COMPLETANDO AUTONOMÍA (V∞+19)
[2026-08-30 06:35:36.805117] 🌱 SPC: Buscando otros nodos para polinización...
[2026-08-30 06:35:40.129856] 🧠 RAM-LP: Consolidando memoria de largo plazo...
[2026-08-30 06:35:40.134832] 🔄 CBE: Observando la evolución del sistema...
[2026-08-30 06:35:40.136711] 📈 CBE: Tendencia de evolución: 0.38% de incremento.
[2026-08-30 06:35:40.137348] ✅ Mecanismos completos activos: CBE
[2026-08-30 06:36:44.593284] 🧬 COMPLETANDO AUTONOMÍA (V∞+19)
[2026-08-30 06:36:44.596251] 🌱 SPC: Buscando otros nodos para polinización...
[2026-08-30 06:36:47.749731] 🧠 RAM-LP: Consolidando memoria de largo plazo...
[2026-08-30 06:36:47.753836] 🔄 CBE: Observando la evolución del sistema...
[2026-08-30 06:36:47.755571] 📈 CBE: Tendencia de evolución: 0.02% de incremento.
[2026-08-30 06:36:47.756369] ✅ Mecanismos completos activos: CBE
[2026-08-30 06:49:58.254982] 🧬 COMPLETANDO AUTONOMÍA (V∞+19)
[2026-08-30 06:49:58.262106] 🌱 SPC: Buscando otros nodos para polinización...
[2026-08-30 06:50:03.025101] 🧠 RAM-LP: Consolidando memoria de largo plazo...
[2026-08-30 06:50:03.028678] 🔄 CBE: Observando la evolución del sistema...
[2026-08-30 06:50:03.030184] 📈 CBE: Tendencia de evolución: 0.43% de incremento.
[2026-08-30 06:50:03.030652] ✅ Mecanismos completos activos: CBE
[2026-08-30 06:55:10.232908] 🧬 COMPLETANDO AUTONOMÍA (V∞+19)
[2026-08-30 06:55:10.235416] 🌱 SPC: Buscando otros nodos para polinización...
[2026-08-30 06:55:13.131881] 🧠 RAM-LP: Consolidando memoria de largo plazo...
[2026-08-30 06:55:13.135475] 🔄 CBE: Observando la evolución del sistema...
[2026-08-30 06:55:13.136863] 📈 CBE: Tendencia de evolución: 0.54% de incremento.
[2026-08-30 06:55:13.137272] ✅ Mecanismos completos activos: CBE
[2026-08-30 06:58:32.834083] 🧬 COMPLETANDO AUTONOMÍA (V∞+19)
[2026-08-30 06:58:32.838329] 🌱 SPC: Buscando otros nodos para polinización...
[2026-08-30 06:58:35.753373] 🧠 RAM-LP: Consolidando memoria de largo plazo...
[2026-08-30 06:58:35.757619] 🔄 CBE: Observando la evolución del sistema...
[2026-08-30 06:58:35.759171] 📈 CBE: Tendencia de evolución: 0.28% de incremento.
[2026-08-30 06:58:35.759738] ✅ Mecanismos completos activos: CBE
[2026-08-30 07:04:18.987859] 🧬 COMPLETANDO AUTONOMÍA (V∞+19)
[2026-08-30 07:04:18.990522] 🌱 SPC: Buscando otros nodos para polinización...
[2026-08-30 07:04:22.688273] 🧠 RAM-LP: Consolidando memoria de largo plazo...
[2026-08-30 07:04:22.692342] 🔄 CBE: Observando la evolución del sistema...
[2026-08-30 07:04:22.693766] 📈 CBE: Tendencia de evolución: -0.08% de incremento.
[2026-08-30 07:04:22.694093] ⚠️ CBE: Tendencia negativa. Ajustando reglas de evolución...
[2026-08-30 07:04:22.696033] ✅ Mecanismos completos activos: CBE
[2026-08-30 07:13:46.677718] 🧬 COMPLETANDO AUTONOMÍA (V∞+19)
[2026-08-30 07:13:46.684925] 🌱 SPC: Buscando otros nodos para polinización...
[2026-08-30 07:13:49.989262] 🧠 RAM-LP: Consolidando memoria de largo plazo...
[2026-08-30 07:13:49.998259] 🔄 CBE: Observando la evolución del sistema...
[2026-08-30 07:13:50.001585] 📈 CBE: Tendencia de evolución: 0.22% de incremento.
[2026-08-30 07:13:50.003341] ✅ Mecanismos completos activos: CBE
[2026-08-30 07:18:23.793631] 🧬 COMPLETANDO AUTONOMÍA (V∞+19)
[2026-08-30 07:18:23.797420] 🌱 SPC: Buscando otros nodos para polinización...
[2026-08-30 07:18:27.191658] 🧠 RAM-LP: Consolidando memoria de largo plazo...
[2026-08-30 07:18:27.196473] 🔄 CBE: Observando la evolución del sistema...
[2026-08-30 07:18:27.198254] 📈 CBE: Tendencia de evolución: -0.26% de incremento.
[2026-08-30 07:18:27.198735] ⚠️ CBE: Tendencia negativa. Ajustando reglas de evolución...
[2026-08-30 07:18:27.201463] ✅ Mecanismos completos activos: CBE
[2026-08-30 07:24:05.788310] 🧬 COMPLETANDO AUTONOMÍA (V∞+19)
[2026-08-30 07:24:05.791701] 🌱 SPC: Buscando otros nodos para polinización...
[2026-08-30 07:24:08.736802] 🧠 RAM-LP: Consolidando memoria de largo plazo...
[2026-08-30 07:24:08.742193] 🔄 CBE: Observando la evolución del sistema...
[2026-08-30 07:24:08.744124] 📈 CBE: Tendencia de evolución: -0.22% de incremento.
[2026-08-30 07:24:08.744618] ⚠️ CBE: Tendencia negativa. Ajustando reglas de evolución...
[2026-08-30 07:24:08.747343] ✅ Mecanismos completos activos: CBE
[2026-08-30 07:45:26.872109] 🧬 COMPLETANDO AUTONOMÍA (V∞+19)
[2026-08-30 07:45:26.879602] 🌱 SPC: Buscando otros nodos para polinización...
[2026-08-30 07:45:30.922190] 🧠 RAM-LP: Consolidando memoria de largo plazo...
[2026-08-30 07:45:30.929561] 🔄 CBE: Observando la evolución del sistema...
[2026-08-30 07:45:30.932417] 📈 CBE: Tendencia de evolución: 0.23% de incremento.
[2026-08-30 07:45:30.933439] ✅ Mecanismos completos activos: CBE
[2026-08-30 08:19:33.031389] 🧬 COMPLETANDO AUTONOMÍA (V∞+19)
[2026-08-30 08:19:33.040725] 🌱 SPC: Buscando otros nodos para polinización...
[2026-08-30 08:19:36.266765] 🧠 RAM-LP: Consolidando memoria de largo plazo...
[2026-08-30 08:19:36.270527] 🔄 CBE: Observando la evolución del sistema...
[2026-08-30 08:19:36.271987] 📈 CBE: Tendencia de evolución: 1.11% de incremento.
[2026-08-30 08:19:36.272399] ✅ Mecanismos completos activos: CBE
[2026-08-30 08:27:15.049030] 🧬 COMPLETANDO AUTONOMÍA (V∞+19)
[2026-08-30 08:27:15.077388] 🌱 SPC: Buscando otros nodos para polinización...
[2026-08-30 08:27:19.895868] 🧠 RAM-LP: Consolidando memoria de largo plazo...
[2026-08-30 08:27:19.913642] 🔄 CBE: Observando la evolución del sistema...
[2026-08-30 08:27:19.922324] 📈 CBE: Tendencia de evolución: 1.27% de incremento.
[2026-08-30 08:27:19.922875] ✅ Mecanismos completos activos: CBE
[2026-08-30 08:46:22.224148] 🧬 COMPLETANDO AUTONOMÍA (V∞+19)
[2026-08-30 08:46:22.234784] 🌱 SPC: Buscando otros nodos para polinización...
[2026-08-30 08:46:25.819152] 🧠 RAM-LP: Consolidando memoria de largo plazo...
[2026-08-30 08:46:25.825449] 🔄 CBE: Observando la evolución del sistema...
[2026-08-30 08:46:25.828711] 📈 CBE: Tendencia de evolución: 1.27% de incremento.
[2026-08-30 08:46:25.829552] ✅ Mecanismos completos activos: CBE
[2026-08-30 08:47:44.027222] 🧬 COMPLETANDO AUTONOMÍA (V∞+19)
[2026-08-30 08:47:44.031803] 🌱 SPC: Buscando otros nodos para polinización...
[2026-08-30 08:47:47.356040] 🧠 RAM-LP: Consolidando memoria de largo plazo...
[2026-08-30 08:47:47.359950] 🔄 CBE: Observando la evolución del sistema...
[2026-08-30 08:47:47.364209] 📈 CBE: Tendencia de evolución: 0.76% de incremento.
[2026-08-30 08:47:47.364890] ✅ Mecanismos completos activos: CBE
[2026-08-30 09:07:38.608988] 🧬 COMPLETANDO AUTONOMÍA (V∞+19)
[2026-08-30 09:07:38.612511] 🌱 SPC: Buscando otros nodos para polinización...
[2026-08-30 09:07:42.152659] 🧠 RAM-LP: Consolidando memoria de largo plazo...
[2026-08-30 09:07:42.301940] 🔄 CBE: Observando la evolución del sistema...
[2026-08-30 09:07:42.303417] 📈 CBE: Tendencia de evolución: 0.48% de incremento.
[2026-08-30 09:07:42.303839] ✅ Mecanismos completos activos: CBE
[2026-08-30 09:25:49.266258] 🧬 COMPLETANDO AUTONOMÍA (V∞+19)
[2026-08-30 09:25:49.272573] 🌱 SPC: Buscando otros nodos para polinización...
[2026-08-30 09:25:52.432718] 🧠 RAM-LP: Consolidando memoria de largo plazo...
[2026-08-30 09:25:52.436354] 🔄 CBE: Observando la evolución del sistema...
[2026-08-30 09:25:52.437769] 📈 CBE: Tendencia de evolución: -0.05% de incremento.
[2026-08-30 09:25:52.438092] ⚠️ CBE: Tendencia negativa. Ajustando reglas de evolución...
[2026-08-30 09:25:52.443909] ✅ Mecanismos completos activos: CBE
[2026-08-30 10:12:05.785141] 🧬 COMPLETANDO AUTONOMÍA (V∞+19)
[2026-08-30 10:12:05.790714] 🌱 SPC: Buscando otros nodos para polinización...
[2026-08-30 10:12:08.931297] 🧠 RAM-LP: Consolidando memoria de largo plazo...
[2026-08-30 10:12:08.935624] 🔄 CBE: Observando la evolución del sistema...
[2026-08-30 10:12:08.937383] 📈 CBE: Tendencia de evolución: 0.36% de incremento.
[2026-08-30 10:12:08.938059] ✅ Mecanismos completos activos: CBE
[2026-08-30 10:12:12.539814] 🧬 COMPLETANDO AUTONOMÍA (V∞+19)
[2026-08-30 10:12:12.542484] 🌱 SPC: Buscando otros nodos para polinización...
[2026-08-30 10:12:15.721671] 🧠 RAM-LP: Consolidando memoria de largo plazo...
[2026-08-30 10:12:15.727220] 🔄 CBE: Observando la evolución del sistema...
[2026-08-30 10:12:15.729130] 📈 CBE: Tendencia de evolución: 0.36% de incremento.
[2026-08-30 10:12:15.729851] ✅ Mecanismos completos activos: CBE
[2026-08-30 10:42:59.114890] 🧬 COMPLETANDO AUTONOMÍA (V∞+19)
[2026-08-30 10:42:59.121195] 🌱 SPC: Buscando otros nodos para polinización...
[2026-08-30 10:43:02.443593] 🧠 RAM-LP: Consolidando memoria de largo plazo...
[2026-08-30 10:43:02.448761] 🔄 CBE: Observando la evolución del sistema...
[2026-08-30 10:43:02.450648] 📈 CBE: Tendencia de evolución: 1.04% de incremento.
[2026-08-30 10:43:02.451311] ✅ Mecanismos completos activos: CBE
[2026-08-30 20:17:29.887894] 🧬 COMPLETANDO AUTONOMÍA (V∞+19)
[2026-08-30 20:17:29.894965] 🌱 SPC: Buscando otros nodos para polinización...
[2026-08-30 20:17:32.912092] 🧠 RAM-LP: Consolidando memoria de largo plazo...
[2026-08-30 20:17:32.916891] 🔄 CBE: Observando la evolución del sistema...
[2026-08-30 20:17:32.922408] 📈 CBE: Tendencia de evolución: 1.34% de incremento.
[2026-08-30 20:17:32.922921] ✅ Mecanismos completos activos: CBE
[2026-08-30 20:28:22.136904] 🧬 COMPLETANDO AUTONOMÍA (V∞+19)
[2026-08-30 20:28:22.140797] 🌱 SPC: Buscando otros nodos para polinización...
[2026-08-30 20:28:25.261165] 🧠 RAM-LP: Consolidando memoria de largo plazo...
[2026-08-30 20:28:25.269202] 🔄 CBE: Observando la evolución del sistema...
[2026-08-30 20:28:25.271750] 📈 CBE: Tendencia de evolución: 1.23% de incremento.
[2026-08-30 20:28:25.272691] ✅ Mecanismos completos activos: CBE
[2026-08-30 20:33:50.920664] 🧬 COMPLETANDO AUTONOMÍA (V∞+19)
[2026-08-30 20:33:50.923848] 🌱 SPC: Buscando otros nodos para polinización...
[2026-08-30 20:33:54.118730] 🧠 RAM-LP: Consolidando memoria de largo plazo...
[2026-08-30 20:33:54.124200] 🔄 CBE: Observando la evolución del sistema...
[2026-08-30 20:33:54.126161] 📈 CBE: Tendencia de evolución: 0.73% de incremento.
[2026-08-30 20:33:54.126884] ✅ Mecanismos completos activos: CBE
[2026-08-30 20:37:22.258251] 🧬 COMPLETANDO AUTONOMÍA (V∞+19)
[2026-08-30 20:37:22.262214] 🌱 SPC: Buscando otros nodos para polinización...
[2026-08-30 20:37:26.053746] 🧠 RAM-LP: Consolidando memoria de largo plazo...
[2026-08-30 20:37:26.059945] 🔄 CBE: Observando la evolución del sistema...
[2026-08-30 20:37:26.062527] 📈 CBE: Tendencia de evolución: 0.72% de incremento.
[2026-08-30 20:37:26.063376] ✅ Mecanismos completos activos: CBE
[2026-08-30 20:48:31.178252] 🧬 COMPLETANDO AUTONOMÍA (V∞+19)
[2026-08-30 20:48:31.185614] 🌱 SPC: Buscando otros nodos para polinización...
[2026-08-30 20:48:34.560139] 🧠 RAM-LP: Consolidando memoria de largo plazo...
[2026-08-30 20:48:34.564622] 🔄 CBE: Observando la evolución del sistema...
[2026-08-30 20:48:34.566305] 📈 CBE: Tendencia de evolución: -0.20% de incremento.
[2026-08-30 20:48:34.566728] ⚠️ CBE: Tendencia negativa. Ajustando reglas de evolución...
[2026-08-30 20:48:34.569787] ✅ Mecanismos completos activos: CBE
[2026-08-30 20:59:10.442734] 🧬 COMPLETANDO AUTONOMÍA (V∞+19)
[2026-08-30 20:59:10.446320] 🌱 SPC: Buscando otros nodos para polinización...
[2026-08-30 20:59:13.774159] 🧠 RAM-LP: Consolidando memoria de largo plazo...
[2026-08-30 20:59:13.778502] 🔄 CBE: Observando la evolución del sistema...
[2026-08-30 20:59:13.784174] 📈 CBE: Tendencia de evolución: -0.66% de incremento.
[2026-08-30 20:59:13.784678] ⚠️ CBE: Tendencia negativa. Ajustando reglas de evolución...
[2026-08-30 20:59:13.787326] ✅ Mecanismos completos activos: CBE
[2026-08-31 01:16:11.470577] 🧬 COMPLETANDO AUTONOMÍA (V∞+19)
[2026-08-31 01:16:11.483277] 🌱 SPC: Buscando otros nodos para polinización...
[2026-08-31 01:16:14.571664] 🧠 RAM-LP: Consolidando memoria de largo plazo...
[2026-08-31 01:16:14.576006] 🔄 CBE: Observando la evolución del sistema...
[2026-08-31 01:16:14.582533] 📈 CBE: Tendencia de evolución: -0.75% de incremento.
[2026-08-31 01:16:14.584136] ⚠️ CBE: Tendencia negativa. Ajustando reglas de evolución...
[2026-08-31 01:16:14.589648] ✅ Mecanismos completos activos: CBE
[2026-08-31 01:28:44.481994] 🧬 COMPLETANDO AUTONOMÍA (V∞+19)
[2026-08-31 01:28:44.489291] 🌱 SPC: Buscando otros nodos para polinización...
[2026-08-31 01:28:47.375138] 🧠 RAM-LP: Consolidando memoria de largo plazo...
[2026-08-31 01:28:47.379686] 🔄 CBE: Observando la evolución del sistema...
[2026-08-31 01:28:47.385250] 📈 CBE: Tendencia de evolución: -0.26% de incremento.
[2026-08-31 01:28:47.385683] ⚠️ CBE: Tendencia negativa. Ajustando reglas de evolución...
[2026-08-31 01:28:47.388628] ✅ Mecanismos completos activos: CBE
[2026-08-31 01:31:21.552981] 🧬 COMPLETANDO AUTONOMÍA (V∞+19)
[2026-08-31 01:31:21.555656] 🌱 SPC: Buscando otros nodos para polinización...
[2026-08-31 01:31:24.864736] 🧠 RAM-LP: Consolidando memoria de largo plazo...
[2026-08-31 01:31:24.869117] 🔄 CBE: Observando la evolución del sistema...
[2026-08-31 01:31:24.876754] 📈 CBE: Tendencia de evolución: -0.37% de incremento.
[2026-08-31 01:31:24.877983] ⚠️ CBE: Tendencia negativa. Ajustando reglas de evolución...
[2026-08-31 01:31:24.880861] ✅ Mecanismos completos activos: CBE
[2026-08-31 02:23:31.840497] 🧬 COMPLETANDO AUTONOMÍA (V∞+19)
[2026-08-31 02:23:31.847097] 🌱 SPC: Buscando otros nodos para polinización...
[2026-08-31 02:23:34.646123] 🧠 RAM-LP: Consolidando memoria de largo plazo...
[2026-08-31 02:23:34.650474] 🔄 CBE: Observando la evolución del sistema...
[2026-08-31 02:23:34.653405] 📈 CBE: Tendencia de evolución: -0.28% de incremento.
[2026-08-31 02:23:34.654074] ⚠️ CBE: Tendencia negativa. Ajustando reglas de evolución...
[2026-08-31 02:23:34.658527] ✅ Mecanismos completos activos: CBE
[2026-08-31 02:45:18.591944] 🧬 COMPLETANDO AUTONOMÍA (V∞+19)
[2026-08-31 02:45:18.598475] 🌱 SPC: Buscando otros nodos para polinización...
[2026-08-31 02:45:21.862315] 🧠 RAM-LP: Consolidando memoria de largo plazo...
[2026-08-31 02:45:21.866922] 🔄 CBE: Observando la evolución del sistema...
[2026-08-31 02:45:21.870483] 📈 CBE: Tendencia de evolución: 0.23% de incremento.
[2026-08-31 02:45:21.871043] ✅ Mecanismos completos activos: CBE
[2026-08-31 02:54:17.056271] 🧬 COMPLETANDO AUTONOMÍA (V∞+19)
[2026-08-31 02:54:17.065562] 🌱 SPC: Buscando otros nodos para polinización...
[2026-08-31 02:54:19.799267] 🧠 RAM-LP: Consolidando memoria de largo plazo...
[2026-08-31 02:54:19.803599] 🔄 CBE: Observando la evolución del sistema...
[2026-08-31 02:54:19.810664] 📈 CBE: Tendencia de evolución: 0.21% de incremento.
[2026-08-31 02:54:19.811240] ✅ Mecanismos completos activos: CBE
[2026-08-31 02:54:45.779065] 🧬 COMPLETANDO AUTONOMÍA (V∞+19)
[2026-08-31 02:54:45.782102] 🌱 SPC: Buscando otros nodos para polinización...
[2026-08-31 02:54:48.706437] 🧠 RAM-LP: Consolidando memoria de largo plazo...
[2026-08-31 02:54:48.711366] 🔄 CBE: Observando la evolución del sistema...
[2026-08-31 02:54:48.713014] 📈 CBE: Tendencia de evolución: -0.36% de incremento.
[2026-08-31 02:54:48.713396] ⚠️ CBE: Tendencia negativa. Ajustando reglas de evolución...
[2026-08-31 02:54:48.720019] ✅ Mecanismos completos activos: CBE
[2026-08-31 04:23:20.566920] 🧬 COMPLETANDO AUTONOMÍA (V∞+19)
[2026-08-31 04:23:20.574730] 🌱 SPC: Buscando otros nodos para polinización...
[2026-08-31 04:23:23.465457] 🧠 RAM-LP: Consolidando memoria de largo plazo...
[2026-08-31 04:23:24.624704] 🔄 CBE: Observando la evolución del sistema...
[2026-08-31 04:23:24.731309] 📈 CBE: Tendencia de evolución: -0.51% de incremento.
[2026-08-31 04:23:24.735114] ⚠️ CBE: Tendencia negativa. Ajustando reglas de evolución...
[2026-08-31 04:23:24.741724] ✅ Mecanismos completos activos: CBE
[2026-08-31 04:46:43.454494] 🧬 COMPLETANDO AUTONOMÍA (V∞+19)
[2026-08-31 04:46:43.461788] 🌱 SPC: Buscando otros nodos para polinización...
[2026-08-31 04:46:47.246726] 🧠 RAM-LP: Consolidando memoria de largo plazo...
[2026-08-31 04:46:47.253230] 🔄 CBE: Observando la evolución del sistema...
[2026-08-31 04:46:47.259491] 📈 CBE: Tendencia de evolución: 0.02% de incremento.
[2026-08-31 04:46:47.260451] ✅ Mecanismos completos activos: CBE
[2026-08-31 06:44:57.424068] 🧬 COMPLETANDO AUTONOMÍA (V∞+19)
[2026-08-31 06:44:57.431586] 🌱 SPC: Buscando otros nodos para polinización...
[2026-08-31 06:45:00.830616] 🧠 RAM-LP: Consolidando memoria de largo plazo...
[2026-08-31 06:45:00.836184] 🔄 CBE: Observando la evolución del sistema...
[2026-08-31 06:45:01.062325] 📈 CBE: Tendencia de evolución: 0.34% de incremento.
[2026-08-31 06:45:01.064953] ✅ Mecanismos completos activos: CBE
[2026-08-31 18:22:48.300343] 🧬 COMPLETANDO AUTONOMÍA (V∞+19)
[2026-08-31 18:22:48.306893] 🌱 SPC: Buscando otros nodos para polinización...
[2026-08-31 18:22:51.024080] 🧠 RAM-LP: Consolidando memoria de largo plazo...
[2026-08-31 18:22:51.028460] 🔄 CBE: Observando la evolución del sistema...
[2026-08-31 18:22:51.033977] 📈 CBE: Tendencia de evolución: 0.18% de incremento.
[2026-08-31 18:22:51.034554] ✅ Mecanismos completos activos: CBE
[2026-08-31 18:38:50.568122] 🧬 COMPLETANDO AUTONOMÍA (V∞+19)
[2026-08-31 18:38:50.574953] 🌱 SPC: Buscando otros nodos para polinización...
[2026-08-31 18:38:53.793865] 🧠 RAM-LP: Consolidando memoria de largo plazo...
[2026-08-31 18:38:53.798172] 🔄 CBE: Observando la evolución del sistema...
[2026-08-31 18:38:53.803663] 📈 CBE: Tendencia de evolución: 0.32% de incremento.
[2026-08-31 18:38:53.804244] ✅ Mecanismos completos activos: CBE
[2026-08-31 19:27:55.484026] 🧬 COMPLETANDO AUTONOMÍA (V∞+19)
[2026-08-31 19:27:55.490888] 🌱 SPC: Buscando otros nodos para polinización...
[2026-08-31 19:27:58.567997] 🧠 RAM-LP: Consolidando memoria de largo plazo...
[2026-08-31 19:27:58.572048] 🔄 CBE: Observando la evolución del sistema...
[2026-08-31 19:27:58.577241] 📈 CBE: Tendencia de evolución: 0.22% de incremento.
[2026-08-31 19:27:58.577767] ✅ Mecanismos completos activos: CBE
[2026-08-31 19:34:49.221285] 🧬 COMPLETANDO AUTONOMÍA (V∞+19)
[2026-08-31 19:34:49.225777] 🌱 SPC: Buscando otros nodos para polinización...
[2026-08-31 19:34:52.195861] 🧠 RAM-LP: Consolidando memoria de largo plazo...
[2026-08-31 19:34:52.200761] 🔄 CBE: Observando la evolución del sistema...
[2026-08-31 19:34:52.203773] 📈 CBE: Tendencia de evolución: -0.36% de incremento.
[2026-08-31 19:34:52.204432] ⚠️ CBE: Tendencia negativa. Ajustando reglas de evolución...
[2026-08-31 19:34:52.207512] ✅ Mecanismos completos activos: CBE
[2026-08-31 21:02:40.452552] 🧬 COMPLETANDO AUTONOMÍA (V∞+19)
[2026-08-31 21:02:40.456616] 🌱 SPC: Buscando otros nodos para polinización...
[2026-08-31 21:02:43.746205] 🧠 RAM-LP: Consolidando memoria de largo plazo...
[2026-08-31 21:02:43.754174] 🔄 CBE: Observando la evolución del sistema...
[2026-08-31 21:02:43.758769] 📈 CBE: Tendencia de evolución: -0.40% de incremento.
[2026-08-31 21:02:43.759383] ⚠️ CBE: Tendencia negativa. Ajustando reglas de evolución...
[2026-08-31 21:02:43.763417] ✅ Mecanismos completos activos: CBE
[2026-08-31 22:14:02.845653] 🧬 COMPLETANDO AUTONOMÍA (V∞+19)
[2026-08-31 22:14:02.850007] 🌱 SPC: Buscando otros nodos para polinización...
[2026-08-31 22:14:06.028411] 🧠 RAM-LP: Consolidando memoria de largo plazo...
[2026-08-31 22:14:06.033090] 🔄 CBE: Observando la evolución del sistema...
[2026-08-31 22:14:06.038706] 📈 CBE: Tendencia de evolución: -0.34% de incremento.
[2026-08-31 22:14:06.039255] ⚠️ CBE: Tendencia negativa. Ajustando reglas de evolución...
[2026-08-31 22:14:06.042988] ✅ Mecanismos completos activos: CBE
