[2026-08-29 20:50:22.756988] 🧠 🧠 El micelio está evaluando su estado...
[2026-08-29 20:50:26.472141] 🧠 ✅ Gobernador completado. 1 acciones ejecutadas.
escanea
repara
absorbe
guerra
cd ~/miu-ecosistema
python3 miu_cartografia.py
cat ~/miu-ecosistema/mapas/resumen_tecnico_*.md | head -100salir
exit
todo
todo
absorbe
escanea
repara
todo
todo
repara
absorbe
escanea
guerra
repara
repara
[2026-08-29 21:23:41.995721] 🧠 🧠 El micelio está evaluando su estado...
[2026-08-29 21:23:45.255374] 🧠 ✅ Gobernador completado. 1 acciones ejecutadas.
[2026-08-29 23:14:34.499380] 🧠 🧠 El micelio está evaluando su estado...
[2026-08-29 23:14:53.726707] 🧠 ✅ Gobernador completado. 1 acciones ejecutadas.
[2026-08-30 04:51:46.879420] 🧠 🧠 El micelio está evaluando su estado...
[2026-08-30 04:51:52.946786] 🧠 ✅ Gobernador completado. 1 acciones ejecutadas.
[2026-08-30 05:30:12.878916] 🧠 🧠 El micelio está evaluando su estado...
[2026-08-30 05:30:31.452318] 🧠 ✅ Gobernador completado. 1 acciones ejecutadas.
[2026-08-30 05:57:14.346320] 🧠 🧠 El micelio está evaluando su estado...
[2026-08-30 05:57:32.927018] 🧠 ✅ Gobernador completado. 1 acciones ejecutadas.
[2026-08-30 05:59:06.686121] 🧠 🧠 El micelio está evaluando su estado...
[2026-08-30 05:59:26.545846] 🧠 ✅ Gobernador completado. 1 acciones ejecutadas.
[2026-08-30 06:27:13.500536] 🧠 🧠 El micelio está evaluando su estado...
[2026-08-30 06:27:32.168060] 🧠 ✅ Gobernador completado. 1 acciones ejecutadas.
[2026-08-30 06:28:09.125295] 🧠 🧠 El micelio está evaluando su estado...
[2026-08-30 06:28:27.700545] 🧠 ✅ Gobernador completado. 1 acciones ejecutadas.
[2026-08-30 06:35:03.124421] 🧠 🧠 El micelio está evaluando su estado...
[2026-08-30 06:35:10.555244] 🧠 ✅ Gobernador completado. 1 acciones ejecutadas.
[2026-08-30 06:35:25.981576] 🧠 🧠 El micelio está evaluando su estado...
[2026-08-30 06:35:32.066930] 🧠 ✅ Gobernador completado. 1 acciones ejecutadas.
[2026-08-30 06:36:31.285778] 🧠 🧠 El micelio está evaluando su estado...
[2026-08-30 06:36:39.225937] 🧠 ✅ Gobernador completado. 1 acciones ejecutadas.
[2026-08-30 06:36:55.838247] 🧠 🧠 El micelio está evaluando su estado...
[2026-08-30 06:37:02.350469] 🧠 ✅ Gobernador completado. 1 acciones ejecutadas.
[2026-08-30 06:37:03.528732] 🧠 🧠 El micelio está evaluando su estado...
[2026-08-30 06:37:09.411477] 🧠 ✅ Gobernador completado. 1 acciones ejecutadas.
[2026-08-30 06:38:00.838631] 🧠 🧠 El micelio está evaluando su estado...
[2026-08-30 06:38:06.819720] 🧠 ✅ Gobernador completado. 1 acciones ejecutadas.
[2026-08-30 06:49:46.751585] 🧠 🧠 El micelio está evaluando su estado...
[2026-08-30 06:49:53.594250] 🧠 ✅ Gobernador completado. 1 acciones ejecutadas.
[2026-08-30 06:54:58.162342] 🧠 🧠 El micelio está evaluando su estado...
[2026-08-30 06:55:05.759218] 🧠 ✅ Gobernador completado. 1 acciones ejecutadas.
[2026-08-30 06:58:19.795975] 🧠 🧠 El micelio está evaluando su estado...
[2026-08-30 06:58:27.614896] 🧠 ✅ Gobernador completado. 1 acciones ejecutadas.
[2026-08-30 07:04:05.150751] 🧠 🧠 El micelio está evaluando su estado...
[2026-08-30 07:04:14.081169] 🧠 ✅ Gobernador completado. 1 acciones ejecutadas.
[2026-08-30 07:13:33.745441] 🧠 🧠 El micelio está evaluando su estado...
[2026-08-30 07:13:41.336550] 🧠 ✅ Gobernador completado. 1 acciones ejecutadas.
[2026-08-30 07:18:09.999295] 🧠 🧠 El micelio está evaluando su estado...
[2026-08-30 07:18:17.886042] 🧠 ✅ Gobernador completado. 1 acciones ejecutadas.
[2026-08-30 07:20:35.819491] 🧠 🧠 El micelio está evaluando su estado...
[2026-08-30 07:20:42.574813] 🧠 ✅ Gobernador completado. 1 acciones ejecutadas.
[2026-08-30 07:21:50.597076] 🧠 🧠 El micelio está evaluando su estado...
[2026-08-30 07:21:58.612320] 🧠 ✅ Gobernador completado. 1 acciones ejecutadas.
[2026-08-30 07:23:53.650673] 🧠 🧠 El micelio está evaluando su estado...
[2026-08-30 07:24:01.027280] 🧠 ✅ Gobernador completado. 1 acciones ejecutadas.
[2026-08-30 07:26:28.955767] 🧠 🧠 El micelio está evaluando su estado...
[2026-08-30 07:26:35.311336] 🧠 ✅ Gobernador completado. 1 acciones ejecutadas.
[2026-08-30 07:45:12.279434] 🧠 🧠 El micelio está evaluando su estado...
[2026-08-30 07:45:20.440769] 🧠 ✅ Gobernador completado. 1 acciones ejecutadas.
[2026-08-30 07:48:14.381122] 🧠 🧠 El micelio está evaluando su estado...
[2026-08-30 07:48:20.782877] 🧠 ✅ Gobernador completado. 1 acciones ejecutadas.
[2026-08-30 08:19:20.032905] 🧠 🧠 El micelio está evaluando su estado...
[2026-08-30 08:19:27.763197] 🧠 ✅ Gobernador completado. 1 acciones ejecutadas.
[2026-08-30 08:22:03.902279] 🧠 🧠 El micelio está evaluando su estado...
[2026-08-30 08:22:13.028959] 🧠 ✅ Gobernador completado. 1 acciones ejecutadas.
[2026-08-30 08:27:01.817876] 🧠 🧠 El micelio está evaluando su estado...
[2026-08-30 08:27:09.998954] 🧠 ✅ Gobernador completado. 1 acciones ejecutadas.
[2026-08-30 08:32:18.202063] 🧠 🧠 El micelio está evaluando su estado...
[2026-08-30 08:32:27.896092] 🧠 ✅ Gobernador completado. 1 acciones ejecutadas.
[2026-08-30 08:46:07.512514] 🧠 🧠 El micelio está evaluando su estado...
[2026-08-30 08:46:16.426979] 🧠 ✅ Gobernador completado. 1 acciones ejecutadas.
[2026-08-30 08:47:23.890251] 🧠 🧠 El micelio está evaluando su estado...
[2026-08-30 08:47:33.487270] 🧠 ✅ Gobernador completado. 1 acciones ejecutadas.
[2026-08-30 08:49:23.980362] 🧠 🧠 El micelio está evaluando su estado...
[2026-08-30 08:49:32.152616] 🧠 ✅ Gobernador completado. 1 acciones ejecutadas.
[2026-08-30 08:50:25.536610] 🧠 🧠 El micelio está evaluando su estado...
[2026-08-30 08:50:33.848109] 🧠 ✅ Gobernador completado. 1 acciones ejecutadas.
[2026-08-30 09:07:25.482772] 🧠 🧠 El micelio está evaluando su estado...
[2026-08-30 09:07:33.323289] 🧠 ✅ Gobernador completado. 1 acciones ejecutadas.
[2026-08-30 09:10:06.990028] 🧠 🧠 El micelio está evaluando su estado...
[2026-08-30 09:10:13.636228] 🧠 ✅ Gobernador completado. 1 acciones ejecutadas.
[2026-08-30 09:25:35.256400] 🧠 🧠 El micelio está evaluando su estado...
[2026-08-30 09:25:44.547429] 🧠 ✅ Gobernador completado. 1 acciones ejecutadas.
[2026-08-30 09:28:39.003780] 🧠 🧠 El micelio está evaluando su estado...
[2026-08-30 09:28:48.026335] 🧠 ✅ Gobernador completado. 1 acciones ejecutadas.
escanea
conversa
hola
absorbe
[2026-08-30 10:11:57.157845] 🧠 🧠 El micelio está evaluando su estado...
[2026-08-30 10:12:00.561960] 🧠 🧠 El micelio está evaluando su estado...
[2026-08-30 10:12:05.338756] 🧠 ✅ Gobernador completado. 1 acciones ejecutadas.
[2026-08-30 10:12:07.437550] 🧠 ✅ Gobernador completado. 1 acciones ejecutadas.
[2026-08-30 10:15:11.611467] 🧠 🧠 El micelio está evaluando su estado...
[2026-08-30 10:15:21.818693] 🧠 ✅ Gobernador completado. 1 acciones ejecutadas.
[2026-08-30 10:42:46.348997] 🧠 🧠 El micelio está evaluando su estado...
[2026-08-30 10:42:54.489560] 🧠 ✅ Gobernador completado. 1 acciones ejecutadas.
[2026-08-30 10:45:08.221808] 🧠 🧠 El micelio está evaluando su estado...
[2026-08-30 10:45:14.423174] 🧠 ✅ Gobernador completado. 1 acciones ejecutadas.
[2026-08-30 20:17:13.987773] 🧠 🧠 El micelio está evaluando su estado...
[2026-08-30 20:17:24.664418] 🧠 ✅ Gobernador completado. 1 acciones ejecutadas.
[2026-08-30 20:19:44.451283] 🧠 🧠 El micelio está evaluando su estado...
[2026-08-30 20:19:50.888827] 🧠 ✅ Gobernador completado. 1 acciones ejecutadas.
[2026-08-30 20:28:07.933694] 🧠 🧠 El micelio está evaluando su estado...
[2026-08-30 20:28:17.094018] 🧠 ✅ Gobernador completado. 1 acciones ejecutadas.
[2026-08-30 20:30:49.396016] 🧠 🧠 El micelio está evaluando su estado...
[2026-08-30 20:30:55.629663] 🧠 ✅ Gobernador completado. 1 acciones ejecutadas.
[2026-08-30 20:33:37.136635] 🧠 🧠 El micelio está evaluando su estado...
[2026-08-30 20:33:45.534019] 🧠 ✅ Gobernador completado. 1 acciones ejecutadas.
[2026-08-30 20:35:57.111493] 🧠 🧠 El micelio está evaluando su estado...
[2026-08-30 20:36:04.086994] 🧠 ✅ Gobernador completado. 1 acciones ejecutadas.
[2026-08-30 20:37:09.932649] 🧠 🧠 El micelio está evaluando su estado...
[2026-08-30 20:37:17.208119] 🧠 ✅ Gobernador completado. 1 acciones ejecutadas.
[2026-08-30 20:39:25.982861] 🧠 🧠 El micelio está evaluando su estado...
[2026-08-30 20:39:33.890633] 🧠 ✅ Gobernador completado. 1 acciones ejecutadas.
[2026-08-30 20:48:16.768068] 🧠 🧠 El micelio está evaluando su estado...
[2026-08-30 20:48:25.377846] 🧠 ✅ Gobernador completado. 1 acciones ejecutadas.
[2026-08-30 20:50:40.686523] 🧠 🧠 El micelio está evaluando su estado...
[2026-08-30 20:50:46.846980] 🧠 ✅ Gobernador completado. 1 acciones ejecutadas.
[2026-08-30 20:58:56.566943] 🧠 🧠 El micelio está evaluando su estado...
[2026-08-30 20:59:05.218191] 🧠 ✅ Gobernador completado. 1 acciones ejecutadas.
[2026-08-30 21:01:20.387812] 🧠 🧠 El micelio está evaluando su estado...
[2026-08-30 21:01:26.500419] 🧠 ✅ Gobernador completado. 1 acciones ejecutadas.
[2026-08-31 01:15:58.689746] 🧠 🧠 El micelio está evaluando su estado...
[2026-08-31 01:16:06.673035] 🧠 ✅ Gobernador completado. 1 acciones ejecutadas.
[2026-08-31 01:18:17.906379] 🧠 🧠 El micelio está evaluando su estado...
[2026-08-31 01:18:23.749291] 🧠 ✅ Gobernador completado. 1 acciones ejecutadas.
[2026-08-31 01:28:32.085339] 🧠 🧠 El micelio está evaluando su estado...
[2026-08-31 01:28:39.453781] 🧠 ✅ Gobernador completado. 1 acciones ejecutadas.
[2026-08-31 01:31:05.697391] 🧠 🧠 El micelio está evaluando su estado...
[2026-08-31 01:31:08.652285] 🧠 🧠 El micelio está evaluando su estado...
[2026-08-31 01:31:12.120130] 🧠 ✅ Gobernador completado. 1 acciones ejecutadas.
[2026-08-31 01:31:16.822089] 🧠 ✅ Gobernador completado. 1 acciones ejecutadas.
[2026-08-31 01:33:23.086048] 🧠 🧠 El micelio está evaluando su estado...
[2026-08-31 01:33:29.661735] 🧠 ✅ Gobernador completado. 1 acciones ejecutadas.
[2026-08-31 02:23:19.040795] 🧠 🧠 El micelio está evaluando su estado...
[2026-08-31 02:23:27.154478] 🧠 ✅ Gobernador completado. 1 acciones ejecutadas.
[2026-08-31 02:25:44.183643] 🧠 🧠 El micelio está evaluando su estado...
[2026-08-31 02:25:50.790702] 🧠 ✅ Gobernador completado. 1 acciones ejecutadas.
[2026-08-31 02:45:06.530840] 🧠 🧠 El micelio está evaluando su estado...
[2026-08-31 02:45:14.201750] 🧠 ✅ Gobernador completado. 1 acciones ejecutadas.
[2026-08-31 02:47:29.503127] 🧠 🧠 El micelio está evaluando su estado...
[2026-08-31 02:47:35.269175] 🧠 ✅ Gobernador completado. 1 acciones ejecutadas.
[2026-08-31 02:54:05.104781] 🧠 🧠 El micelio está evaluando su estado...
[2026-08-31 02:54:12.450087] 🧠 ✅ Gobernador completado. 1 acciones ejecutadas.
[2026-08-31 02:54:34.906959] 🧠 🧠 El micelio está evaluando su estado...
[2026-08-31 02:54:40.630530] 🧠 ✅ Gobernador completado. 1 acciones ejecutadas.
[2026-08-31 02:56:53.846630] 🧠 🧠 El micelio está evaluando su estado...
[2026-08-31 02:56:54.639860] 🧠 🧠 El micelio está evaluando su estado...
[2026-08-31 02:57:00.371248] 🧠 ✅ Gobernador completado. 1 acciones ejecutadas.
[2026-08-31 02:57:02.527321] 🧠 ✅ Gobernador completado. 1 acciones ejecutadas.
[2026-08-31 04:23:07.816781] 🧠 🧠 El micelio está evaluando su estado...
[2026-08-31 04:23:15.420210] 🧠 ✅ Gobernador completado. 1 acciones ejecutadas.
[2026-08-31 04:25:40.445319] 🧠 🧠 El micelio está evaluando su estado...
[2026-08-31 04:25:46.858297] 🧠 ✅ Gobernador completado. 1 acciones ejecutadas.
[2026-08-31 04:46:29.689592] 🧠 🧠 El micelio está evaluando su estado...
[2026-08-31 04:46:38.411095] 🧠 ✅ Gobernador completado. 1 acciones ejecutadas.
[2026-08-31 04:49:30.365640] 🧠 🧠 El micelio está evaluando su estado...
[2026-08-31 04:50:00.088879] 🧠 ✅ Gobernador completado. 1 acciones ejecutadas.
[2026-08-31 06:44:42.446661] 🧠 🧠 El micelio está evaluando su estado...
[2026-08-31 06:44:50.617910] 🧠 ✅ Gobernador completado. 1 acciones ejecutadas.
[2026-08-31 06:47:08.099597] 🧠 🧠 El micelio está evaluando su estado...
[2026-08-31 06:47:16.042214] 🧠 ✅ Gobernador completado. 1 acciones ejecutadas.
[2026-08-31 06:47:19.574678] 🧠 🧠 El micelio está evaluando su estado...
[2026-08-31 06:47:26.441055] 🧠 ✅ Gobernador completado. 1 acciones ejecutadas.
[2026-08-31 18:22:34.389392] 🧠 🧠 El micelio está evaluando su estado...
[2026-08-31 18:22:43.180523] 🧠 ✅ Gobernador completado. 1 acciones ejecutadas.
[2026-08-31 18:25:08.396364] 🧠 🧠 El micelio está evaluando su estado...
[2026-08-31 18:25:14.945065] 🧠 ✅ Gobernador completado. 1 acciones ejecutadas.
[2026-08-31 18:38:37.865917] 🧠 🧠 El micelio está evaluando su estado...
[2026-08-31 18:38:46.071504] 🧠 ✅ Gobernador completado. 1 acciones ejecutadas.
[2026-08-31 18:41:11.053537] 🧠 🧠 El micelio está evaluando su estado...
[2026-08-31 18:41:17.935490] 🧠 ✅ Gobernador completado. 1 acciones ejecutadas.
[2026-08-31 19:27:41.067188] 🧠 🧠 El micelio está evaluando su estado...
[2026-08-31 19:27:50.945911] 🧠 ✅ Gobernador completado. 1 acciones ejecutadas.
[2026-08-31 19:30:19.007254] 🧠 🧠 El micelio está evaluando su estado...
[2026-08-31 19:30:25.674065] 🧠 ✅ Gobernador completado. 1 acciones ejecutadas.
[2026-08-31 19:34:35.547612] 🧠 🧠 El micelio está evaluando su estado...
[2026-08-31 19:34:44.648476] 🧠 ✅ Gobernador completado. 1 acciones ejecutadas.
[2026-08-31 19:37:06.781127] 🧠 🧠 El micelio está evaluando su estado...
[2026-08-31 19:37:12.999856] 🧠 ✅ Gobernador completado. 1 acciones ejecutadas.
[2026-08-31 21:02:25.236691] 🧠 🧠 El micelio está evaluando su estado...
[2026-08-31 21:02:34.770646] 🧠 ✅ Gobernador completado. 1 acciones ejecutadas.
[2026-08-31 21:05:30.205647] 🧠 🧠 El micelio está evaluando su estado...
[2026-08-31 21:05:37.123852] 🧠 ✅ Gobernador completado. 1 acciones ejecutadas.
[2026-08-31 22:13:48.508673] 🧠 🧠 El micelio está evaluando su estado...
[2026-08-31 22:13:58.275021] 🧠 ✅ Gobernador completado. 1 acciones ejecutadas.
[2026-08-31 22:16:15.846858] 🧠 🧠 El micelio está evaluando su estado...
[2026-08-31 22:16:22.182851] 🧠 ✅ Gobernador completado. 1 acciones ejecutadas.
