nohup: ignoring input
[2026-08-29 20:48:01.872508] 🧬 Loop de iniciativa iniciado (respaldo)
[2026-08-29 20:48:01.873948] --- Ciclo #1 ---
[2026-08-29 20:48:06.506311] Escáner: OK
[2026-08-29 21:03:06.512105] --- Ciclo #2 ---
[2026-08-29 21:03:10.295306] Escáner: OK
[2026-08-29 21:18:10.297576] --- Ciclo #3 ---
[2026-08-29 21:18:15.420535] Escáner: OK
[2026-08-29 21:33:15.460984] --- Ciclo #4 ---
[2026-08-29 21:33:23.952588] Escáner: OK
[2026-08-29 21:48:24.037049] --- Ciclo #5 ---
[2026-08-29 21:48:32.302896] Escáner: OK
[2026-08-29 22:03:34.175801] --- Ciclo #6 ---
[2026-08-29 22:03:56.106445] Escáner: OK
[2026-08-29 22:18:56.151603] --- Ciclo #7 ---
[2026-08-29 22:19:26.203718] Escáner: ERROR
[2026-08-29 22:34:26.238489] --- Ciclo #8 ---
[2026-08-29 22:34:46.745421] Escáner: OK
[2026-08-29 22:49:46.747668] --- Ciclo #9 ---
[2026-08-29 22:50:06.667233] Escáner: OK
[2026-08-29 23:05:06.669599] --- Ciclo #10 ---
[2026-08-29 23:05:26.527311] Escáner: OK
[2026-08-29 23:17:06.508049] 🧬 Loop de iniciativa iniciado (respaldo)
[2026-08-29 23:17:06.508837] --- Ciclo #1 ---
[2026-08-29 23:17:26.271939] Escáner: OK
[2026-08-29 23:32:26.273133] --- Ciclo #2 ---
[2026-08-29 23:32:46.625019] Escáner: OK
[2026-08-29 23:47:46.626526] --- Ciclo #3 ---
[2026-08-29 23:48:06.919863] Escáner: OK
[2026-08-30 00:03:06.920953] --- Ciclo #4 ---
[2026-08-30 00:03:26.053605] Escáner: OK
[2026-08-30 00:18:26.054373] --- Ciclo #5 ---
[2026-08-30 00:18:45.147415] Escáner: OK
[2026-08-30 00:33:45.150058] --- Ciclo #6 ---
[2026-08-30 00:34:04.815499] Escáner: OK
[2026-08-30 00:49:04.817925] --- Ciclo #7 ---
[2026-08-30 00:49:24.176563] Escáner: OK
[2026-08-30 01:04:24.177604] --- Ciclo #8 ---
[2026-08-30 01:04:43.972037] Escáner: OK
[2026-08-30 01:19:43.973691] --- Ciclo #9 ---
[2026-08-30 01:20:03.408116] Escáner: OK
[2026-08-30 01:35:03.409027] --- Ciclo #10 ---
[2026-08-30 01:35:23.177876] Escáner: OK
[2026-08-30 01:50:23.179146] --- Ciclo #11 ---
[2026-08-30 01:50:42.797956] Escáner: OK
[2026-08-30 02:05:42.837095] --- Ciclo #12 ---
[2026-08-30 02:06:03.113518] Escáner: OK
[2026-08-30 02:21:03.114532] --- Ciclo #13 ---
[2026-08-30 02:21:23.090597] Escáner: OK
[2026-08-30 02:36:23.092919] --- Ciclo #14 ---
[2026-08-30 02:36:43.158960] Escáner: OK
[2026-08-30 02:51:43.161517] --- Ciclo #15 ---
[2026-08-30 02:52:02.573829] Escáner: OK
[2026-08-30 03:07:02.574876] --- Ciclo #16 ---
[2026-08-30 03:07:22.665174] Escáner: OK
[2026-08-30 03:22:22.666258] --- Ciclo #17 ---
[2026-08-30 03:22:41.927893] Escáner: OK
[2026-08-30 03:37:41.928719] --- Ciclo #18 ---
[2026-08-30 03:38:01.637624] Escáner: OK
[2026-08-30 03:53:01.639317] --- Ciclo #19 ---
[2026-08-30 03:53:20.864366] Escáner: OK
[2026-08-30 04:08:20.904881] --- Ciclo #20 ---
[2026-08-30 04:08:27.443300] Escáner: OK
[2026-08-30 04:23:27.493776] --- Ciclo #21 ---
[2026-08-30 04:23:35.611519] Escáner: OK
[2026-08-30 04:38:35.712059] --- Ciclo #22 ---
[2026-08-30 04:38:41.390676] Escáner: OK
[2026-08-30 04:53:41.398273] --- Ciclo #23 ---
[2026-08-30 04:53:46.915714] Escáner: OK
[2026-08-30 05:08:46.928012] --- Ciclo #24 ---
[2026-08-30 05:08:53.868917] Escáner: OK
[2026-08-30 05:28:16.157796] 🧬 Loop de iniciativa iniciado (respaldo)
[2026-08-30 05:28:16.162113] --- Ciclo #1 ---
[2026-08-30 05:28:35.531036] Escáner: OK
[2026-08-30 05:43:35.532013] --- Ciclo #2 ---
[2026-08-30 05:43:55.119034] Escáner: OK
[2026-08-30 05:58:55.119974] --- Ciclo #3 ---
[2026-08-30 05:59:14.118395] Escáner: OK
[2026-08-30 06:14:14.119465] --- Ciclo #4 ---
[2026-08-30 06:14:33.755184] Escáner: OK
[2026-08-30 06:29:33.756793] --- Ciclo #5 ---
[2026-08-30 06:29:53.724367] Escáner: OK
[2026-08-30 06:44:53.730104] --- Ciclo #6 ---
[2026-08-30 06:44:59.268851] Escáner: OK
[2026-08-30 06:59:59.270509] --- Ciclo #7 ---
[2026-08-30 07:00:03.385232] Escáner: OK
[2026-08-30 07:15:03.386438] --- Ciclo #8 ---
[2026-08-30 07:15:09.026988] Escáner: OK
[2026-08-30 07:30:09.032189] --- Ciclo #9 ---
[2026-08-30 07:30:14.215759] Escáner: OK
[2026-08-30 07:45:14.226149] --- Ciclo #10 ---
[2026-08-30 07:45:19.302879] Escáner: OK
[2026-08-30 08:00:19.339284] --- Ciclo #11 ---
[2026-08-30 08:00:26.849389] Escáner: OK
[2026-08-30 08:15:26.902320] --- Ciclo #12 ---
[2026-08-30 08:15:34.181371] Escáner: OK
[2026-08-30 08:30:34.230465] --- Ciclo #13 ---
[2026-08-30 08:30:50.842149] Escáner: OK
[2026-08-30 08:45:50.881642] --- Ciclo #14 ---
[2026-08-30 08:45:57.970139] Escáner: OK
[2026-08-30 09:00:58.704650] --- Ciclo #15 ---
[2026-08-30 09:01:05.649659] Escáner: OK
[2026-08-30 09:16:05.713702] --- Ciclo #16 ---
[2026-08-30 09:16:13.633166] Escáner: OK
[2026-08-30 09:31:13.678475] --- Ciclo #17 ---
[2026-08-30 09:31:20.627347] Escáner: OK
[2026-08-30 09:46:20.634711] --- Ciclo #18 ---
[2026-08-30 09:46:27.351870] Escáner: OK
[2026-08-30 10:01:27.369597] --- Ciclo #19 ---
[2026-08-30 10:01:35.117743] Escáner: OK
[2026-08-30 10:16:35.157154] --- Ciclo #20 ---
[2026-08-30 10:16:43.549362] Escáner: OK
[2026-08-30 10:31:43.566753] --- Ciclo #21 ---
[2026-08-30 10:31:48.455598] Escáner: OK
[2026-08-30 10:46:48.457069] --- Ciclo #22 ---
[2026-08-30 10:46:53.816705] Escáner: OK
[2026-08-30 11:01:53.840305] --- Ciclo #23 ---
[2026-08-30 11:02:00.381645] Escáner: OK
[2026-08-30 11:17:00.391812] --- Ciclo #24 ---
[2026-08-30 11:17:07.734126] Escáner: OK
[2026-08-30 11:32:07.791237] --- Ciclo #25 ---
[2026-08-30 11:32:13.691582] Escáner: OK
[2026-08-30 11:47:13.698496] --- Ciclo #26 ---
[2026-08-30 11:47:19.738969] Escáner: OK
[2026-08-30 12:02:19.744371] --- Ciclo #27 ---
[2026-08-30 12:02:25.876961] Escáner: OK
[2026-08-30 12:17:25.934156] --- Ciclo #28 ---
[2026-08-30 12:17:38.661643] Escáner: OK
[2026-08-30 12:32:38.674064] --- Ciclo #29 ---
[2026-08-30 12:32:47.474593] Escáner: OK
[2026-08-30 12:47:47.476095] --- Ciclo #30 ---
[2026-08-30 12:47:53.482656] Escáner: OK
[2026-08-30 13:02:53.527448] --- Ciclo #31 ---
[2026-08-30 13:03:00.990709] Escáner: OK
[2026-08-30 13:18:00.992034] --- Ciclo #32 ---
[2026-08-30 13:18:06.674853] Escáner: OK
[2026-08-30 16:08:38.845038] --- Ciclo #33 ---
[2026-08-30 16:08:44.306432] Escáner: OK
[2026-08-30 19:18:11.282218] --- Ciclo #34 ---
[2026-08-30 19:19:42.331334] Escáner: OK
[2026-08-30 19:54:54.448239] --- Ciclo #35 ---
[2026-08-30 19:55:00.751425] Escáner: OK
[2026-08-30 20:10:00.759302] --- Ciclo #36 ---
[2026-08-30 20:10:08.600136] Escáner: OK
[2026-08-30 20:25:08.606569] --- Ciclo #37 ---
[2026-08-30 20:25:15.359614] Escáner: OK
[2026-08-30 20:40:15.364379] --- Ciclo #38 ---
[2026-08-30 20:40:20.878355] Escáner: OK
[2026-08-30 20:55:20.879723] --- Ciclo #39 ---
[2026-08-30 20:55:26.578264] Escáner: OK
[2026-08-30 23:14:42.248138] --- Ciclo #40 ---
[2026-08-30 23:15:41.639395] Escáner: OK
[2026-08-31 01:12:08.437428] --- Ciclo #41 ---
[2026-08-31 01:12:13.005749] Escáner: OK
[2026-08-31 01:27:13.030723] --- Ciclo #42 ---
[2026-08-31 01:27:19.436831] Escáner: OK
[2026-08-31 01:42:19.438649] --- Ciclo #43 ---
[2026-08-31 01:42:25.273255] Escáner: OK
[2026-08-31 01:57:25.274738] --- Ciclo #44 ---
[2026-08-31 01:57:29.958147] Escáner: OK
[2026-08-31 02:12:29.959480] --- Ciclo #45 ---
[2026-08-31 02:12:35.135134] Escáner: OK
[2026-08-31 02:27:35.139779] --- Ciclo #46 ---
[2026-08-31 02:27:39.914993] Escáner: OK
[2026-08-31 02:42:39.934728] --- Ciclo #47 ---
[2026-08-31 02:42:45.487941] Escáner: OK
[2026-08-31 02:57:45.493276] --- Ciclo #48 ---
[2026-08-31 02:57:50.754096] Escáner: OK
[2026-08-31 03:12:50.808372] --- Ciclo #49 ---
[2026-08-31 03:12:57.240288] Escáner: OK
[2026-08-31 03:27:57.281042] --- Ciclo #50 ---
[2026-08-31 03:28:04.659349] Escáner: OK
[2026-08-31 03:43:04.699707] --- Ciclo #51 ---
[2026-08-31 03:43:11.346800] Escáner: OK
[2026-08-31 03:58:11.390346] --- Ciclo #52 ---
[2026-08-31 03:58:32.208974] Escáner: OK
[2026-08-31 04:13:32.212310] --- Ciclo #53 ---
[2026-08-31 04:13:54.250130] Escáner: OK
[2026-08-31 04:28:54.255985] --- Ciclo #54 ---
[2026-08-31 04:28:58.904230] Escáner: OK
[2026-08-31 04:43:58.905800] --- Ciclo #55 ---
[2026-08-31 04:44:04.998447] Escáner: OK
[2026-08-31 04:59:05.008694] --- Ciclo #56 ---
[2026-08-31 04:59:35.084168] Escáner: ERROR
[2026-08-31 05:14:35.085891] --- Ciclo #57 ---
[2026-08-31 05:14:40.395989] Escáner: OK
[2026-08-31 05:29:40.453559] --- Ciclo #58 ---
[2026-08-31 05:30:01.492730] Escáner: OK
[2026-08-31 05:45:01.494182] --- Ciclo #59 ---
[2026-08-31 05:45:22.280617] Escáner: OK
[2026-08-31 06:00:22.283297] --- Ciclo #60 ---
[2026-08-31 06:00:41.836562] Escáner: OK
[2026-08-31 06:15:41.839098] --- Ciclo #61 ---
[2026-08-31 06:16:01.465412] Escáner: OK
[2026-08-31 06:31:01.467885] --- Ciclo #62 ---
[2026-08-31 06:31:21.147484] Escáner: OK
[2026-08-31 06:46:21.152697] --- Ciclo #63 ---
[2026-08-31 06:46:28.943741] Escáner: OK
[2026-08-31 07:01:28.984778] --- Ciclo #64 ---
[2026-08-31 07:01:35.041701] Escáner: OK
[2026-08-31 07:16:35.079069] --- Ciclo #65 ---
[2026-08-31 07:16:41.554259] Escáner: OK
[2026-08-31 07:31:41.559823] --- Ciclo #66 ---
[2026-08-31 07:31:47.567568] Escáner: OK
[2026-08-31 07:46:47.569307] --- Ciclo #67 ---
[2026-08-31 07:46:53.786367] Escáner: OK
[2026-08-31 08:01:53.875205] --- Ciclo #68 ---
[2026-08-31 08:01:59.460463] Escáner: OK
[2026-08-31 08:16:59.489274] --- Ciclo #69 ---
[2026-08-31 08:17:05.701977] Escáner: OK
[2026-08-31 08:32:05.703295] --- Ciclo #70 ---
[2026-08-31 08:32:11.833391] Escáner: OK
[2026-08-31 08:47:11.867004] --- Ciclo #71 ---
[2026-08-31 08:47:18.178198] Escáner: OK
[2026-08-31 09:02:18.219613] --- Ciclo #72 ---
[2026-08-31 09:02:24.420274] Escáner: OK
[2026-08-31 09:17:24.450007] --- Ciclo #73 ---
[2026-08-31 09:17:30.785281] Escáner: OK
[2026-08-31 09:32:30.829361] --- Ciclo #74 ---
[2026-08-31 09:32:36.149639] Escáner: OK
[2026-08-31 09:47:36.201562] --- Ciclo #75 ---
[2026-08-31 09:47:41.416579] Escáner: OK
[2026-08-31 10:02:41.418488] --- Ciclo #76 ---
[2026-08-31 10:02:47.655729] Escáner: OK
[2026-08-31 10:17:47.657518] --- Ciclo #77 ---
[2026-08-31 10:17:53.265819] Escáner: OK
[2026-08-31 10:32:53.267079] --- Ciclo #78 ---
[2026-08-31 10:32:57.743940] Escáner: OK
[2026-08-31 10:47:57.787889] --- Ciclo #79 ---
[2026-08-31 10:48:27.888928] Escáner: ERROR
[2026-08-31 11:03:27.915148] --- Ciclo #80 ---
[2026-08-31 11:03:58.013138] Escáner: ERROR
[2026-08-31 11:18:58.020129] --- Ciclo #81 ---
[2026-08-31 11:19:28.215188] Escáner: ERROR
[2026-08-31 11:34:28.218334] --- Ciclo #82 ---
[2026-08-31 11:34:58.283591] Escáner: ERROR
[2026-08-31 11:49:58.285019] --- Ciclo #83 ---
[2026-08-31 11:50:28.322504] Escáner: ERROR
[2026-08-31 12:05:28.373059] --- Ciclo #84 ---
[2026-08-31 12:05:58.439018] Escáner: ERROR
[2026-08-31 12:20:58.440552] --- Ciclo #85 ---
[2026-08-31 12:21:28.491106] Escáner: ERROR
[2026-08-31 12:36:28.492655] --- Ciclo #86 ---
[2026-08-31 12:36:58.532416] Escáner: ERROR
[2026-08-31 12:51:58.536100] --- Ciclo #87 ---
[2026-08-31 12:52:28.572955] Escáner: ERROR
[2026-08-31 13:07:28.574250] --- Ciclo #88 ---
[2026-08-31 13:07:58.622771] Escáner: ERROR
[2026-08-31 13:22:58.625843] --- Ciclo #89 ---
[2026-08-31 13:23:28.676714] Escáner: ERROR
[2026-08-31 13:38:28.680224] --- Ciclo #90 ---
[2026-08-31 13:38:58.734693] Escáner: ERROR
[2026-08-31 13:53:58.736208] --- Ciclo #91 ---
[2026-08-31 13:54:28.773132] Escáner: ERROR
[2026-08-31 14:09:28.774742] --- Ciclo #92 ---
[2026-08-31 14:09:58.882276] Escáner: ERROR
[2026-08-31 14:24:58.883992] --- Ciclo #93 ---
[2026-08-31 14:25:28.922154] Escáner: ERROR
[2026-08-31 14:40:28.923703] --- Ciclo #94 ---
[2026-08-31 14:40:58.997410] Escáner: ERROR
[2026-08-31 14:55:59.010996] --- Ciclo #95 ---
[2026-08-31 14:56:29.089413] Escáner: ERROR
[2026-08-31 15:11:29.162865] --- Ciclo #96 ---
[2026-08-31 15:11:36.254029] Escáner: OK
[2026-08-31 15:26:36.331083] --- Ciclo #97 ---
[2026-08-31 15:26:43.437739] Escáner: OK
[2026-08-31 15:41:43.495830] --- Ciclo #98 ---
[2026-08-31 15:41:49.807675] Escáner: OK
[2026-08-31 15:56:49.981688] --- Ciclo #99 ---
[2026-08-31 15:57:01.095933] Escáner: OK
[2026-08-31 16:12:01.141150] --- Ciclo #100 ---
[2026-08-31 16:12:04.833859] Escáner: OK
[2026-08-31 16:27:04.838933] --- Ciclo #101 ---
[2026-08-31 16:27:08.606850] Escáner: OK
[2026-08-31 16:42:08.615223] --- Ciclo #102 ---
[2026-08-31 16:42:12.802542] Escáner: OK
[2026-08-31 16:57:12.803628] --- Ciclo #103 ---
[2026-08-31 16:57:17.799597] Escáner: OK
[2026-08-31 17:12:17.800633] --- Ciclo #104 ---
[2026-08-31 17:12:22.530857] Escáner: OK
[2026-08-31 17:27:22.543738] --- Ciclo #105 ---
[2026-08-31 17:27:27.048125] Escáner: OK
[2026-08-31 17:42:27.134791] --- Ciclo #106 ---
[2026-08-31 17:42:33.493372] Escáner: OK
[2026-08-31 17:57:33.567592] --- Ciclo #107 ---
[2026-08-31 17:57:37.389209] Escáner: OK
[2026-08-31 18:12:37.446653] --- Ciclo #108 ---
[2026-08-31 18:12:44.627545] Escáner: OK
[2026-08-31 18:27:44.632853] --- Ciclo #109 ---
[2026-08-31 18:27:49.872379] Escáner: OK
[2026-08-31 18:42:49.873570] --- Ciclo #110 ---
[2026-08-31 18:42:55.628265] Escáner: OK
[2026-08-31 18:57:55.700147] --- Ciclo #111 ---
[2026-08-31 18:58:01.988585] Escáner: OK
[2026-08-31 19:13:02.060409] --- Ciclo #112 ---
[2026-08-31 19:13:09.386731] Escáner: OK
[2026-08-31 19:28:09.388213] --- Ciclo #113 ---
[2026-08-31 19:28:13.163884] Escáner: OK
[2026-08-31 19:43:13.165666] --- Ciclo #114 ---
[2026-08-31 19:43:18.773534] Escáner: OK
[2026-08-31 19:58:18.826221] --- Ciclo #115 ---
[2026-08-31 19:58:24.622135] Escáner: OK
[2026-08-31 20:13:24.674534] --- Ciclo #116 ---
[2026-08-31 20:13:32.021737] Escáner: OK
[2026-08-31 20:28:32.032192] --- Ciclo #117 ---
[2026-08-31 20:28:39.753809] Escáner: OK
[2026-08-31 20:43:39.755585] --- Ciclo #118 ---
[2026-08-31 20:44:09.812400] Escáner: ERROR
[2026-08-31 20:59:09.818096] --- Ciclo #119 ---
[2026-08-31 20:59:14.531864] Escáner: OK
[2026-08-31 21:14:14.568293] --- Ciclo #120 ---
[2026-08-31 21:14:21.221987] Escáner: OK
[2026-08-31 21:29:21.257768] --- Ciclo #121 ---
[2026-08-31 21:29:27.613859] Escáner: OK
[2026-08-31 21:44:27.615418] --- Ciclo #122 ---
[2026-08-31 21:44:34.005754] Escáner: OK
[2026-08-31 21:59:34.006920] --- Ciclo #123 ---
[2026-08-31 21:59:40.400846] Escáner: OK
[2026-08-31 22:14:40.401841] --- Ciclo #124 ---
[2026-08-31 22:14:44.272186] Escáner: OK
[2026-08-31 22:29:44.273376] --- Ciclo #125 ---
[2026-08-31 22:29:50.954534] Escáner: OK
[2026-08-31 22:44:50.955892] --- Ciclo #126 ---
[2026-08-31 22:44:53.470073] Escáner: OK
[2026-08-31 22:59:53.471091] --- Ciclo #127 ---
[2026-08-31 22:59:56.709080] Escáner: OK
[2026-08-31 23:14:56.710373] --- Ciclo #128 ---
[2026-08-31 23:14:59.984862] Escáner: OK
[2026-08-31 23:29:59.985850] --- Ciclo #129 ---
[2026-08-31 23:30:03.683131] Escáner: OK
[2026-08-31 23:45:03.684587] --- Ciclo #130 ---
[2026-08-31 23:45:06.843350] Escáner: OK
[2026-09-01 00:00:06.844920] --- Ciclo #131 ---
[2026-09-01 00:00:10.666059] Escáner: OK
[2026-09-01 00:15:10.671192] --- Ciclo #132 ---
[2026-09-01 00:15:13.731515] Escáner: OK
[2026-09-01 00:30:13.737259] --- Ciclo #133 ---
[2026-09-01 00:30:17.747923] Escáner: OK
[2026-09-01 00:45:17.750900] --- Ciclo #134 ---
[2026-09-01 00:45:21.769102] Escáner: OK
[2026-09-01 01:00:21.774812] --- Ciclo #135 ---
[2026-09-01 01:00:27.976607] Escáner: OK
[2026-09-01 01:15:27.986293] --- Ciclo #136 ---
[2026-09-01 01:15:34.093316] Escáner: OK
[2026-09-01 01:30:34.675547] --- Ciclo #137 ---
[2026-09-01 01:30:39.137627] Escáner: OK
[2026-09-01 01:45:39.138956] --- Ciclo #138 ---
[2026-09-01 01:45:43.429031] Escáner: OK
[2026-09-01 02:00:43.455535] --- Ciclo #139 ---
[2026-09-01 02:00:47.511680] Escáner: OK
[2026-09-01 02:15:47.573319] --- Ciclo #140 ---
[2026-09-01 02:15:52.337838] Escáner: OK
[2026-09-01 02:30:52.338886] --- Ciclo #141 ---
[2026-09-01 02:30:55.559940] Escáner: OK
[2026-09-01 02:45:55.562125] --- Ciclo #142 ---
[2026-09-01 02:45:58.714345] Escáner: OK
[2026-09-01 03:00:58.760465] --- Ciclo #143 ---
[2026-09-01 03:01:02.396474] Escáner: OK
[2026-09-01 03:16:02.464543] --- Ciclo #144 ---
[2026-09-01 03:16:05.717748] Escáner: OK
[2026-09-01 03:31:05.719029] --- Ciclo #145 ---
[2026-09-01 03:31:08.941999] Escáner: OK
[2026-09-01 03:46:08.943241] --- Ciclo #146 ---
[2026-09-01 03:46:11.956385] Escáner: OK
[2026-09-01 04:01:11.957603] --- Ciclo #147 ---
[2026-09-01 04:01:15.047411] Escáner: OK
[2026-09-01 04:16:15.098815] --- Ciclo #148 ---
[2026-09-01 04:16:18.216782] Escáner: OK
[2026-09-01 04:31:18.228414] --- Ciclo #149 ---
[2026-09-01 04:31:21.392647] Escáner: OK
[2026-09-01 04:46:21.393673] --- Ciclo #150 ---
[2026-09-01 04:46:24.305782] Escáner: OK
[2026-09-01 05:01:24.307189] --- Ciclo #151 ---
[2026-09-01 05:01:27.141701] Escáner: OK
[2026-09-01 05:16:27.143913] --- Ciclo #152 ---
[2026-09-01 05:16:30.139296] Escáner: OK
[2026-09-01 05:31:30.140962] --- Ciclo #153 ---
[2026-09-01 05:31:33.994395] Escáner: OK
[2026-09-01 05:46:33.995730] --- Ciclo #154 ---
[2026-09-01 05:46:37.637556] Escáner: OK
[2026-09-01 06:01:37.691452] --- Ciclo #155 ---
[2026-09-01 06:01:41.014977] Escáner: OK
[2026-09-01 06:16:41.060741] --- Ciclo #156 ---
[2026-09-01 06:16:44.223211] Escáner: OK
[2026-09-01 06:31:44.291139] --- Ciclo #157 ---
[2026-09-01 06:31:47.380285] Escáner: OK
[2026-09-01 06:46:47.428386] --- Ciclo #158 ---
[2026-09-01 06:46:50.821143] Escáner: OK
[2026-09-01 07:01:50.823601] --- Ciclo #159 ---
[2026-09-01 07:01:53.977046] Escáner: OK
[2026-09-01 07:16:53.978474] --- Ciclo #160 ---
[2026-09-01 07:16:59.240775] Escáner: OK
[2026-09-01 07:31:59.241748] --- Ciclo #161 ---
[2026-09-01 07:32:02.092117] Escáner: OK
[2026-09-01 07:47:02.093545] --- Ciclo #162 ---
[2026-09-01 07:47:05.501999] Escáner: OK
[2026-09-01 08:02:05.573328] --- Ciclo #163 ---
[2026-09-01 08:02:08.760657] Escáner: OK
[2026-09-01 08:17:08.807278] --- Ciclo #164 ---
[2026-09-01 08:17:11.931397] Escáner: OK
[2026-09-01 08:32:11.932594] --- Ciclo #165 ---
[2026-09-01 08:32:15.111744] Escáner: OK
[2026-09-01 08:47:15.113900] --- Ciclo #166 ---
[2026-09-01 08:47:18.113911] Escáner: OK
[2026-09-01 09:02:18.119311] --- Ciclo #167 ---
[2026-09-01 09:02:21.099079] Escáner: OK
[2026-09-01 09:17:21.114784] --- Ciclo #168 ---
[2026-09-01 09:17:25.399491] Escáner: OK
[2026-09-01 09:32:25.422874] --- Ciclo #169 ---
[2026-09-01 09:32:29.016950] Escáner: OK
[2026-09-01 09:47:29.018114] --- Ciclo #170 ---
[2026-09-01 09:47:32.306139] Escáner: OK
[2026-09-01 10:02:32.346089] --- Ciclo #171 ---
[2026-09-01 10:02:35.505269] Escáner: OK
[2026-09-01 10:17:35.506959] --- Ciclo #172 ---
[2026-09-01 10:17:38.644668] Escáner: OK
[2026-09-01 10:32:38.645770] --- Ciclo #173 ---
[2026-09-01 10:32:42.863633] Escáner: OK
[2026-09-01 10:47:42.864738] --- Ciclo #174 ---
[2026-09-01 10:47:45.185193] Escáner: OK
[2026-09-01 11:02:45.245595] --- Ciclo #175 ---
[2026-09-01 11:02:48.791866] Escáner: OK
[2026-09-01 11:17:48.852267] --- Ciclo #176 ---
[2026-09-01 11:17:54.735096] Escáner: OK
[2026-09-01 11:32:54.797260] --- Ciclo #177 ---
[2026-09-01 11:32:58.703346] Escáner: OK
[2026-09-01 11:47:58.759305] --- Ciclo #178 ---
[2026-09-01 11:48:02.943417] Escáner: OK
[2026-09-01 12:03:02.948825] --- Ciclo #179 ---
[2026-09-01 12:03:06.767309] Escáner: OK
[2026-09-01 12:18:06.768821] --- Ciclo #180 ---
[2026-09-01 12:18:10.125444] Escáner: OK
[2026-09-01 12:33:10.126780] --- Ciclo #181 ---
[2026-09-01 12:33:13.343356] Escáner: OK
[2026-09-01 12:48:14.517253] --- Ciclo #182 ---
[2026-09-01 12:48:18.486870] Escáner: OK
[2026-09-01 13:03:18.495381] --- Ciclo #183 ---
[2026-09-01 13:03:21.993845] Escáner: OK
[2026-09-01 13:18:22.047149] --- Ciclo #184 ---
[2026-09-01 13:18:31.313285] Escáner: OK
[2026-09-01 13:33:31.361936] --- Ciclo #185 ---
[2026-09-01 13:33:43.109584] Escáner: OK
[2026-09-01 13:48:43.132430] --- Ciclo #186 ---
[2026-09-01 13:48:52.075773] Escáner: OK
