nohup: ignoring input
[Sat Aug 29 20:41:49 -05 2026] Ejecutando módulos...
🔧 Escaneando scripts críticos...
⚠️ miu_control.py: ERROR_SINTAXIS
✅ miu_shell.py: OK
⚠️ miu_initiative.py: ERROR_SINTAXIS
✅ miu_scanner.py: OK
✅ Autoreparación completada
{'reparados': ['Creado desde plantilla: miu_control.py', 'No se pudo reparar: miu_initiative.py']}
[Sat Aug 29 20:41:58 -05 2026] Módulos ejecutados. Esperando 2 horas...
[Sat Aug 29 22:41:58 -05 2026] Ejecutando módulos...
🔧 Escaneando scripts críticos...
✅ miu_control.py: OK
✅ miu_shell.py: OK
✅ miu_initiative.py: OK
✅ miu_scanner.py: OK
✅ Autoreparación completada
{'reparados': []}
[Sat Aug 29 22:42:05 -05 2026] Módulos ejecutados. Esperando 2 horas...
[Sun Aug 30 00:42:05 -05 2026] Ejecutando módulos...
🔧 Escaneando scripts críticos...
✅ miu_control.py: OK
✅ miu_shell.py: OK
✅ miu_initiative.py: OK
✅ miu_scanner.py: OK
✅ Autoreparación completada
{'reparados': []}
[Sun Aug 30 00:42:12 -05 2026] Módulos ejecutados. Esperando 2 horas...
[Sun Aug 30 02:42:12 -05 2026] Ejecutando módulos...
🔧 Escaneando scripts críticos...
✅ miu_control.py: OK
✅ miu_shell.py: OK
✅ miu_initiative.py: OK
✅ miu_scanner.py: OK
✅ Autoreparación completada
{'reparados': []}
[Sun Aug 30 02:42:19 -05 2026] Módulos ejecutados. Esperando 2 horas...
[Sun Aug 30 04:42:19 -05 2026] Ejecutando módulos...
🔧 Escaneando scripts críticos...
✅ miu_control.py: OK
✅ miu_shell.py: OK
✅ miu_initiative.py: OK
✅ miu_scanner.py: OK
✅ Autoreparación completada
{'reparados': []}
[Sun Aug 30 04:42:27 -05 2026] Módulos ejecutados. Esperando 2 horas...
