[2026-08-29 21:19:00.103793] 🔬 ACTIVANDO TECNOLOGÍAS RARAS (V∞+22)
[2026-08-29 21:19:00.104676] 📦 Compresión de Estado: Comprimiendo memoria...
[2026-08-29 21:19:00.108979] 📊 Base de datos comprimida: 32768 → 1424 bytes (ratio: 0.04)
[2026-08-29 21:19:00.109808] 🧠 Inferencia Móvil: Buscando modelos TFLite...
[2026-08-29 21:19:00.143954] 📱 Modelo dummy creado (simulación)
[2026-08-29 21:19:00.144826] 💾 Persistencia Local: Creando backup...
[2026-08-29 21:19:00.213508] ✅ Backup creado: miu_brain_20260829_211900.db (32768 bytes)
[2026-08-29 21:19:00.214331] 🌐 Edge Computing: Ejecutando en el borde...
[2026-08-29 21:19:00.217026] 📡 Workflow edge dummy creado
[2026-08-29 21:19:00.217699] 🔍 Búsqueda Vectorial: Indexando memoria...
[2026-08-29 21:19:00.220808] 🔋 Optimización de Batería: Agrupando tareas...
[2026-08-29 21:19:00.222328] 📋 6 tareas agrupadas en el loop
[2026-08-29 21:19:00.222903] 💡 Sugerencia: Agrupar tareas relacionadas en un solo script para ahorrar batería
[2026-08-29 21:19:00.223434] 🖼️ Compresión de Imágenes: Buscando imágenes...
[2026-08-29 21:19:00.260689] 📷 Encontradas 1 imágenes
[2026-08-29 21:19:00.261808] 📊 Tamaño total de imágenes: 270.5 KB
[2026-08-29 21:19:00.262547] ⚡ Compilación JIT: Optimizando scripts...
[2026-08-29 21:19:00.921457] ⚡ 1 scripts compilados a bytecode
[2026-08-29 21:19:00.922087] ✅ Tecnologías raras activas: compresion_estado, inferencia_movil, persistencia_local, edge_computing, optimizacion_bateria, compresion_imagenes, compilacion_jit
[2026-08-29 21:20:48.696302] 🔬 ACTIVANDO TECNOLOGÍAS RARAS (V∞+22)
[2026-08-29 21:20:48.697036] 📦 Compresión de Estado: Comprimiendo memoria...
[2026-08-29 21:20:48.703465] 📊 Base de datos comprimida: 36864 → 1486 bytes (ratio: 0.04)
[2026-08-29 21:20:48.704117] 🧠 Inferencia Móvil: Buscando modelos TFLite...
[2026-08-29 21:20:48.712511] 📱 Modelo TFLite encontrado: dummy.tflite (18 bytes)
[2026-08-29 21:20:48.713163] 💾 Persistencia Local: Creando backup...
[2026-08-29 21:20:48.764141] ✅ Backup creado: miu_brain_20260829_212048.db (36864 bytes)
[2026-08-29 21:20:48.764794] 🌐 Edge Computing: Ejecutando en el borde...
[2026-08-29 21:20:48.767103] 📡 Workflows de edge encontrados: 1
[2026-08-29 21:20:48.768254] 🔍 Búsqueda Vectorial: Indexando memoria...
[2026-08-29 21:20:48.772748] 🔋 Optimización de Batería: Agrupando tareas...
[2026-08-29 21:20:48.774004] 📋 5 tareas agrupadas en el loop
[2026-08-29 21:20:48.774415] 💡 Sugerencia: Agrupar tareas relacionadas en un solo script para ahorrar batería
[2026-08-29 21:20:48.774787] 🖼️ Compresión de Imágenes: Buscando imágenes...
[2026-08-29 21:20:48.814288] 📷 Encontradas 1 imágenes
[2026-08-29 21:20:48.814957] 📊 Tamaño total de imágenes: 270.5 KB
[2026-08-29 21:20:48.815394] ⚡ Compilación JIT: Optimizando scripts...
[2026-08-29 21:20:49.499503] ⚡ 1 scripts compilados a bytecode
[2026-08-29 21:20:49.500298] ✅ Tecnologías raras activas: compresion_estado, inferencia_movil, persistencia_local, edge_computing, optimizacion_bateria, compresion_imagenes, compilacion_jit
[2026-08-29 21:24:25.332691] 🔬 ACTIVANDO TECNOLOGÍAS RARAS (V∞+22)
[2026-08-29 21:24:25.333380] 📦 Compresión de Estado: Comprimiendo memoria...
[2026-08-29 21:24:25.340766] 📊 Base de datos comprimida: 36864 → 1486 bytes (ratio: 0.04)
[2026-08-29 21:24:25.341665] 🧠 Inferencia Móvil: Buscando modelos TFLite...
[2026-08-29 21:24:25.351955] 📱 Modelo TFLite encontrado: dummy.tflite (18 bytes)
[2026-08-29 21:24:25.354172] 💾 Persistencia Local: Creando backup...
[2026-08-29 21:24:25.413775] ✅ Backup creado: miu_brain_20260829_212425.db (36864 bytes)
[2026-08-29 21:24:25.414614] 🌐 Edge Computing: Ejecutando en el borde...
[2026-08-29 21:24:25.417651] 📡 Workflows de edge encontrados: 1
[2026-08-29 21:24:25.418869] 🔍 Búsqueda Vectorial: Indexando memoria...
[2026-08-29 21:24:25.422429] 🔋 Optimización de Batería: Agrupando tareas...
[2026-08-29 21:24:25.424207] 📋 5 tareas agrupadas en el loop
[2026-08-29 21:24:25.424960] 💡 Sugerencia: Agrupar tareas relacionadas en un solo script para ahorrar batería
[2026-08-29 21:24:25.425708] 🖼️ Compresión de Imágenes: Buscando imágenes...
[2026-08-29 21:24:25.478554] 📷 Encontradas 1 imágenes
[2026-08-29 21:24:25.479380] 📊 Tamaño total de imágenes: 270.5 KB
[2026-08-29 21:24:25.480092] ⚡ Compilación JIT: Optimizando scripts...
[2026-08-29 21:24:26.186922] ⚡ 1 scripts compilados a bytecode
[2026-08-29 21:24:26.187529] ✅ Tecnologías raras activas: compresion_estado, inferencia_movil, persistencia_local, edge_computing, optimizacion_bateria, compresion_imagenes, compilacion_jit
[2026-08-29 23:18:58.899427] 🔬 ACTIVANDO TECNOLOGÍAS RARAS (V∞+22)
[2026-08-29 23:18:58.903581] 📦 Compresión de Estado: Comprimiendo memoria...
[2026-08-29 23:18:58.907995] 📊 Base de datos comprimida: 36864 → 1486 bytes (ratio: 0.04)
[2026-08-29 23:18:58.908669] 🧠 Inferencia Móvil: Buscando modelos TFLite...
[2026-08-29 23:18:58.918907] 📱 Modelo TFLite encontrado: dummy.tflite (18 bytes)
[2026-08-29 23:18:58.919419] 💾 Persistencia Local: Creando backup...
[2026-08-29 23:18:58.962045] ✅ Backup creado: miu_brain_20260829_231858.db (36864 bytes)
[2026-08-29 23:18:58.962672] 🌐 Edge Computing: Ejecutando en el borde...
[2026-08-29 23:18:58.964474] 📡 Workflows de edge encontrados: 1
[2026-08-29 23:18:58.964955] 🔍 Búsqueda Vectorial: Indexando memoria...
[2026-08-29 23:18:58.967029] 🔋 Optimización de Batería: Agrupando tareas...
[2026-08-29 23:18:58.967990] 📋 5 tareas agrupadas en el loop
[2026-08-29 23:18:58.968273] 💡 Sugerencia: Agrupar tareas relacionadas en un solo script para ahorrar batería
[2026-08-29 23:18:58.968537] 🖼️ Compresión de Imágenes: Buscando imágenes...
[2026-08-29 23:18:59.003363] 📷 Encontradas 1 imágenes
[2026-08-29 23:18:59.004032] 📊 Tamaño total de imágenes: 270.5 KB
[2026-08-29 23:18:59.004338] ⚡ Compilación JIT: Optimizando scripts...
[2026-08-29 23:18:59.557094] ⚡ 1 scripts compilados a bytecode
[2026-08-29 23:18:59.557600] ✅ Tecnologías raras activas: compresion_estado, inferencia_movil, persistencia_local, edge_computing, optimizacion_bateria, compresion_imagenes, compilacion_jit
[2026-08-30 04:52:24.723078] 🔬 ACTIVANDO TECNOLOGÍAS RARAS (V∞+22)
[2026-08-30 04:52:24.727648] 📦 Compresión de Estado: Comprimiendo memoria...
[2026-08-30 04:52:24.732017] 📊 Base de datos comprimida: 36864 → 2004 bytes (ratio: 0.05)
[2026-08-30 04:52:24.732475] 🧠 Inferencia Móvil: Buscando modelos TFLite...
[2026-08-30 04:52:24.741545] 📱 Modelo TFLite encontrado: dummy.tflite (18 bytes)
[2026-08-30 04:52:24.742069] 💾 Persistencia Local: Creando backup...
[2026-08-30 04:52:24.783202] ✅ Backup creado: miu_brain_20260830_045224.db (36864 bytes)
[2026-08-30 04:52:24.783709] 🌐 Edge Computing: Ejecutando en el borde...
[2026-08-30 04:52:24.785363] 📡 Workflows de edge encontrados: 1
[2026-08-30 04:52:24.785892] 🔍 Búsqueda Vectorial: Indexando memoria...
[2026-08-30 04:52:24.788126] 🔋 Optimización de Batería: Agrupando tareas...
[2026-08-30 04:52:24.789180] 📋 5 tareas agrupadas en el loop
[2026-08-30 04:52:24.789492] 💡 Sugerencia: Agrupar tareas relacionadas en un solo script para ahorrar batería
[2026-08-30 04:52:24.789794] 🖼️ Compresión de Imágenes: Buscando imágenes...
[2026-08-30 04:52:24.827147] 📷 Encontradas 1 imágenes
[2026-08-30 04:52:24.828000] 📊 Tamaño total de imágenes: 270.5 KB
[2026-08-30 04:52:24.828660] ⚡ Compilación JIT: Optimizando scripts...
[2026-08-30 04:52:25.438455] ⚡ 1 scripts compilados a bytecode
[2026-08-30 04:52:25.439159] ✅ Tecnologías raras activas: compresion_estado, inferencia_movil, persistencia_local, edge_computing, optimizacion_bateria, compresion_imagenes, compilacion_jit
[2026-08-30 05:32:39.074749] 🔬 ACTIVANDO TECNOLOGÍAS RARAS (V∞+22)
[2026-08-30 05:32:39.079868] 📦 Compresión de Estado: Comprimiendo memoria...
[2026-08-30 05:32:39.083886] 📊 Base de datos comprimida: 36864 → 2080 bytes (ratio: 0.06)
[2026-08-30 05:32:39.084328] 🧠 Inferencia Móvil: Buscando modelos TFLite...
[2026-08-30 05:32:39.114748] 📱 Modelo TFLite encontrado: dummy.tflite (18 bytes)
[2026-08-30 05:32:39.115267] 💾 Persistencia Local: Creando backup...
[2026-08-30 05:32:39.155724] ✅ Backup creado: miu_brain_20260830_053239.db (36864 bytes)
[2026-08-30 05:32:39.156192] 🌐 Edge Computing: Ejecutando en el borde...
[2026-08-30 05:32:39.157696] 📡 Workflows de edge encontrados: 1
[2026-08-30 05:32:39.158132] 🔍 Búsqueda Vectorial: Indexando memoria...
[2026-08-30 05:32:39.160333] 🔋 Optimización de Batería: Agrupando tareas...
[2026-08-30 05:32:39.161363] 📋 6 tareas agrupadas en el loop
[2026-08-30 05:32:39.161643] 💡 Sugerencia: Agrupar tareas relacionadas en un solo script para ahorrar batería
[2026-08-30 05:32:39.161904] 🖼️ Compresión de Imágenes: Buscando imágenes...
[2026-08-30 05:32:39.311065] 📷 Encontradas 1 imágenes
[2026-08-30 05:32:39.311613] 📊 Tamaño total de imágenes: 270.5 KB
[2026-08-30 05:32:39.311890] ⚡ Compilación JIT: Optimizando scripts...
[2026-08-30 05:32:39.314467] ⚡ 0 scripts compilados a bytecode
[2026-08-30 05:32:39.315111] ✅ Tecnologías raras activas: compresion_estado, inferencia_movil, persistencia_local, edge_computing, optimizacion_bateria, compresion_imagenes, compilacion_jit
[2026-08-30 05:58:35.540874] 🔬 ACTIVANDO TECNOLOGÍAS RARAS (V∞+22)
[2026-08-30 05:58:35.541586] 📦 Compresión de Estado: Comprimiendo memoria...
[2026-08-30 05:58:35.551671] 📊 Base de datos comprimida: 36864 → 2080 bytes (ratio: 0.06)
[2026-08-30 05:58:35.552349] 🧠 Inferencia Móvil: Buscando modelos TFLite...
[2026-08-30 05:58:35.586756] 📱 Modelo TFLite encontrado: dummy.tflite (18 bytes)
[2026-08-30 05:58:35.587590] 💾 Persistencia Local: Creando backup...
[2026-08-30 05:58:35.641202] ✅ Backup creado: miu_brain_20260830_055835.db (36864 bytes)
[2026-08-30 05:58:35.641913] 🌐 Edge Computing: Ejecutando en el borde...
[2026-08-30 05:58:35.644135] 📡 Workflows de edge encontrados: 1
[2026-08-30 05:58:35.644782] 🔍 Búsqueda Vectorial: Indexando memoria...
[2026-08-30 05:58:35.647641] 🔋 Optimización de Batería: Agrupando tareas...
[2026-08-30 05:58:35.648878] 📋 6 tareas agrupadas en el loop
[2026-08-30 05:58:35.649404] 💡 Sugerencia: Agrupar tareas relacionadas en un solo script para ahorrar batería
[2026-08-30 05:58:35.649976] 🖼️ Compresión de Imágenes: Buscando imágenes...
[2026-08-30 05:58:35.814212] 📷 Encontradas 1 imágenes
[2026-08-30 05:58:35.814969] 📊 Tamaño total de imágenes: 270.5 KB
[2026-08-30 05:58:35.815554] ⚡ Compilación JIT: Optimizando scripts...
[2026-08-30 05:58:35.818886] ⚡ 0 scripts compilados a bytecode
[2026-08-30 05:58:35.819584] ✅ Tecnologías raras activas: compresion_estado, inferencia_movil, persistencia_local, edge_computing, optimizacion_bateria, compresion_imagenes, compilacion_jit
[2026-08-30 05:59:35.494910] 🔬 ACTIVANDO TECNOLOGÍAS RARAS (V∞+22)
[2026-08-30 05:59:35.495369] 📦 Compresión de Estado: Comprimiendo memoria...
[2026-08-30 05:59:35.499228] 📊 Base de datos comprimida: 36864 → 2080 bytes (ratio: 0.06)
[2026-08-30 05:59:35.499635] 🧠 Inferencia Móvil: Buscando modelos TFLite...
[2026-08-30 05:59:35.529615] 📱 Modelo TFLite encontrado: dummy.tflite (18 bytes)
[2026-08-30 05:59:35.530250] 💾 Persistencia Local: Creando backup...
[2026-08-30 05:59:35.571120] ✅ Backup creado: miu_brain_20260830_055935.db (36864 bytes)
[2026-08-30 05:59:35.571814] 🌐 Edge Computing: Ejecutando en el borde...
[2026-08-30 05:59:35.573594] 📡 Workflows de edge encontrados: 1
[2026-08-30 05:59:35.574055] 🔍 Búsqueda Vectorial: Indexando memoria...
[2026-08-30 05:59:35.576050] 🔋 Optimización de Batería: Agrupando tareas...
[2026-08-30 05:59:35.576997] 📋 6 tareas agrupadas en el loop
[2026-08-30 05:59:35.577267] 💡 Sugerencia: Agrupar tareas relacionadas en un solo script para ahorrar batería
[2026-08-30 05:59:35.577515] 🖼️ Compresión de Imágenes: Buscando imágenes...
[2026-08-30 05:59:35.722428] 📷 Encontradas 1 imágenes
[2026-08-30 05:59:35.722971] 📊 Tamaño total de imágenes: 270.5 KB
[2026-08-30 05:59:35.723236] ⚡ Compilación JIT: Optimizando scripts...
[2026-08-30 05:59:35.726299] ⚡ 0 scripts compilados a bytecode
[2026-08-30 05:59:35.726799] ✅ Tecnologías raras activas: compresion_estado, inferencia_movil, persistencia_local, edge_computing, optimizacion_bateria, compresion_imagenes, compilacion_jit
[2026-08-30 06:30:32.241408] 🔬 ACTIVANDO TECNOLOGÍAS RARAS (V∞+22)
[2026-08-30 06:30:32.254477] 📦 Compresión de Estado: Comprimiendo memoria...
[2026-08-30 06:30:32.281405] 📊 Base de datos comprimida: 57344 → 6117 bytes (ratio: 0.11)
[2026-08-30 06:30:32.282137] 🧠 Inferencia Móvil: Buscando modelos TFLite...
[2026-08-30 06:30:33.036383] 📱 Modelo TFLite encontrado: dummy.tflite (18 bytes)
[2026-08-30 06:30:33.037536] 💾 Persistencia Local: Creando backup...
[2026-08-30 06:30:33.447925] ✅ Backup creado: miu_brain_20260830_063033.db (57344 bytes)
[2026-08-30 06:30:33.448613] 🌐 Edge Computing: Ejecutando en el borde...
[2026-08-30 06:30:33.451608] 📡 Workflows de edge encontrados: 1
[2026-08-30 06:30:33.452844] 🔍 Búsqueda Vectorial: Indexando memoria...
[2026-08-30 06:30:33.464530] 🔋 Optimización de Batería: Agrupando tareas...
[2026-08-30 06:30:33.470782] 📋 6 tareas agrupadas en el loop
[2026-08-30 06:30:33.471682] 💡 Sugerencia: Agrupar tareas relacionadas en un solo script para ahorrar batería
[2026-08-30 06:30:33.472578] 🖼️ Compresión de Imágenes: Buscando imágenes...
[2026-08-30 06:30:33.662930] 📷 Encontradas 1 imágenes
[2026-08-30 06:30:33.736193] 📊 Tamaño total de imágenes: 270.4 KB
[2026-08-30 06:30:33.737296] ⚡ Compilación JIT: Optimizando scripts...
[2026-08-30 06:30:33.743558] ⚡ 0 scripts compilados a bytecode
[2026-08-30 06:30:33.744883] ✅ Tecnologías raras activas: compresion_estado, inferencia_movil, persistencia_local, edge_computing, optimizacion_bateria, compresion_imagenes, compilacion_jit
[2026-08-30 06:35:42.719234] 🔬 ACTIVANDO TECNOLOGÍAS RARAS (V∞+22)
[2026-08-30 06:35:42.723487] 📦 Compresión de Estado: Comprimiendo memoria...
[2026-08-30 06:35:42.732014] 📊 Base de datos comprimida: 69632 → 6580 bytes (ratio: 0.09)
[2026-08-30 06:35:42.732743] 🧠 Inferencia Móvil: Buscando modelos TFLite...
[2026-08-30 06:35:42.764524] 📱 Modelo TFLite encontrado: dummy.tflite (18 bytes)
[2026-08-30 06:35:42.765470] 💾 Persistencia Local: Creando backup...
[2026-08-30 06:35:42.810286] ✅ Backup creado: miu_brain_20260830_063542.db (69632 bytes)
[2026-08-30 06:35:42.810871] 🌐 Edge Computing: Ejecutando en el borde...
[2026-08-30 06:35:42.812698] 📡 Workflows de edge encontrados: 1
[2026-08-30 06:35:42.813321] 🔍 Búsqueda Vectorial: Indexando memoria...
[2026-08-30 06:35:42.816004] 🔋 Optimización de Batería: Agrupando tareas...
[2026-08-30 06:35:42.817741] 📋 6 tareas agrupadas en el loop
[2026-08-30 06:35:42.818236] 💡 Sugerencia: Agrupar tareas relacionadas en un solo script para ahorrar batería
[2026-08-30 06:35:42.818587] 🖼️ Compresión de Imágenes: Buscando imágenes...
[2026-08-30 06:35:42.978874] 📷 Encontradas 1 imágenes
[2026-08-30 06:35:42.979534] 📊 Tamaño total de imágenes: 270.4 KB
[2026-08-30 06:35:42.980215] ⚡ Compilación JIT: Optimizando scripts...
[2026-08-30 06:35:42.983589] ⚡ 0 scripts compilados a bytecode
[2026-08-30 06:35:42.984305] ✅ Tecnologías raras activas: compresion_estado, inferencia_movil, persistencia_local, edge_computing, optimizacion_bateria, compresion_imagenes, compilacion_jit
[2026-08-30 06:36:04.932554] 🔬 ACTIVANDO TECNOLOGÍAS RARAS (V∞+22)
[2026-08-30 06:36:04.933472] 📦 Compresión de Estado: Comprimiendo memoria...
[2026-08-30 06:36:04.943179] 📊 Base de datos comprimida: 69632 → 6580 bytes (ratio: 0.09)
[2026-08-30 06:36:04.944237] 🧠 Inferencia Móvil: Buscando modelos TFLite...
[2026-08-30 06:36:04.982016] 📱 Modelo TFLite encontrado: dummy.tflite (18 bytes)
[2026-08-30 06:36:04.983454] 💾 Persistencia Local: Creando backup...
[2026-08-30 06:36:05.054435] ✅ Backup creado: miu_brain_20260830_063604.db (69632 bytes)
[2026-08-30 06:36:05.055276] 🌐 Edge Computing: Ejecutando en el borde...
[2026-08-30 06:36:05.057996] 📡 Workflows de edge encontrados: 1
[2026-08-30 06:36:05.058908] 🔍 Búsqueda Vectorial: Indexando memoria...
[2026-08-30 06:36:05.062499] 🔋 Optimización de Batería: Agrupando tareas...
[2026-08-30 06:36:05.064297] 📋 6 tareas agrupadas en el loop
[2026-08-30 06:36:05.064965] 💡 Sugerencia: Agrupar tareas relacionadas en un solo script para ahorrar batería
[2026-08-30 06:36:05.065804] 🖼️ Compresión de Imágenes: Buscando imágenes...
[2026-08-30 06:36:05.244894] 📷 Encontradas 1 imágenes
[2026-08-30 06:36:05.245565] 📊 Tamaño total de imágenes: 270.4 KB
[2026-08-30 06:36:05.246030] ⚡ Compilación JIT: Optimizando scripts...
[2026-08-30 06:36:05.249186] ⚡ 0 scripts compilados a bytecode
[2026-08-30 06:36:05.249872] ✅ Tecnologías raras activas: compresion_estado, inferencia_movil, persistencia_local, edge_computing, optimizacion_bateria, compresion_imagenes, compilacion_jit
[2026-08-30 06:37:11.431912] 🔬 ACTIVANDO TECNOLOGÍAS RARAS (V∞+22)
[2026-08-30 06:37:11.433075] 📦 Compresión de Estado: Comprimiendo memoria...
[2026-08-30 06:37:11.442221] 📊 Base de datos comprimida: 86016 → 7479 bytes (ratio: 0.09)
[2026-08-30 06:37:11.442668] 🧠 Inferencia Móvil: Buscando modelos TFLite...
[2026-08-30 06:37:11.474849] 📱 Modelo TFLite encontrado: dummy.tflite (18 bytes)
[2026-08-30 06:37:11.475399] 💾 Persistencia Local: Creando backup...
[2026-08-30 06:37:11.523975] ✅ Backup creado: miu_brain_20260830_063711.db (86016 bytes)
[2026-08-30 06:37:11.524483] 🌐 Edge Computing: Ejecutando en el borde...
[2026-08-30 06:37:11.526257] 📡 Workflows de edge encontrados: 1
[2026-08-30 06:37:11.526821] 🔍 Búsqueda Vectorial: Indexando memoria...
[2026-08-30 06:37:11.529422] 🔋 Optimización de Batería: Agrupando tareas...
[2026-08-30 06:37:11.530618] 📋 6 tareas agrupadas en el loop
[2026-08-30 06:37:11.530954] 💡 Sugerencia: Agrupar tareas relacionadas en un solo script para ahorrar batería
[2026-08-30 06:37:11.531235] 🖼️ Compresión de Imágenes: Buscando imágenes...
[2026-08-30 06:37:11.705137] 📷 Encontradas 1 imágenes
[2026-08-30 06:37:11.705722] 📊 Tamaño total de imágenes: 270.4 KB
[2026-08-30 06:37:11.706022] ⚡ Compilación JIT: Optimizando scripts...
[2026-08-30 06:37:11.709420] ⚡ 0 scripts compilados a bytecode
[2026-08-30 06:37:11.710221] ✅ Tecnologías raras activas: compresion_estado, inferencia_movil, persistencia_local, edge_computing, optimizacion_bateria, compresion_imagenes, compilacion_jit
[2026-08-30 06:50:29.279810] 🔬 ACTIVANDO TECNOLOGÍAS RARAS (V∞+22)
[2026-08-30 06:50:29.280742] 📦 Compresión de Estado: Comprimiendo memoria...
[2026-08-30 06:50:29.294234] 📊 Base de datos comprimida: 98304 → 7870 bytes (ratio: 0.08)
[2026-08-30 06:50:29.295126] 🧠 Inferencia Móvil: Buscando modelos TFLite...
[2026-08-30 06:50:29.333000] 📱 Modelo TFLite encontrado: dummy.tflite (18 bytes)
[2026-08-30 06:50:29.333902] 💾 Persistencia Local: Creando backup...
[2026-08-30 06:50:29.389622] ✅ Backup creado: miu_brain_20260830_065029.db (98304 bytes)
[2026-08-30 06:50:29.390427] 🌐 Edge Computing: Ejecutando en el borde...
[2026-08-30 06:50:29.392820] 📡 Workflows de edge encontrados: 1
[2026-08-30 06:50:29.393685] 🔍 Búsqueda Vectorial: Indexando memoria...
[2026-08-30 06:50:29.397109] 🔋 Optimización de Batería: Agrupando tareas...
[2026-08-30 06:50:29.398395] 📋 6 tareas agrupadas en el loop
[2026-08-30 06:50:29.398853] 💡 Sugerencia: Agrupar tareas relacionadas en un solo script para ahorrar batería
[2026-08-30 06:50:29.399306] 🖼️ Compresión de Imágenes: Buscando imágenes...
[2026-08-30 06:50:29.582896] 📷 Encontradas 1 imágenes
[2026-08-30 06:50:29.583731] 📊 Tamaño total de imágenes: 270.4 KB
[2026-08-30 06:50:29.584470] ⚡ Compilación JIT: Optimizando scripts...
[2026-08-30 06:50:29.589745] ⚡ 0 scripts compilados a bytecode
[2026-08-30 06:50:29.590772] ✅ Tecnologías raras activas: compresion_estado, inferencia_movil, persistencia_local, edge_computing, optimizacion_bateria, compresion_imagenes, compilacion_jit
[2026-08-30 06:55:38.463070] 🔬 ACTIVANDO TECNOLOGÍAS RARAS (V∞+22)
[2026-08-30 06:55:38.463679] 📦 Compresión de Estado: Comprimiendo memoria...
[2026-08-30 06:55:38.477563] 📊 Base de datos comprimida: 106496 → 8208 bytes (ratio: 0.08)
[2026-08-30 06:55:38.478069] 🧠 Inferencia Móvil: Buscando modelos TFLite...
[2026-08-30 06:55:38.509767] 📱 Modelo TFLite encontrado: dummy.tflite (18 bytes)
[2026-08-30 06:55:38.510632] 💾 Persistencia Local: Creando backup...
[2026-08-30 06:55:38.555084] ✅ Backup creado: miu_brain_20260830_065538.db (106496 bytes)
[2026-08-30 06:55:38.555643] 🌐 Edge Computing: Ejecutando en el borde...
[2026-08-30 06:55:38.557576] 📡 Workflows de edge encontrados: 1
[2026-08-30 06:55:38.558243] 🔍 Búsqueda Vectorial: Indexando memoria...
[2026-08-30 06:55:38.560814] 🔋 Optimización de Batería: Agrupando tareas...
[2026-08-30 06:55:38.563089] 📋 6 tareas agrupadas en el loop
[2026-08-30 06:55:38.563533] 💡 Sugerencia: Agrupar tareas relacionadas en un solo script para ahorrar batería
[2026-08-30 06:55:38.563899] 🖼️ Compresión de Imágenes: Buscando imágenes...
[2026-08-30 06:55:38.721661] 📷 Encontradas 1 imágenes
[2026-08-30 06:55:38.722229] 📊 Tamaño total de imágenes: 270.4 KB
[2026-08-30 06:55:38.722537] ⚡ Compilación JIT: Optimizando scripts...
[2026-08-30 06:55:38.725379] ⚡ 0 scripts compilados a bytecode
[2026-08-30 06:55:38.725952] ✅ Tecnologías raras activas: compresion_estado, inferencia_movil, persistencia_local, edge_computing, optimizacion_bateria, compresion_imagenes, compilacion_jit
[2026-08-30 06:59:01.575760] 🔬 ACTIVANDO TECNOLOGÍAS RARAS (V∞+22)
[2026-08-30 06:59:01.576238] 📦 Compresión de Estado: Comprimiendo memoria...
[2026-08-30 06:59:01.586775] 📊 Base de datos comprimida: 118784 → 8580 bytes (ratio: 0.07)
[2026-08-30 06:59:01.587236] 🧠 Inferencia Móvil: Buscando modelos TFLite...
[2026-08-30 06:59:01.618629] 📱 Modelo TFLite encontrado: dummy.tflite (18 bytes)
[2026-08-30 06:59:01.619158] 💾 Persistencia Local: Creando backup...
[2026-08-30 06:59:01.662102] ✅ Backup creado: miu_brain_20260830_065901.db (118784 bytes)
[2026-08-30 06:59:01.662589] 🌐 Edge Computing: Ejecutando en el borde...
[2026-08-30 06:59:01.664367] 📡 Workflows de edge encontrados: 1
[2026-08-30 06:59:01.664943] 🔍 Búsqueda Vectorial: Indexando memoria...
[2026-08-30 06:59:01.667292] 🔋 Optimización de Batería: Agrupando tareas...
[2026-08-30 06:59:01.668371] 📋 6 tareas agrupadas en el loop
[2026-08-30 06:59:01.668662] 💡 Sugerencia: Agrupar tareas relacionadas en un solo script para ahorrar batería
[2026-08-30 06:59:01.668973] 🖼️ Compresión de Imágenes: Buscando imágenes...
[2026-08-30 06:59:01.820835] 📷 Encontradas 1 imágenes
[2026-08-30 06:59:01.821378] 📊 Tamaño total de imágenes: 270.4 KB
[2026-08-30 06:59:01.821650] ⚡ Compilación JIT: Optimizando scripts...
[2026-08-30 06:59:01.824318] ⚡ 0 scripts compilados a bytecode
[2026-08-30 06:59:01.824797] ✅ Tecnologías raras activas: compresion_estado, inferencia_movil, persistencia_local, edge_computing, optimizacion_bateria, compresion_imagenes, compilacion_jit
[2026-08-30 07:04:49.304877] 🔬 ACTIVANDO TECNOLOGÍAS RARAS (V∞+22)
[2026-08-30 07:04:49.305454] 📦 Compresión de Estado: Comprimiendo memoria...
[2026-08-30 07:04:49.317733] 📊 Base de datos comprimida: 126976 → 8928 bytes (ratio: 0.07)
[2026-08-30 07:04:49.318190] 🧠 Inferencia Móvil: Buscando modelos TFLite...
[2026-08-30 07:04:49.351442] 📱 Modelo TFLite encontrado: dummy.tflite (18 bytes)
[2026-08-30 07:04:49.352004] 💾 Persistencia Local: Creando backup...
[2026-08-30 07:04:49.397033] ✅ Backup creado: miu_brain_20260830_070449.db (126976 bytes)
[2026-08-30 07:04:49.397573] 🌐 Edge Computing: Ejecutando en el borde...
[2026-08-30 07:04:49.399958] 📡 Workflows de edge encontrados: 1
[2026-08-30 07:04:49.400521] 🔍 Búsqueda Vectorial: Indexando memoria...
[2026-08-30 07:04:49.402583] 🔋 Optimización de Batería: Agrupando tareas...
[2026-08-30 07:04:49.403525] 📋 6 tareas agrupadas en el loop
[2026-08-30 07:04:49.403797] 💡 Sugerencia: Agrupar tareas relacionadas en un solo script para ahorrar batería
[2026-08-30 07:04:49.404045] 🖼️ Compresión de Imágenes: Buscando imágenes...
[2026-08-30 07:04:49.555025] 📷 Encontradas 1 imágenes
[2026-08-30 07:04:49.555572] 📊 Tamaño total de imágenes: 270.4 KB
[2026-08-30 07:04:49.555839] ⚡ Compilación JIT: Optimizando scripts...
[2026-08-30 07:04:49.559098] ⚡ 0 scripts compilados a bytecode
[2026-08-30 07:04:49.559638] ✅ Tecnologías raras activas: compresion_estado, inferencia_movil, persistencia_local, edge_computing, optimizacion_bateria, compresion_imagenes, compilacion_jit
[2026-08-30 07:14:19.187638] 🔬 ACTIVANDO TECNOLOGÍAS RARAS (V∞+22)
[2026-08-30 07:14:19.192400] 📦 Compresión de Estado: Comprimiendo memoria...
[2026-08-30 07:14:19.205323] 📊 Base de datos comprimida: 135168 → 9249 bytes (ratio: 0.07)
[2026-08-30 07:14:19.205841] 🧠 Inferencia Móvil: Buscando modelos TFLite...
[2026-08-30 07:14:19.239157] 📱 Modelo TFLite encontrado: dummy.tflite (18 bytes)
[2026-08-30 07:14:19.239694] 💾 Persistencia Local: Creando backup...
[2026-08-30 07:14:19.284381] ✅ Backup creado: miu_brain_20260830_071419.db (135168 bytes)
[2026-08-30 07:14:19.284993] 🌐 Edge Computing: Ejecutando en el borde...
[2026-08-30 07:14:19.286986] 📡 Workflows de edge encontrados: 1
[2026-08-30 07:14:19.287613] 🔍 Búsqueda Vectorial: Indexando memoria...
[2026-08-30 07:14:19.290407] 🔋 Optimización de Batería: Agrupando tareas...
[2026-08-30 07:14:19.291540] 📋 6 tareas agrupadas en el loop
[2026-08-30 07:14:19.291841] 💡 Sugerencia: Agrupar tareas relacionadas en un solo script para ahorrar batería
[2026-08-30 07:14:19.292102] 🖼️ Compresión de Imágenes: Buscando imágenes...
[2026-08-30 07:14:19.452546] 📷 Encontradas 1 imágenes
[2026-08-30 07:14:19.453342] 📊 Tamaño total de imágenes: 270.4 KB
[2026-08-30 07:14:19.453844] ⚡ Compilación JIT: Optimizando scripts...
[2026-08-30 07:14:19.457545] ⚡ 0 scripts compilados a bytecode
[2026-08-30 07:14:19.458408] ✅ Tecnologías raras activas: compresion_estado, inferencia_movil, persistencia_local, edge_computing, optimizacion_bateria, compresion_imagenes, compilacion_jit
[2026-08-30 07:18:53.552343] 🔬 ACTIVANDO TECNOLOGÍAS RARAS (V∞+22)
[2026-08-30 07:18:53.552872] 📦 Compresión de Estado: Comprimiendo memoria...
[2026-08-30 07:18:53.571326] 📊 Base de datos comprimida: 147456 → 9588 bytes (ratio: 0.07)
[2026-08-30 07:18:53.573003] 🧠 Inferencia Móvil: Buscando modelos TFLite...
[2026-08-30 07:18:53.609217] 📱 Modelo TFLite encontrado: dummy.tflite (18 bytes)
[2026-08-30 07:18:53.610137] 💾 Persistencia Local: Creando backup...
[2026-08-30 07:18:53.661424] ✅ Backup creado: miu_brain_20260830_071853.db (147456 bytes)
[2026-08-30 07:18:53.662168] 🌐 Edge Computing: Ejecutando en el borde...
[2026-08-30 07:18:53.664656] 📡 Workflows de edge encontrados: 1
[2026-08-30 07:18:53.665490] 🔍 Búsqueda Vectorial: Indexando memoria...
[2026-08-30 07:18:53.668649] 🔋 Optimización de Batería: Agrupando tareas...
[2026-08-30 07:18:53.670220] 📋 6 tareas agrupadas en el loop
[2026-08-30 07:18:53.670883] 💡 Sugerencia: Agrupar tareas relacionadas en un solo script para ahorrar batería
[2026-08-30 07:18:53.671308] 🖼️ Compresión de Imágenes: Buscando imágenes...
[2026-08-30 07:18:53.844245] 📷 Encontradas 1 imágenes
[2026-08-30 07:18:53.845085] 📊 Tamaño total de imágenes: 270.4 KB
[2026-08-30 07:18:53.845591] ⚡ Compilación JIT: Optimizando scripts...
[2026-08-30 07:18:53.848727] ⚡ 0 scripts compilados a bytecode
[2026-08-30 07:18:53.849368] ✅ Tecnologías raras activas: compresion_estado, inferencia_movil, persistencia_local, edge_computing, optimizacion_bateria, compresion_imagenes, compilacion_jit
[2026-08-30 07:24:33.521841] 🔬 ACTIVANDO TECNOLOGÍAS RARAS (V∞+22)
[2026-08-30 07:24:33.526025] 📦 Compresión de Estado: Comprimiendo memoria...
[2026-08-30 07:24:33.540874] 📊 Base de datos comprimida: 155648 → 9933 bytes (ratio: 0.06)
[2026-08-30 07:24:33.541361] 🧠 Inferencia Móvil: Buscando modelos TFLite...
[2026-08-30 07:24:33.573819] 📱 Modelo TFLite encontrado: dummy.tflite (18 bytes)
[2026-08-30 07:24:33.574362] 💾 Persistencia Local: Creando backup...
[2026-08-30 07:24:33.618752] ✅ Backup creado: miu_brain_20260830_072433.db (155648 bytes)
[2026-08-30 07:24:33.619446] 🌐 Edge Computing: Ejecutando en el borde...
[2026-08-30 07:24:33.621710] 📡 Workflows de edge encontrados: 1
[2026-08-30 07:24:33.622400] 🔍 Búsqueda Vectorial: Indexando memoria...
[2026-08-30 07:24:33.625238] 🔋 Optimización de Batería: Agrupando tareas...
[2026-08-30 07:24:33.626749] 📋 6 tareas agrupadas en el loop
[2026-08-30 07:24:33.627657] 💡 Sugerencia: Agrupar tareas relacionadas en un solo script para ahorrar batería
[2026-08-30 07:24:33.628350] 🖼️ Compresión de Imágenes: Buscando imágenes...
[2026-08-30 07:24:33.785615] 📷 Encontradas 1 imágenes
[2026-08-30 07:24:33.786401] 📊 Tamaño total de imágenes: 270.4 KB
[2026-08-30 07:24:33.787222] ⚡ Compilación JIT: Optimizando scripts...
[2026-08-30 07:24:33.790648] ⚡ 0 scripts compilados a bytecode
[2026-08-30 07:24:33.791220] ✅ Tecnologías raras activas: compresion_estado, inferencia_movil, persistencia_local, edge_computing, optimizacion_bateria, compresion_imagenes, compilacion_jit
[2026-08-30 07:46:02.098099] 🔬 ACTIVANDO TECNOLOGÍAS RARAS (V∞+22)
[2026-08-30 07:46:02.101644] 📦 Compresión de Estado: Comprimiendo memoria...
[2026-08-30 07:46:02.129053] 📊 Base de datos comprimida: 167936 → 10269 bytes (ratio: 0.06)
[2026-08-30 07:46:02.130138] 🧠 Inferencia Móvil: Buscando modelos TFLite...
[2026-08-30 07:46:02.184567] 📱 Modelo TFLite encontrado: dummy.tflite (18 bytes)
[2026-08-30 07:46:02.185658] 💾 Persistencia Local: Creando backup...
[2026-08-30 07:46:02.267945] ✅ Backup creado: miu_brain_20260830_074602.db (167936 bytes)
[2026-08-30 07:46:02.269095] 🌐 Edge Computing: Ejecutando en el borde...
[2026-08-30 07:46:02.272448] 📡 Workflows de edge encontrados: 1
[2026-08-30 07:46:02.273435] 🔍 Búsqueda Vectorial: Indexando memoria...
[2026-08-30 07:46:02.279858] 🔋 Optimización de Batería: Agrupando tareas...
[2026-08-30 07:46:02.284204] 📋 6 tareas agrupadas en el loop
[2026-08-30 07:46:02.285123] 💡 Sugerencia: Agrupar tareas relacionadas en un solo script para ahorrar batería
[2026-08-30 07:46:02.286115] 🖼️ Compresión de Imágenes: Buscando imágenes...
[2026-08-30 07:46:02.513547] 📷 Encontradas 1 imágenes
[2026-08-30 07:46:02.515971] 📊 Tamaño total de imágenes: 270.4 KB
[2026-08-30 07:46:02.516979] ⚡ Compilación JIT: Optimizando scripts...
[2026-08-30 07:46:02.521192] ⚡ 0 scripts compilados a bytecode
[2026-08-30 07:46:02.522339] ✅ Tecnologías raras activas: compresion_estado, inferencia_movil, persistencia_local, edge_computing, optimizacion_bateria, compresion_imagenes, compilacion_jit
[2026-08-30 08:20:01.987081] 🔬 ACTIVANDO TECNOLOGÍAS RARAS (V∞+22)
[2026-08-30 08:20:01.991596] 📦 Compresión de Estado: Comprimiendo memoria...
[2026-08-30 08:20:02.007983] 📊 Base de datos comprimida: 176128 → 10588 bytes (ratio: 0.06)
[2026-08-30 08:20:02.008528] 🧠 Inferencia Móvil: Buscando modelos TFLite...
[2026-08-30 08:20:02.041722] 📱 Modelo TFLite encontrado: dummy.tflite (18 bytes)
[2026-08-30 08:20:02.042276] 💾 Persistencia Local: Creando backup...
[2026-08-30 08:20:02.087715] ✅ Backup creado: miu_brain_20260830_082002.db (176128 bytes)
[2026-08-30 08:20:02.088212] 🌐 Edge Computing: Ejecutando en el borde...
[2026-08-30 08:20:02.089770] 📡 Workflows de edge encontrados: 1
[2026-08-30 08:20:02.090384] 🔍 Búsqueda Vectorial: Indexando memoria...
[2026-08-30 08:20:02.092544] 🔋 Optimización de Batería: Agrupando tareas...
[2026-08-30 08:20:02.093535] 📋 6 tareas agrupadas en el loop
[2026-08-30 08:20:02.093824] 💡 Sugerencia: Agrupar tareas relacionadas en un solo script para ahorrar batería
[2026-08-30 08:20:02.094086] 🖼️ Compresión de Imágenes: Buscando imágenes...
[2026-08-30 08:20:02.255865] 📷 Encontradas 1 imágenes
[2026-08-30 08:20:02.256529] 📊 Tamaño total de imágenes: 270.4 KB
[2026-08-30 08:20:02.256830] ⚡ Compilación JIT: Optimizando scripts...
[2026-08-30 08:20:02.259611] ⚡ 0 scripts compilados a bytecode
[2026-08-30 08:20:02.260193] ✅ Tecnologías raras activas: compresion_estado, inferencia_movil, persistencia_local, edge_computing, optimizacion_bateria, compresion_imagenes, compilacion_jit
[2026-08-30 08:28:47.116568] 🔬 ACTIVANDO TECNOLOGÍAS RARAS (V∞+22)
[2026-08-30 08:28:47.131275] 📦 Compresión de Estado: Comprimiendo memoria...
[2026-08-30 08:28:47.164898] 📊 Base de datos comprimida: 184320 → 10878 bytes (ratio: 0.06)
[2026-08-30 08:28:47.165956] 🧠 Inferencia Móvil: Buscando modelos TFLite...
[2026-08-30 08:28:47.614341] 📱 Modelo TFLite encontrado: dummy.tflite (18 bytes)
[2026-08-30 08:28:47.615485] 💾 Persistencia Local: Creando backup...
[2026-08-30 08:28:47.818032] ✅ Backup creado: miu_brain_20260830_082847.db (184320 bytes)
[2026-08-30 08:28:47.818794] 🌐 Edge Computing: Ejecutando en el borde...
[2026-08-30 08:28:47.821473] 📡 Workflows de edge encontrados: 1
[2026-08-30 08:28:47.822533] 🔍 Búsqueda Vectorial: Indexando memoria...
[2026-08-30 08:28:47.826510] 🔋 Optimización de Batería: Agrupando tareas...
[2026-08-30 08:28:47.829038] 📋 6 tareas agrupadas en el loop
[2026-08-30 08:28:47.829946] 💡 Sugerencia: Agrupar tareas relacionadas en un solo script para ahorrar batería
[2026-08-30 08:28:47.830758] 🖼️ Compresión de Imágenes: Buscando imágenes...
[2026-08-30 08:28:48.029210] 📷 Encontradas 1 imágenes
[2026-08-30 08:28:48.030165] 📊 Tamaño total de imágenes: 270.4 KB
[2026-08-30 08:28:48.030879] ⚡ Compilación JIT: Optimizando scripts...
[2026-08-30 08:28:48.034599] ⚡ 0 scripts compilados a bytecode
[2026-08-30 08:28:48.035472] ✅ Tecnologías raras activas: compresion_estado, inferencia_movil, persistencia_local, edge_computing, optimizacion_bateria, compresion_imagenes, compilacion_jit
[2026-08-30 08:46:56.467922] 🔬 ACTIVANDO TECNOLOGÍAS RARAS (V∞+22)
[2026-08-30 08:46:56.470860] 📦 Compresión de Estado: Comprimiendo memoria...
[2026-08-30 08:46:56.495224] 📊 Base de datos comprimida: 196608 → 11192 bytes (ratio: 0.06)
[2026-08-30 08:46:56.497238] 🧠 Inferencia Móvil: Buscando modelos TFLite...
[2026-08-30 08:46:56.552824] 📱 Modelo TFLite encontrado: dummy.tflite (18 bytes)
[2026-08-30 08:46:56.553588] 💾 Persistencia Local: Creando backup...
[2026-08-30 08:46:56.611551] ✅ Backup creado: miu_brain_20260830_084656.db (196608 bytes)
[2026-08-30 08:46:56.612281] 🌐 Edge Computing: Ejecutando en el borde...
[2026-08-30 08:46:56.614339] 📡 Workflows de edge encontrados: 1
[2026-08-30 08:46:56.614906] 🔍 Búsqueda Vectorial: Indexando memoria...
[2026-08-30 08:46:56.617241] 🔋 Optimización de Batería: Agrupando tareas...
[2026-08-30 08:46:56.619272] 📋 6 tareas agrupadas en el loop
[2026-08-30 08:46:56.619696] 💡 Sugerencia: Agrupar tareas relacionadas en un solo script para ahorrar batería
[2026-08-30 08:46:56.620168] 🖼️ Compresión de Imágenes: Buscando imágenes...
[2026-08-30 08:46:56.791124] 📷 Encontradas 1 imágenes
[2026-08-30 08:46:56.791838] 📊 Tamaño total de imágenes: 270.4 KB
[2026-08-30 08:46:56.792196] ⚡ Compilación JIT: Optimizando scripts...
[2026-08-30 08:46:56.795192] ⚡ 0 scripts compilados a bytecode
[2026-08-30 08:46:56.795823] ✅ Tecnologías raras activas: compresion_estado, inferencia_movil, persistencia_local, edge_computing, optimizacion_bateria, compresion_imagenes, compilacion_jit
[2026-08-30 08:48:21.134030] 🔬 ACTIVANDO TECNOLOGÍAS RARAS (V∞+22)
[2026-08-30 08:48:21.135776] 📦 Compresión de Estado: Comprimiendo memoria...
[2026-08-30 08:48:21.155732] 📊 Base de datos comprimida: 196608 → 11192 bytes (ratio: 0.06)
[2026-08-30 08:48:21.156377] 🧠 Inferencia Móvil: Buscando modelos TFLite...
[2026-08-30 08:48:21.190420] 📱 Modelo TFLite encontrado: dummy.tflite (18 bytes)
[2026-08-30 08:48:21.191079] 💾 Persistencia Local: Creando backup...
[2026-08-30 08:48:21.245358] ✅ Backup creado: miu_brain_20260830_084821.db (196608 bytes)
[2026-08-30 08:48:21.250919] 🌐 Edge Computing: Ejecutando en el borde...
[2026-08-30 08:48:21.253343] 📡 Workflows de edge encontrados: 1
[2026-08-30 08:48:21.254025] 🔍 Búsqueda Vectorial: Indexando memoria...
[2026-08-30 08:48:21.256956] 🔋 Optimización de Batería: Agrupando tareas...
[2026-08-30 08:48:21.270549] 📋 6 tareas agrupadas en el loop
[2026-08-30 08:48:21.271028] 💡 Sugerencia: Agrupar tareas relacionadas en un solo script para ahorrar batería
[2026-08-30 08:48:21.271438] 🖼️ Compresión de Imágenes: Buscando imágenes...
[2026-08-30 08:48:21.436095] 📷 Encontradas 1 imágenes
[2026-08-30 08:48:21.436703] 📊 Tamaño total de imágenes: 270.4 KB
[2026-08-30 08:48:21.437042] ⚡ Compilación JIT: Optimizando scripts...
[2026-08-30 08:48:21.440144] ⚡ 0 scripts compilados a bytecode
[2026-08-30 08:48:21.440813] ✅ Tecnologías raras activas: compresion_estado, inferencia_movil, persistencia_local, edge_computing, optimizacion_bateria, compresion_imagenes, compilacion_jit
[2026-08-30 09:08:09.315888] 🔬 ACTIVANDO TECNOLOGÍAS RARAS (V∞+22)
[2026-08-30 09:08:09.320447] 📦 Compresión de Estado: Comprimiendo memoria...
[2026-08-30 09:08:09.340134] 📊 Base de datos comprimida: 212992 → 11893 bytes (ratio: 0.06)
[2026-08-30 09:08:09.340714] 🧠 Inferencia Móvil: Buscando modelos TFLite...
[2026-08-30 09:08:09.430837] 📱 Modelo TFLite encontrado: dummy.tflite (18 bytes)
[2026-08-30 09:08:09.431464] 💾 Persistencia Local: Creando backup...
[2026-08-30 09:08:09.479262] ✅ Backup creado: miu_brain_20260830_090809.db (212992 bytes)
[2026-08-30 09:08:09.480254] 🌐 Edge Computing: Ejecutando en el borde...
[2026-08-30 09:08:09.482260] 📡 Workflows de edge encontrados: 1
[2026-08-30 09:08:09.482905] 🔍 Búsqueda Vectorial: Indexando memoria...
[2026-08-30 09:08:09.488614] 🔋 Optimización de Batería: Agrupando tareas...
[2026-08-30 09:08:09.490807] 📋 6 tareas agrupadas en el loop
[2026-08-30 09:08:09.491279] 💡 Sugerencia: Agrupar tareas relacionadas en un solo script para ahorrar batería
[2026-08-30 09:08:09.491650] 🖼️ Compresión de Imágenes: Buscando imágenes...
[2026-08-30 09:08:09.657059] 📷 Encontradas 1 imágenes
[2026-08-30 09:08:09.658256] 📊 Tamaño total de imágenes: 270.4 KB
[2026-08-30 09:08:09.658654] ⚡ Compilación JIT: Optimizando scripts...
[2026-08-30 09:08:09.661624] ⚡ 0 scripts compilados a bytecode
[2026-08-30 09:08:09.662179] ✅ Tecnologías raras activas: compresion_estado, inferencia_movil, persistencia_local, edge_computing, optimizacion_bateria, compresion_imagenes, compilacion_jit
[2026-08-30 09:26:17.609728] 🔬 ACTIVANDO TECNOLOGÍAS RARAS (V∞+22)
[2026-08-30 09:26:17.615202] 📦 Compresión de Estado: Comprimiendo memoria...
[2026-08-30 09:26:17.636648] 📊 Base de datos comprimida: 221184 → 12165 bytes (ratio: 0.05)
[2026-08-30 09:26:17.637137] 🧠 Inferencia Móvil: Buscando modelos TFLite...
[2026-08-30 09:26:17.671943] 📱 Modelo TFLite encontrado: dummy.tflite (18 bytes)
[2026-08-30 09:26:17.672467] 💾 Persistencia Local: Creando backup...
[2026-08-30 09:26:17.720340] ✅ Backup creado: miu_brain_20260830_092617.db (221184 bytes)
[2026-08-30 09:26:17.720887] 🌐 Edge Computing: Ejecutando en el borde...
[2026-08-30 09:26:17.722534] 📡 Workflows de edge encontrados: 1
[2026-08-30 09:26:17.723008] 🔍 Búsqueda Vectorial: Indexando memoria...
[2026-08-30 09:26:17.725232] 🔋 Optimización de Batería: Agrupando tareas...
[2026-08-30 09:26:17.726848] 📋 6 tareas agrupadas en el loop
[2026-08-30 09:26:17.727238] 💡 Sugerencia: Agrupar tareas relacionadas en un solo script para ahorrar batería
[2026-08-30 09:26:17.727582] 🖼️ Compresión de Imágenes: Buscando imágenes...
[2026-08-30 09:26:17.906745] 📷 Encontradas 1 imágenes
[2026-08-30 09:26:17.907651] 📊 Tamaño total de imágenes: 270.4 KB
[2026-08-30 09:26:17.908199] ⚡ Compilación JIT: Optimizando scripts...
[2026-08-30 09:26:17.911502] ⚡ 0 scripts compilados a bytecode
[2026-08-30 09:26:17.912073] ✅ Tecnologías raras activas: compresion_estado, inferencia_movil, persistencia_local, edge_computing, optimizacion_bateria, compresion_imagenes, compilacion_jit
[2026-08-30 10:11:07.611113] 🔬 ACTIVANDO TECNOLOGÍAS RARAS (V∞+22)
[2026-08-30 10:11:07.628899] 📦 Compresión de Estado: Comprimiendo memoria...
[2026-08-30 10:11:07.656937] 📊 Base de datos comprimida: 233472 → 12654 bytes (ratio: 0.05)
[2026-08-30 10:11:07.657800] 🧠 Inferencia Móvil: Buscando modelos TFLite...
[2026-08-30 10:11:07.888038] 📱 Modelo TFLite encontrado: dummy.tflite (18 bytes)
[2026-08-30 10:11:07.888770] 💾 Persistencia Local: Creando backup...
[2026-08-30 10:11:07.940346] ✅ Backup creado: miu_brain_20260830_101107.db (233472 bytes)
[2026-08-30 10:11:07.941020] 🌐 Edge Computing: Ejecutando en el borde...
[2026-08-30 10:11:07.942875] 📡 Workflows de edge encontrados: 1
[2026-08-30 10:11:07.943480] 🔍 Búsqueda Vectorial: Indexando memoria...
[2026-08-30 10:11:07.946122] 🔋 Optimización de Batería: Agrupando tareas...
[2026-08-30 10:11:07.948382] 📋 6 tareas agrupadas en el loop
[2026-08-30 10:11:07.948869] 💡 Sugerencia: Agrupar tareas relacionadas en un solo script para ahorrar batería
[2026-08-30 10:11:07.949238] 🖼️ Compresión de Imágenes: Buscando imágenes...
[2026-08-30 10:11:08.127540] 📷 Encontradas 1 imágenes
[2026-08-30 10:11:08.128549] 📊 Tamaño total de imágenes: 270.4 KB
[2026-08-30 10:11:08.129216] ⚡ Compilación JIT: Optimizando scripts...
[2026-08-30 10:11:08.132777] ⚡ 0 scripts compilados a bytecode
[2026-08-30 10:11:08.133504] ✅ Tecnologías raras activas: compresion_estado, inferencia_movil, persistencia_local, edge_computing, optimizacion_bateria, compresion_imagenes, compilacion_jit
[2026-08-30 10:12:44.492661] 🔬 ACTIVANDO TECNOLOGÍAS RARAS (V∞+22)
[2026-08-30 10:12:44.494474] 📦 Compresión de Estado: Comprimiendo memoria...
[2026-08-30 10:12:44.524192] 📊 Base de datos comprimida: 233472 → 12654 bytes (ratio: 0.05)
[2026-08-30 10:12:44.525021] 🧠 Inferencia Móvil: Buscando modelos TFLite...
[2026-08-30 10:12:44.774737] 📱 Modelo TFLite encontrado: dummy.tflite (18 bytes)
[2026-08-30 10:12:44.775467] 💾 Persistencia Local: Creando backup...
[2026-08-30 10:12:44.841260] ✅ Backup creado: miu_brain_20260830_101244.db (233472 bytes)
[2026-08-30 10:12:44.842141] 🌐 Edge Computing: Ejecutando en el borde...
[2026-08-30 10:12:44.844951] 📡 Workflows de edge encontrados: 1
[2026-08-30 10:12:44.845962] 🔍 Búsqueda Vectorial: Indexando memoria...
[2026-08-30 10:12:44.849576] 🔋 Optimización de Batería: Agrupando tareas...
[2026-08-30 10:12:44.852181] 📋 6 tareas agrupadas en el loop
[2026-08-30 10:12:44.852742] 💡 Sugerencia: Agrupar tareas relacionadas en un solo script para ahorrar batería
[2026-08-30 10:12:44.853330] 🖼️ Compresión de Imágenes: Buscando imágenes...
[2026-08-30 10:12:45.040130] 📷 Encontradas 1 imágenes
[2026-08-30 10:12:45.040808] 📊 Tamaño total de imágenes: 270.4 KB
[2026-08-30 10:12:45.041253] ⚡ Compilación JIT: Optimizando scripts...
[2026-08-30 10:12:45.045409] ⚡ 0 scripts compilados a bytecode
[2026-08-30 10:12:45.046348] ✅ Tecnologías raras activas: compresion_estado, inferencia_movil, persistencia_local, edge_computing, optimizacion_bateria, compresion_imagenes, compilacion_jit
[2026-08-30 10:43:29.353629] 🔬 ACTIVANDO TECNOLOGÍAS RARAS (V∞+22)
[2026-08-30 10:43:29.356207] 📦 Compresión de Estado: Comprimiendo memoria...
[2026-08-30 10:43:29.379983] 📊 Base de datos comprimida: 249856 → 13742 bytes (ratio: 0.05)
[2026-08-30 10:43:29.380855] 🧠 Inferencia Móvil: Buscando modelos TFLite...
[2026-08-30 10:43:29.418178] 📱 Modelo TFLite encontrado: dummy.tflite (18 bytes)
[2026-08-30 10:43:29.418688] 💾 Persistencia Local: Creando backup...
[2026-08-30 10:43:29.461259] ✅ Backup creado: miu_brain_20260830_104329.db (249856 bytes)
[2026-08-30 10:43:29.461756] 🌐 Edge Computing: Ejecutando en el borde...
[2026-08-30 10:43:29.463310] 📡 Workflows de edge encontrados: 1
[2026-08-30 10:43:29.463780] 🔍 Búsqueda Vectorial: Indexando memoria...
[2026-08-30 10:43:29.465878] 🔋 Optimización de Batería: Agrupando tareas...
[2026-08-30 10:43:29.466841] 📋 6 tareas agrupadas en el loop
[2026-08-30 10:43:29.467123] 💡 Sugerencia: Agrupar tareas relacionadas en un solo script para ahorrar batería
[2026-08-30 10:43:29.467377] 🖼️ Compresión de Imágenes: Buscando imágenes...
[2026-08-30 10:43:29.631482] 📷 Encontradas 1 imágenes
[2026-08-30 10:43:29.632202] 📊 Tamaño total de imágenes: 270.4 KB
[2026-08-30 10:43:29.632578] ⚡ Compilación JIT: Optimizando scripts...
[2026-08-30 10:43:29.635648] ⚡ 0 scripts compilados a bytecode
[2026-08-30 10:43:29.636276] ✅ Tecnologías raras activas: compresion_estado, inferencia_movil, persistencia_local, edge_computing, optimizacion_bateria, compresion_imagenes, compilacion_jit
[2026-08-30 20:17:58.507888] 🔬 ACTIVANDO TECNOLOGÍAS RARAS (V∞+22)
[2026-08-30 20:17:58.512652] 📦 Compresión de Estado: Comprimiendo memoria...
[2026-08-30 20:17:58.544951] 📊 Base de datos comprimida: 262144 → 14218 bytes (ratio: 0.05)
[2026-08-30 20:17:58.545490] 🧠 Inferencia Móvil: Buscando modelos TFLite...
[2026-08-30 20:17:58.591198] 📱 Modelo TFLite encontrado: dummy.tflite (18 bytes)
[2026-08-30 20:17:58.591863] 💾 Persistencia Local: Creando backup...
[2026-08-30 20:17:58.642221] ✅ Backup creado: miu_brain_20260830_201758.db (262144 bytes)
[2026-08-30 20:17:58.644132] 🌐 Edge Computing: Ejecutando en el borde...
[2026-08-30 20:17:58.647332] 📡 Workflows de edge encontrados: 1
[2026-08-30 20:17:58.647986] 🔍 Búsqueda Vectorial: Indexando memoria...
[2026-08-30 20:17:58.650905] 🔋 Optimización de Batería: Agrupando tareas...
[2026-08-30 20:17:58.652073] 📋 6 tareas agrupadas en el loop
[2026-08-30 20:17:58.652524] 💡 Sugerencia: Agrupar tareas relacionadas en un solo script para ahorrar batería
[2026-08-30 20:17:58.652911] 🖼️ Compresión de Imágenes: Buscando imágenes...
[2026-08-30 20:17:58.884062] 📷 Encontradas 1 imágenes
[2026-08-30 20:17:58.884759] 📊 Tamaño total de imágenes: 270.4 KB
[2026-08-30 20:17:58.885101] ⚡ Compilación JIT: Optimizando scripts...
[2026-08-30 20:17:58.888290] ⚡ 0 scripts compilados a bytecode
[2026-08-30 20:17:58.888874] ✅ Tecnologías raras activas: compresion_estado, inferencia_movil, persistencia_local, edge_computing, optimizacion_bateria, compresion_imagenes, compilacion_jit
[2026-08-30 20:28:53.451806] 🔬 ACTIVANDO TECNOLOGÍAS RARAS (V∞+22)
[2026-08-30 20:28:53.452328] 📦 Compresión de Estado: Comprimiendo memoria...
[2026-08-30 20:28:53.482751] 📊 Base de datos comprimida: 274432 → 14690 bytes (ratio: 0.05)
[2026-08-30 20:28:53.483584] 🧠 Inferencia Móvil: Buscando modelos TFLite...
[2026-08-30 20:28:53.537332] 📱 Modelo TFLite encontrado: dummy.tflite (18 bytes)
[2026-08-30 20:28:53.537862] 💾 Persistencia Local: Creando backup...
[2026-08-30 20:28:53.584163] ✅ Backup creado: miu_brain_20260830_202853.db (274432 bytes)
[2026-08-30 20:28:53.584877] 🌐 Edge Computing: Ejecutando en el borde...
[2026-08-30 20:28:53.587071] 📡 Workflows de edge encontrados: 1
[2026-08-30 20:28:53.587809] 🔍 Búsqueda Vectorial: Indexando memoria...
[2026-08-30 20:28:53.590750] 🔋 Optimización de Batería: Agrupando tareas...
[2026-08-30 20:28:53.592128] 📋 6 tareas agrupadas en el loop
[2026-08-30 20:28:53.592950] 💡 Sugerencia: Agrupar tareas relacionadas en un solo script para ahorrar batería
[2026-08-30 20:28:53.593503] 🖼️ Compresión de Imágenes: Buscando imágenes...
[2026-08-30 20:28:53.836127] 📷 Encontradas 1 imágenes
[2026-08-30 20:28:53.836922] 📊 Tamaño total de imágenes: 270.4 KB
[2026-08-30 20:28:53.837448] ⚡ Compilación JIT: Optimizando scripts...
[2026-08-30 20:28:53.841130] ⚡ 0 scripts compilados a bytecode
[2026-08-30 20:28:53.841879] ✅ Tecnologías raras activas: compresion_estado, inferencia_movil, persistencia_local, edge_computing, optimizacion_bateria, compresion_imagenes, compilacion_jit
[2026-08-30 20:34:20.338506] 🔬 ACTIVANDO TECNOLOGÍAS RARAS (V∞+22)
[2026-08-30 20:34:20.339231] 📦 Compresión de Estado: Comprimiendo memoria...
[2026-08-30 20:34:20.372019] 📊 Base de datos comprimida: 282624 → 15009 bytes (ratio: 0.05)
[2026-08-30 20:34:20.372746] 🧠 Inferencia Móvil: Buscando modelos TFLite...
[2026-08-30 20:34:20.423764] 📱 Modelo TFLite encontrado: dummy.tflite (18 bytes)
[2026-08-30 20:34:20.424291] 💾 Persistencia Local: Creando backup...
[2026-08-30 20:34:20.473433] ✅ Backup creado: miu_brain_20260830_203420.db (282624 bytes)
[2026-08-30 20:34:20.473963] 🌐 Edge Computing: Ejecutando en el borde...
[2026-08-30 20:34:20.475648] 📡 Workflows de edge encontrados: 1
[2026-08-30 20:34:20.476206] 🔍 Búsqueda Vectorial: Indexando memoria...
[2026-08-30 20:34:20.479561] 🔋 Optimización de Batería: Agrupando tareas...
[2026-08-30 20:34:20.481198] 📋 6 tareas agrupadas en el loop
[2026-08-30 20:34:20.481789] 💡 Sugerencia: Agrupar tareas relacionadas en un solo script para ahorrar batería
[2026-08-30 20:34:20.483020] 🖼️ Compresión de Imágenes: Buscando imágenes...
[2026-08-30 20:34:20.716294] 📷 Encontradas 1 imágenes
[2026-08-30 20:34:20.716908] 📊 Tamaño total de imágenes: 270.4 KB
[2026-08-30 20:34:20.717279] ⚡ Compilación JIT: Optimizando scripts...
[2026-08-30 20:34:20.721900] ⚡ 0 scripts compilados a bytecode
[2026-08-30 20:34:20.722569] ✅ Tecnologías raras activas: compresion_estado, inferencia_movil, persistencia_local, edge_computing, optimizacion_bateria, compresion_imagenes, compilacion_jit
[2026-08-30 20:37:52.240397] 🔬 ACTIVANDO TECNOLOGÍAS RARAS (V∞+22)
[2026-08-30 20:37:52.240958] 📦 Compresión de Estado: Comprimiendo memoria...
[2026-08-30 20:37:52.271645] 📊 Base de datos comprimida: 290816 → 15289 bytes (ratio: 0.05)
[2026-08-30 20:37:52.272353] 🧠 Inferencia Móvil: Buscando modelos TFLite...
[2026-08-30 20:37:52.326339] 📱 Modelo TFLite encontrado: dummy.tflite (18 bytes)
[2026-08-30 20:37:52.327011] 💾 Persistencia Local: Creando backup...
[2026-08-30 20:37:52.382034] ✅ Backup creado: miu_brain_20260830_203752.db (290816 bytes)
[2026-08-30 20:37:52.382822] 🌐 Edge Computing: Ejecutando en el borde...
[2026-08-30 20:37:52.385274] 📡 Workflows de edge encontrados: 1
[2026-08-30 20:37:52.386024] 🔍 Búsqueda Vectorial: Indexando memoria...
[2026-08-30 20:37:52.389527] 🔋 Optimización de Batería: Agrupando tareas...
[2026-08-30 20:37:52.391013] 📋 6 tareas agrupadas en el loop
[2026-08-30 20:37:52.391555] 💡 Sugerencia: Agrupar tareas relacionadas en un solo script para ahorrar batería
[2026-08-30 20:37:52.392040] 🖼️ Compresión de Imágenes: Buscando imágenes...
[2026-08-30 20:37:52.634839] 📷 Encontradas 1 imágenes
[2026-08-30 20:37:52.635614] 📊 Tamaño total de imágenes: 270.4 KB
[2026-08-30 20:37:52.636204] ⚡ Compilación JIT: Optimizando scripts...
[2026-08-30 20:37:52.640135] ⚡ 0 scripts compilados a bytecode
[2026-08-30 20:37:52.640914] ✅ Tecnologías raras activas: compresion_estado, inferencia_movil, persistencia_local, edge_computing, optimizacion_bateria, compresion_imagenes, compilacion_jit
[2026-08-30 20:49:02.524569] 🔬 ACTIVANDO TECNOLOGÍAS RARAS (V∞+22)
[2026-08-30 20:49:02.526591] 📦 Compresión de Estado: Comprimiendo memoria...
[2026-08-30 20:49:02.553260] 📊 Base de datos comprimida: 299008 → 15567 bytes (ratio: 0.05)
[2026-08-30 20:49:02.553951] 🧠 Inferencia Móvil: Buscando modelos TFLite...
[2026-08-30 20:49:02.605616] 📱 Modelo TFLite encontrado: dummy.tflite (18 bytes)
[2026-08-30 20:49:02.606525] 💾 Persistencia Local: Creando backup...
[2026-08-30 20:49:02.662598] ✅ Backup creado: miu_brain_20260830_204902.db (299008 bytes)
[2026-08-30 20:49:02.663198] 🌐 Edge Computing: Ejecutando en el borde...
[2026-08-30 20:49:02.665349] 📡 Workflows de edge encontrados: 1
[2026-08-30 20:49:02.666032] 🔍 Búsqueda Vectorial: Indexando memoria...
[2026-08-30 20:49:02.669293] 🔋 Optimización de Batería: Agrupando tareas...
[2026-08-30 20:49:02.670675] 📋 6 tareas agrupadas en el loop
[2026-08-30 20:49:02.671102] 💡 Sugerencia: Agrupar tareas relacionadas en un solo script para ahorrar batería
[2026-08-30 20:49:02.671468] 🖼️ Compresión de Imágenes: Buscando imágenes...
[2026-08-30 20:49:02.912162] 📷 Encontradas 1 imágenes
[2026-08-30 20:49:02.912869] 📊 Tamaño total de imágenes: 270.4 KB
[2026-08-30 20:49:02.913289] ⚡ Compilación JIT: Optimizando scripts...
[2026-08-30 20:49:02.916846] ⚡ 0 scripts compilados a bytecode
[2026-08-30 20:49:02.917538] ✅ Tecnologías raras activas: compresion_estado, inferencia_movil, persistencia_local, edge_computing, optimizacion_bateria, compresion_imagenes, compilacion_jit
[2026-08-30 20:59:41.411404] 🔬 ACTIVANDO TECNOLOGÍAS RARAS (V∞+22)
[2026-08-30 20:59:41.411876] 📦 Compresión de Estado: Comprimiendo memoria...
[2026-08-30 20:59:41.440269] 📊 Base de datos comprimida: 311296 → 16008 bytes (ratio: 0.05)
[2026-08-30 20:59:41.440878] 🧠 Inferencia Móvil: Buscando modelos TFLite...
[2026-08-30 20:59:41.486203] 📱 Modelo TFLite encontrado: dummy.tflite (18 bytes)
[2026-08-30 20:59:41.486738] 💾 Persistencia Local: Creando backup...
[2026-08-30 20:59:41.530573] ✅ Backup creado: miu_brain_20260830_205941.db (311296 bytes)
[2026-08-30 20:59:41.531128] 🌐 Edge Computing: Ejecutando en el borde...
[2026-08-30 20:59:41.532849] 📡 Workflows de edge encontrados: 1
[2026-08-30 20:59:41.533363] 🔍 Búsqueda Vectorial: Indexando memoria...
[2026-08-30 20:59:41.535590] 🔋 Optimización de Batería: Agrupando tareas...
[2026-08-30 20:59:41.536614] 📋 6 tareas agrupadas en el loop
[2026-08-30 20:59:41.536928] 💡 Sugerencia: Agrupar tareas relacionadas en un solo script para ahorrar batería
[2026-08-30 20:59:41.537199] 🖼️ Compresión de Imágenes: Buscando imágenes...
[2026-08-30 20:59:41.763687] 📷 Encontradas 1 imágenes
[2026-08-30 20:59:41.764250] 📊 Tamaño total de imágenes: 270.4 KB
[2026-08-30 20:59:41.764548] ⚡ Compilación JIT: Optimizando scripts...
[2026-08-30 20:59:41.767669] ⚡ 0 scripts compilados a bytecode
[2026-08-30 20:59:41.768317] ✅ Tecnologías raras activas: compresion_estado, inferencia_movil, persistencia_local, edge_computing, optimizacion_bateria, compresion_imagenes, compilacion_jit
[2026-08-31 01:16:40.757913] 🔬 ACTIVANDO TECNOLOGÍAS RARAS (V∞+22)
[2026-08-31 01:16:40.762668] 📦 Compresión de Estado: Comprimiendo memoria...
[2026-08-31 01:16:40.792117] 📊 Base de datos comprimida: 319488 → 16300 bytes (ratio: 0.05)
[2026-08-31 01:16:40.792724] 🧠 Inferencia Móvil: Buscando modelos TFLite...
[2026-08-31 01:16:40.839248] 📱 Modelo TFLite encontrado: dummy.tflite (18 bytes)
[2026-08-31 01:16:40.839830] 💾 Persistencia Local: Creando backup...
[2026-08-31 01:16:40.885482] ✅ Backup creado: miu_brain_20260831_011640.db (319488 bytes)
[2026-08-31 01:16:40.886068] 🌐 Edge Computing: Ejecutando en el borde...
[2026-08-31 01:16:40.887957] 📡 Workflows de edge encontrados: 1
[2026-08-31 01:16:40.888601] 🔍 Búsqueda Vectorial: Indexando memoria...
[2026-08-31 01:16:40.891216] 🔋 Optimización de Batería: Agrupando tareas...
[2026-08-31 01:16:40.892367] 📋 6 tareas agrupadas en el loop
[2026-08-31 01:16:40.892752] 💡 Sugerencia: Agrupar tareas relacionadas en un solo script para ahorrar batería
[2026-08-31 01:16:40.893117] 🖼️ Compresión de Imágenes: Buscando imágenes...
[2026-08-31 01:16:41.136606] 📷 Encontradas 1 imágenes
[2026-08-31 01:16:41.137544] 📊 Tamaño total de imágenes: 270.4 KB
[2026-08-31 01:16:41.138103] ⚡ Compilación JIT: Optimizando scripts...
[2026-08-31 01:16:41.141864] ⚡ 0 scripts compilados a bytecode
[2026-08-31 01:16:41.142509] ✅ Tecnologías raras activas: compresion_estado, inferencia_movil, persistencia_local, edge_computing, optimizacion_bateria, compresion_imagenes, compilacion_jit
[2026-08-31 01:29:15.486685] 🔬 ACTIVANDO TECNOLOGÍAS RARAS (V∞+22)
[2026-08-31 01:29:15.492260] 📦 Compresión de Estado: Comprimiendo memoria...
[2026-08-31 01:29:15.522869] 📊 Base de datos comprimida: 327680 → 16572 bytes (ratio: 0.05)
[2026-08-31 01:29:15.523423] 🧠 Inferencia Móvil: Buscando modelos TFLite...
[2026-08-31 01:29:15.572199] 📱 Modelo TFLite encontrado: dummy.tflite (18 bytes)
[2026-08-31 01:29:15.572725] 💾 Persistencia Local: Creando backup...
[2026-08-31 01:29:15.621903] ✅ Backup creado: miu_brain_20260831_012915.db (327680 bytes)
[2026-08-31 01:29:15.622793] 🌐 Edge Computing: Ejecutando en el borde...
[2026-08-31 01:29:15.624706] 📡 Workflows de edge encontrados: 1
[2026-08-31 01:29:15.625248] 🔍 Búsqueda Vectorial: Indexando memoria...
[2026-08-31 01:29:15.627914] 🔋 Optimización de Batería: Agrupando tareas...
[2026-08-31 01:29:15.628957] 📋 6 tareas agrupadas en el loop
[2026-08-31 01:29:15.629279] 💡 Sugerencia: Agrupar tareas relacionadas en un solo script para ahorrar batería
[2026-08-31 01:29:15.629555] 🖼️ Compresión de Imágenes: Buscando imágenes...
[2026-08-31 01:29:15.888591] 📷 Encontradas 1 imágenes
[2026-08-31 01:29:15.889541] 📊 Tamaño total de imágenes: 270.4 KB
[2026-08-31 01:29:15.890292] ⚡ Compilación JIT: Optimizando scripts...
[2026-08-31 01:29:15.894483] ⚡ 0 scripts compilados a bytecode
[2026-08-31 01:29:15.895418] ✅ Tecnologías raras activas: compresion_estado, inferencia_movil, persistencia_local, edge_computing, optimizacion_bateria, compresion_imagenes, compilacion_jit
[2026-08-31 01:31:48.834579] 🔬 ACTIVANDO TECNOLOGÍAS RARAS (V∞+22)
[2026-08-31 01:31:48.835063] 📦 Compresión de Estado: Comprimiendo memoria...
[2026-08-31 01:31:48.865097] 📊 Base de datos comprimida: 335872 → 16841 bytes (ratio: 0.05)
[2026-08-31 01:31:48.865630] 🧠 Inferencia Móvil: Buscando modelos TFLite...
[2026-08-31 01:31:48.912715] 📱 Modelo TFLite encontrado: dummy.tflite (18 bytes)
[2026-08-31 01:31:48.913279] 💾 Persistencia Local: Creando backup...
[2026-08-31 01:31:48.961639] ✅ Backup creado: miu_brain_20260831_013148.db (335872 bytes)
[2026-08-31 01:31:48.962361] 🌐 Edge Computing: Ejecutando en el borde...
[2026-08-31 01:31:48.964235] 📡 Workflows de edge encontrados: 1
[2026-08-31 01:31:48.964910] 🔍 Búsqueda Vectorial: Indexando memoria...
[2026-08-31 01:31:48.967754] 🔋 Optimización de Batería: Agrupando tareas...
[2026-08-31 01:31:48.968996] 📋 6 tareas agrupadas en el loop
[2026-08-31 01:31:48.969506] 💡 Sugerencia: Agrupar tareas relacionadas en un solo script para ahorrar batería
[2026-08-31 01:31:48.970224] 🖼️ Compresión de Imágenes: Buscando imágenes...
[2026-08-31 01:31:49.221192] 📷 Encontradas 1 imágenes
[2026-08-31 01:31:49.221880] 📊 Tamaño total de imágenes: 270.4 KB
[2026-08-31 01:31:49.222222] ⚡ Compilación JIT: Optimizando scripts...
[2026-08-31 01:31:49.225377] ⚡ 0 scripts compilados a bytecode
[2026-08-31 01:31:49.225940] ✅ Tecnologías raras activas: compresion_estado, inferencia_movil, persistencia_local, edge_computing, optimizacion_bateria, compresion_imagenes, compilacion_jit
[2026-08-31 02:23:58.753881] 🔬 ACTIVANDO TECNOLOGÍAS RARAS (V∞+22)
[2026-08-31 02:23:58.758628] 📦 Compresión de Estado: Comprimiendo memoria...
[2026-08-31 02:23:58.794701] 📊 Base de datos comprimida: 348160 → 17288 bytes (ratio: 0.05)
[2026-08-31 02:23:58.795301] 🧠 Inferencia Móvil: Buscando modelos TFLite...
[2026-08-31 02:23:58.845327] 📱 Modelo TFLite encontrado: dummy.tflite (18 bytes)
[2026-08-31 02:23:58.845824] 💾 Persistencia Local: Creando backup...
[2026-08-31 02:23:58.887869] ✅ Backup creado: miu_brain_20260831_022358.db (348160 bytes)
[2026-08-31 02:23:58.888417] 🌐 Edge Computing: Ejecutando en el borde...
[2026-08-31 02:23:58.890190] 📡 Workflows de edge encontrados: 1
[2026-08-31 02:23:58.890690] 🔍 Búsqueda Vectorial: Indexando memoria...
[2026-08-31 02:23:58.892767] 🔋 Optimización de Batería: Agrupando tareas...
[2026-08-31 02:23:58.893715] 📋 6 tareas agrupadas en el loop
[2026-08-31 02:23:58.893992] 💡 Sugerencia: Agrupar tareas relacionadas en un solo script para ahorrar batería
[2026-08-31 02:23:58.894245] 🖼️ Compresión de Imágenes: Buscando imágenes...
[2026-08-31 02:23:59.116456] 📷 Encontradas 1 imágenes
[2026-08-31 02:23:59.117128] 📊 Tamaño total de imágenes: 270.4 KB
[2026-08-31 02:23:59.117429] ⚡ Compilación JIT: Optimizando scripts...
[2026-08-31 02:23:59.120525] ⚡ 0 scripts compilados a bytecode
[2026-08-31 02:23:59.121057] ✅ Tecnologías raras activas: compresion_estado, inferencia_movil, persistencia_local, edge_computing, optimizacion_bateria, compresion_imagenes, compilacion_jit
[2026-08-31 02:45:46.667720] 🔬 ACTIVANDO TECNOLOGÍAS RARAS (V∞+22)
[2026-08-31 02:45:46.672267] 📦 Compresión de Estado: Comprimiendo memoria...
[2026-08-31 02:45:46.704488] 📊 Base de datos comprimida: 356352 → 17594 bytes (ratio: 0.05)
[2026-08-31 02:45:46.705081] 🧠 Inferencia Móvil: Buscando modelos TFLite...
[2026-08-31 02:45:46.756751] 📱 Modelo TFLite encontrado: dummy.tflite (18 bytes)
[2026-08-31 02:45:46.757427] 💾 Persistencia Local: Creando backup...
[2026-08-31 02:45:46.805143] ✅ Backup creado: miu_brain_20260831_024546.db (356352 bytes)
[2026-08-31 02:45:46.806029] 🌐 Edge Computing: Ejecutando en el borde...
[2026-08-31 02:45:46.808031] 📡 Workflows de edge encontrados: 1
[2026-08-31 02:45:46.808618] 🔍 Búsqueda Vectorial: Indexando memoria...
[2026-08-31 02:45:46.811232] 🔋 Optimización de Batería: Agrupando tareas...
[2026-08-31 02:45:46.812388] 📋 6 tareas agrupadas en el loop
[2026-08-31 02:45:46.812773] 💡 Sugerencia: Agrupar tareas relacionadas en un solo script para ahorrar batería
[2026-08-31 02:45:46.813173] 🖼️ Compresión de Imágenes: Buscando imágenes...
[2026-08-31 02:45:47.041883] 📷 Encontradas 1 imágenes
[2026-08-31 02:45:47.042584] 📊 Tamaño total de imágenes: 270.4 KB
[2026-08-31 02:45:47.042880] ⚡ Compilación JIT: Optimizando scripts...
[2026-08-31 02:45:47.045935] ⚡ 0 scripts compilados a bytecode
[2026-08-31 02:45:47.046456] ✅ Tecnologías raras activas: compresion_estado, inferencia_movil, persistencia_local, edge_computing, optimizacion_bateria, compresion_imagenes, compilacion_jit
[2026-08-31 02:54:43.958824] 🔬 ACTIVANDO TECNOLOGÍAS RARAS (V∞+22)
[2026-08-31 02:54:43.961524] 📦 Compresión de Estado: Comprimiendo memoria...
[2026-08-31 02:54:44.001898] 📊 Base de datos comprimida: 364544 → 17863 bytes (ratio: 0.05)
[2026-08-31 02:54:44.002622] 🧠 Inferencia Móvil: Buscando modelos TFLite...
[2026-08-31 02:54:44.063059] 📱 Modelo TFLite encontrado: dummy.tflite (18 bytes)
[2026-08-31 02:54:44.063859] 💾 Persistencia Local: Creando backup...
[2026-08-31 02:54:44.124860] ✅ Backup creado: miu_brain_20260831_025444.db (364544 bytes)
[2026-08-31 02:54:44.125516] 🌐 Edge Computing: Ejecutando en el borde...
[2026-08-31 02:54:44.128650] 📡 Workflows de edge encontrados: 1
[2026-08-31 02:54:44.130270] 🔍 Búsqueda Vectorial: Indexando memoria...
[2026-08-31 02:54:44.133096] 🔋 Optimización de Batería: Agrupando tareas...
[2026-08-31 02:54:44.134394] 📋 6 tareas agrupadas en el loop
[2026-08-31 02:54:44.135066] 💡 Sugerencia: Agrupar tareas relacionadas en un solo script para ahorrar batería
[2026-08-31 02:54:44.135652] 🖼️ Compresión de Imágenes: Buscando imágenes...
[2026-08-31 02:54:44.374003] 📷 Encontradas 1 imágenes
[2026-08-31 02:54:44.374667] 📊 Tamaño total de imágenes: 270.4 KB
[2026-08-31 02:54:44.375089] ⚡ Compilación JIT: Optimizando scripts...
[2026-08-31 02:54:44.378453] ⚡ 0 scripts compilados a bytecode
[2026-08-31 02:54:44.379215] ✅ Tecnologías raras activas: compresion_estado, inferencia_movil, persistencia_local, edge_computing, optimizacion_bateria, compresion_imagenes, compilacion_jit
[2026-08-31 02:55:14.973739] 🔬 ACTIVANDO TECNOLOGÍAS RARAS (V∞+22)
[2026-08-31 02:55:14.974292] 📦 Compresión de Estado: Comprimiendo memoria...
[2026-08-31 02:55:15.005627] 📊 Base de datos comprimida: 364544 → 17863 bytes (ratio: 0.05)
[2026-08-31 02:55:15.006301] 🧠 Inferencia Móvil: Buscando modelos TFLite...
[2026-08-31 02:55:15.055376] 📱 Modelo TFLite encontrado: dummy.tflite (18 bytes)
[2026-08-31 02:55:15.056159] 💾 Persistencia Local: Creando backup...
[2026-08-31 02:55:15.109656] ✅ Backup creado: miu_brain_20260831_025515.db (364544 bytes)
[2026-08-31 02:55:15.110842] 🌐 Edge Computing: Ejecutando en el borde...
[2026-08-31 02:55:15.113042] 📡 Workflows de edge encontrados: 1
[2026-08-31 02:55:15.113715] 🔍 Búsqueda Vectorial: Indexando memoria...
[2026-08-31 02:55:15.116854] 🔋 Optimización de Batería: Agrupando tareas...
[2026-08-31 02:55:15.118378] 📋 6 tareas agrupadas en el loop
[2026-08-31 02:55:15.118935] 💡 Sugerencia: Agrupar tareas relacionadas en un solo script para ahorrar batería
[2026-08-31 02:55:15.119497] 🖼️ Compresión de Imágenes: Buscando imágenes...
[2026-08-31 02:55:15.363555] 📷 Encontradas 1 imágenes
[2026-08-31 02:55:15.364174] 📊 Tamaño total de imágenes: 270.4 KB
[2026-08-31 02:55:15.364514] ⚡ Compilación JIT: Optimizando scripts...
[2026-08-31 02:55:15.367768] ⚡ 0 scripts compilados a bytecode
[2026-08-31 02:55:15.368412] ✅ Tecnologías raras activas: compresion_estado, inferencia_movil, persistencia_local, edge_computing, optimizacion_bateria, compresion_imagenes, compilacion_jit
[2026-08-31 04:23:51.417728] 🔬 ACTIVANDO TECNOLOGÍAS RARAS (V∞+22)
[2026-08-31 04:23:51.422672] 📦 Compresión de Estado: Comprimiendo memoria...
[2026-08-31 04:23:51.458364] 📊 Base de datos comprimida: 385024 → 18404 bytes (ratio: 0.05)
[2026-08-31 04:23:51.459176] 🧠 Inferencia Móvil: Buscando modelos TFLite...
[2026-08-31 04:23:51.510424] 📱 Modelo TFLite encontrado: dummy.tflite (18 bytes)
[2026-08-31 04:23:51.511045] 💾 Persistencia Local: Creando backup...
[2026-08-31 04:23:51.565569] ✅ Backup creado: miu_brain_20260831_042351.db (385024 bytes)
[2026-08-31 04:23:51.566192] 🌐 Edge Computing: Ejecutando en el borde...
[2026-08-31 04:23:51.568215] 📡 Workflows de edge encontrados: 1
[2026-08-31 04:23:51.568773] 🔍 Búsqueda Vectorial: Indexando memoria...
[2026-08-31 04:23:51.571431] 🔋 Optimización de Batería: Agrupando tareas...
[2026-08-31 04:23:51.572474] 📋 6 tareas agrupadas en el loop
[2026-08-31 04:23:51.572796] 💡 Sugerencia: Agrupar tareas relacionadas en un solo script para ahorrar batería
[2026-08-31 04:23:51.573066] 🖼️ Compresión de Imágenes: Buscando imágenes...
[2026-08-31 04:23:51.805419] 📷 Encontradas 1 imágenes
[2026-08-31 04:23:51.806112] 📊 Tamaño total de imágenes: 270.4 KB
[2026-08-31 04:23:51.806424] ⚡ Compilación JIT: Optimizando scripts...
[2026-08-31 04:23:51.809572] ⚡ 0 scripts compilados a bytecode
[2026-08-31 04:23:51.810693] ✅ Tecnologías raras activas: compresion_estado, inferencia_movil, persistencia_local, edge_computing, optimizacion_bateria, compresion_imagenes, compilacion_jit
[2026-08-31 04:47:10.783655] 🔬 ACTIVANDO TECNOLOGÍAS RARAS (V∞+22)
[2026-08-31 04:47:10.790836] 📦 Compresión de Estado: Comprimiendo memoria...
[2026-08-31 04:47:10.829200] 📊 Base de datos comprimida: 393216 → 18713 bytes (ratio: 0.05)
[2026-08-31 04:47:10.836584] 🧠 Inferencia Móvil: Buscando modelos TFLite...
[2026-08-31 04:47:10.889574] 📱 Modelo TFLite encontrado: dummy.tflite (18 bytes)
[2026-08-31 04:47:10.890486] 💾 Persistencia Local: Creando backup...
[2026-08-31 04:47:10.944051] ✅ Backup creado: miu_brain_20260831_044710.db (393216 bytes)
[2026-08-31 04:47:10.944564] 🌐 Edge Computing: Ejecutando en el borde...
[2026-08-31 04:47:10.946288] 📡 Workflows de edge encontrados: 1
[2026-08-31 04:47:10.946804] 🔍 Búsqueda Vectorial: Indexando memoria...
[2026-08-31 04:47:10.949313] 🔋 Optimización de Batería: Agrupando tareas...
[2026-08-31 04:47:10.951149] 📋 6 tareas agrupadas en el loop
[2026-08-31 04:47:10.952247] 💡 Sugerencia: Agrupar tareas relacionadas en un solo script para ahorrar batería
[2026-08-31 04:47:10.952816] 🖼️ Compresión de Imágenes: Buscando imágenes...
[2026-08-31 04:47:11.182925] 📷 Encontradas 1 imágenes
[2026-08-31 04:47:11.183600] 📊 Tamaño total de imágenes: 270.4 KB
[2026-08-31 04:47:11.183919] ⚡ Compilación JIT: Optimizando scripts...
[2026-08-31 04:47:11.187274] ⚡ 0 scripts compilados a bytecode
[2026-08-31 04:47:11.188062] ✅ Tecnologías raras activas: compresion_estado, inferencia_movil, persistencia_local, edge_computing, optimizacion_bateria, compresion_imagenes, compilacion_jit
[2026-08-31 06:45:28.029614] 🔬 ACTIVANDO TECNOLOGÍAS RARAS (V∞+22)
[2026-08-31 06:45:28.031787] 📦 Compresión de Estado: Comprimiendo memoria...
[2026-08-31 06:45:28.074017] 📊 Base de datos comprimida: 401408 → 18980 bytes (ratio: 0.05)
[2026-08-31 06:45:28.074983] 🧠 Inferencia Móvil: Buscando modelos TFLite...
[2026-08-31 06:45:28.130841] 📱 Modelo TFLite encontrado: dummy.tflite (18 bytes)
[2026-08-31 06:45:28.131688] 💾 Persistencia Local: Creando backup...
[2026-08-31 06:45:28.181836] ✅ Backup creado: miu_brain_20260831_064528.db (401408 bytes)
[2026-08-31 06:45:28.182542] 🌐 Edge Computing: Ejecutando en el borde...
[2026-08-31 06:45:28.184686] 📡 Workflows de edge encontrados: 1
[2026-08-31 06:45:28.185434] 🔍 Búsqueda Vectorial: Indexando memoria...
[2026-08-31 06:45:28.188201] 🔋 Optimización de Batería: Agrupando tareas...
[2026-08-31 06:45:28.193964] 📋 6 tareas agrupadas en el loop
[2026-08-31 06:45:28.194812] 💡 Sugerencia: Agrupar tareas relacionadas en un solo script para ahorrar batería
[2026-08-31 06:45:28.195624] 🖼️ Compresión de Imágenes: Buscando imágenes...
[2026-08-31 06:45:28.457308] 📷 Encontradas 1 imágenes
[2026-08-31 06:45:28.458005] 📊 Tamaño total de imágenes: 270.4 KB
[2026-08-31 06:45:28.458339] ⚡ Compilación JIT: Optimizando scripts...
[2026-08-31 06:45:28.461814] ⚡ 0 scripts compilados a bytecode
[2026-08-31 06:45:28.462688] ✅ Tecnologías raras activas: compresion_estado, inferencia_movil, persistencia_local, edge_computing, optimizacion_bateria, compresion_imagenes, compilacion_jit
[2026-08-31 18:23:16.739751] 🔬 ACTIVANDO TECNOLOGÍAS RARAS (V∞+22)
[2026-08-31 18:23:16.744635] 📦 Compresión de Estado: Comprimiendo memoria...
[2026-08-31 18:23:16.781376] 📊 Base de datos comprimida: 409600 → 19279 bytes (ratio: 0.05)
[2026-08-31 18:23:16.782298] 🧠 Inferencia Móvil: Buscando modelos TFLite...
[2026-08-31 18:23:16.835594] 📱 Modelo TFLite encontrado: dummy.tflite (18 bytes)
[2026-08-31 18:23:16.836396] 💾 Persistencia Local: Creando backup...
[2026-08-31 18:23:16.896348] ✅ Backup creado: miu_brain_20260831_182316.db (409600 bytes)
[2026-08-31 18:23:16.897200] 🌐 Edge Computing: Ejecutando en el borde...
[2026-08-31 18:23:16.899668] 📡 Workflows de edge encontrados: 1
[2026-08-31 18:23:16.900620] 🔍 Búsqueda Vectorial: Indexando memoria...
[2026-08-31 18:23:16.903723] 🔋 Optimización de Batería: Agrupando tareas...
[2026-08-31 18:23:16.905144] 📋 6 tareas agrupadas en el loop
[2026-08-31 18:23:16.905652] 💡 Sugerencia: Agrupar tareas relacionadas en un solo script para ahorrar batería
[2026-08-31 18:23:16.906109] 🖼️ Compresión de Imágenes: Buscando imágenes...
[2026-08-31 18:23:17.156535] 📷 Encontradas 1 imágenes
[2026-08-31 18:23:17.157564] 📊 Tamaño total de imágenes: 270.4 KB
[2026-08-31 18:23:17.158033] ⚡ Compilación JIT: Optimizando scripts...
[2026-08-31 18:23:17.161765] ⚡ 0 scripts compilados a bytecode
[2026-08-31 18:23:17.162492] ✅ Tecnologías raras activas: compresion_estado, inferencia_movil, persistencia_local, edge_computing, optimizacion_bateria, compresion_imagenes, compilacion_jit
[2026-08-31 18:39:18.570393] 🔬 ACTIVANDO TECNOLOGÍAS RARAS (V∞+22)
[2026-08-31 18:39:18.574937] 📦 Compresión de Estado: Comprimiendo memoria...
[2026-08-31 18:39:18.611164] 📊 Base de datos comprimida: 421888 → 19865 bytes (ratio: 0.05)
[2026-08-31 18:39:18.611694] 🧠 Inferencia Móvil: Buscando modelos TFLite...
[2026-08-31 18:39:18.660168] 📱 Modelo TFLite encontrado: dummy.tflite (18 bytes)
[2026-08-31 18:39:18.662477] 💾 Persistencia Local: Creando backup...
[2026-08-31 18:39:18.717553] ✅ Backup creado: miu_brain_20260831_183918.db (421888 bytes)
[2026-08-31 18:39:18.718142] 🌐 Edge Computing: Ejecutando en el borde...
[2026-08-31 18:39:18.720107] 📡 Workflows de edge encontrados: 1
[2026-08-31 18:39:18.720832] 🔍 Búsqueda Vectorial: Indexando memoria...
[2026-08-31 18:39:18.723608] 🔋 Optimización de Batería: Agrupando tareas...
[2026-08-31 18:39:18.724972] 📋 6 tareas agrupadas en el loop
[2026-08-31 18:39:18.725466] 💡 Sugerencia: Agrupar tareas relacionadas en un solo script para ahorrar batería
[2026-08-31 18:39:18.725877] 🖼️ Compresión de Imágenes: Buscando imágenes...
[2026-08-31 18:39:18.967116] 📷 Encontradas 1 imágenes
[2026-08-31 18:39:18.967760] 📊 Tamaño total de imágenes: 270.4 KB
[2026-08-31 18:39:18.968088] ⚡ Compilación JIT: Optimizando scripts...
[2026-08-31 18:39:18.971724] ⚡ 0 scripts compilados a bytecode
[2026-08-31 18:39:18.972472] ✅ Tecnologías raras activas: compresion_estado, inferencia_movil, persistencia_local, edge_computing, optimizacion_bateria, compresion_imagenes, compilacion_jit
[2026-08-31 19:28:25.236015] 🔬 ACTIVANDO TECNOLOGÍAS RARAS (V∞+22)
[2026-08-31 19:28:25.241054] 📦 Compresión de Estado: Comprimiendo memoria...
[2026-08-31 19:28:25.278545] 📊 Base de datos comprimida: 430080 → 20347 bytes (ratio: 0.05)
[2026-08-31 19:28:25.279083] 🧠 Inferencia Móvil: Buscando modelos TFLite...
[2026-08-31 19:28:25.326856] 📱 Modelo TFLite encontrado: dummy.tflite (18 bytes)
[2026-08-31 19:28:25.327356] 💾 Persistencia Local: Creando backup...
[2026-08-31 19:28:25.369177] ✅ Backup creado: miu_brain_20260831_192825.db (430080 bytes)
[2026-08-31 19:28:25.369661] 🌐 Edge Computing: Ejecutando en el borde...
[2026-08-31 19:28:25.371692] 📡 Workflows de edge encontrados: 1
[2026-08-31 19:28:25.372257] 🔍 Búsqueda Vectorial: Indexando memoria...
[2026-08-31 19:28:25.374463] 🔋 Optimización de Batería: Agrupando tareas...
[2026-08-31 19:28:25.375615] 📋 6 tareas agrupadas en el loop
[2026-08-31 19:28:25.376102] 💡 Sugerencia: Agrupar tareas relacionadas en un solo script para ahorrar batería
[2026-08-31 19:28:25.376444] 🖼️ Compresión de Imágenes: Buscando imágenes...
[2026-08-31 19:28:25.607410] 📷 Encontradas 1 imágenes
[2026-08-31 19:28:25.608068] 📊 Tamaño total de imágenes: 270.4 KB
[2026-08-31 19:28:25.608366] ⚡ Compilación JIT: Optimizando scripts...
[2026-08-31 19:28:25.611611] ⚡ 0 scripts compilados a bytecode
[2026-08-31 19:28:25.612141] ✅ Tecnologías raras activas: compresion_estado, inferencia_movil, persistencia_local, edge_computing, optimizacion_bateria, compresion_imagenes, compilacion_jit
[2026-08-31 19:35:17.633061] 🔬 ACTIVANDO TECNOLOGÍAS RARAS (V∞+22)
[2026-08-31 19:35:17.638051] 📦 Compresión de Estado: Comprimiendo memoria...
[2026-08-31 19:35:17.677209] 📊 Base de datos comprimida: 438272 → 20639 bytes (ratio: 0.05)
[2026-08-31 19:35:17.677733] 🧠 Inferencia Móvil: Buscando modelos TFLite...
[2026-08-31 19:35:17.724981] 📱 Modelo TFLite encontrado: dummy.tflite (18 bytes)
[2026-08-31 19:35:17.725487] 💾 Persistencia Local: Creando backup...
[2026-08-31 19:35:17.769975] ✅ Backup creado: miu_brain_20260831_193517.db (438272 bytes)
[2026-08-31 19:35:17.770750] 🌐 Edge Computing: Ejecutando en el borde...
[2026-08-31 19:35:17.772915] 📡 Workflows de edge encontrados: 1
[2026-08-31 19:35:17.773400] 🔍 Búsqueda Vectorial: Indexando memoria...
[2026-08-31 19:35:17.775524] 🔋 Optimización de Batería: Agrupando tareas...
[2026-08-31 19:35:17.776452] 📋 6 tareas agrupadas en el loop
[2026-08-31 19:35:17.776729] 💡 Sugerencia: Agrupar tareas relacionadas en un solo script para ahorrar batería
[2026-08-31 19:35:17.777044] 🖼️ Compresión de Imágenes: Buscando imágenes...
[2026-08-31 19:35:18.009339] 📷 Encontradas 1 imágenes
[2026-08-31 19:35:18.009977] 📊 Tamaño total de imágenes: 270.4 KB
[2026-08-31 19:35:18.010346] ⚡ Compilación JIT: Optimizando scripts...
[2026-08-31 19:35:18.013421] ⚡ 0 scripts compilados a bytecode
[2026-08-31 19:35:18.013923] ✅ Tecnologías raras activas: compresion_estado, inferencia_movil, persistencia_local, edge_computing, optimizacion_bateria, compresion_imagenes, compilacion_jit
[2026-08-31 21:03:16.368662] 🔬 ACTIVANDO TECNOLOGÍAS RARAS (V∞+22)
[2026-08-31 21:03:16.373951] 📦 Compresión de Estado: Comprimiendo memoria...
[2026-08-31 21:03:16.417352] 📊 Base de datos comprimida: 446464 → 21425 bytes (ratio: 0.05)
[2026-08-31 21:03:16.418242] 🧠 Inferencia Móvil: Buscando modelos TFLite...
[2026-08-31 21:03:16.475853] 📱 Modelo TFLite encontrado: dummy.tflite (18 bytes)
[2026-08-31 21:03:16.476668] 💾 Persistencia Local: Creando backup...
[2026-08-31 21:03:16.528391] ✅ Backup creado: miu_brain_20260831_210316.db (446464 bytes)
[2026-08-31 21:03:16.529230] 🌐 Edge Computing: Ejecutando en el borde...
[2026-08-31 21:03:16.532044] 📡 Workflows de edge encontrados: 1
[2026-08-31 21:03:16.532977] 🔍 Búsqueda Vectorial: Indexando memoria...
[2026-08-31 21:03:16.536143] 🔋 Optimización de Batería: Agrupando tareas...
[2026-08-31 21:03:16.542978] 📋 6 tareas agrupadas en el loop
[2026-08-31 21:03:16.543627] 💡 Sugerencia: Agrupar tareas relacionadas en un solo script para ahorrar batería
[2026-08-31 21:03:16.544195] 🖼️ Compresión de Imágenes: Buscando imágenes...
[2026-08-31 21:03:16.834006] 📷 Encontradas 1 imágenes
[2026-08-31 21:03:16.835098] 📊 Tamaño total de imágenes: 270.4 KB
[2026-08-31 21:03:16.835823] ⚡ Compilación JIT: Optimizando scripts...
[2026-08-31 21:03:16.840293] ⚡ 0 scripts compilados a bytecode
[2026-08-31 21:03:16.841171] ✅ Tecnologías raras activas: compresion_estado, inferencia_movil, persistencia_local, edge_computing, optimizacion_bateria, compresion_imagenes, compilacion_jit
[2026-08-31 22:14:27.669098] 🔬 ACTIVANDO TECNOLOGÍAS RARAS (V∞+22)
[2026-08-31 22:14:27.930888] 📦 Compresión de Estado: Comprimiendo memoria...
[2026-08-31 22:14:29.324579] 📊 Base de datos comprimida: 458752 → 21942 bytes (ratio: 0.05)
[2026-08-31 22:14:29.325162] 🧠 Inferencia Móvil: Buscando modelos TFLite...
[2026-08-31 22:14:29.372915] 📱 Modelo TFLite encontrado: dummy.tflite (18 bytes)
[2026-08-31 22:14:29.373519] 💾 Persistencia Local: Creando backup...
[2026-08-31 22:14:29.415881] ✅ Backup creado: miu_brain_20260831_221429.db (458752 bytes)
[2026-08-31 22:14:29.416364] 🌐 Edge Computing: Ejecutando en el borde...
[2026-08-31 22:14:29.417949] 📡 Workflows de edge encontrados: 1
[2026-08-31 22:14:29.418391] 🔍 Búsqueda Vectorial: Indexando memoria...
[2026-08-31 22:14:29.420635] 🔋 Optimización de Batería: Agrupando tareas...
[2026-08-31 22:14:29.421606] 📋 6 tareas agrupadas en el loop
[2026-08-31 22:14:29.421884] 💡 Sugerencia: Agrupar tareas relacionadas en un solo script para ahorrar batería
[2026-08-31 22:14:29.422141] 🖼️ Compresión de Imágenes: Buscando imágenes...
[2026-08-31 22:14:29.659252] 📷 Encontradas 1 imágenes
[2026-08-31 22:14:29.659999] 📊 Tamaño total de imágenes: 270.4 KB
[2026-08-31 22:14:29.660439] ⚡ Compilación JIT: Optimizando scripts...
[2026-08-31 22:14:29.664008] ⚡ 0 scripts compilados a bytecode
[2026-08-31 22:14:29.664601] ✅ Tecnologías raras activas: compresion_estado, inferencia_movil, persistencia_local, edge_computing, optimizacion_bateria, compresion_imagenes, compilacion_jit
