[2026-08-29 21:16:25.209382] 🧬 TEJIENDO EVOLUCIÓN DESDE 45 HEBRAS (V∞+21)
[2026-08-29 21:16:25.210197] 🧠 Sustrato Biológico: Simulando tejido neural...
[2026-08-29 21:16:25.212466] 🧠 Organoide creado: 954cef03 (coherencia: 0.68)
[2026-08-29 21:16:25.514725] ✅ Organoide entrenado. Coherencia final: 0.71
[2026-08-29 21:16:25.515203] 🧬 Memoria Orgánica: Consolidando memoria persistente...
[2026-08-29 21:16:25.533767] 🔄 Consenso Distribuido: Simulando negociación entre agentes...
[2026-08-29 21:16:25.534632] 🗳️ Consenso alcanzado: expandir (3/5 votos)
[2026-08-29 21:16:25.786813] 🔮 Simulación Predictiva: Generando estrategias...
[2026-08-29 21:16:25.787372] 📊 Estrategia seleccionada: expandir (confianza: 0.60)
[2026-08-29 21:16:25.984600] 🕶️ Entrenamiento Inmersivo: Simulando escenarios...
[2026-08-29 21:16:25.985133] ⚠️ Simulando ataque_externo...
[2026-08-29 21:16:26.400428] ⚠️ Simulando fallo_memoria...
[2026-08-29 21:16:29.356907] ⚠️ Simulando sobrecarga_red...
[2026-08-29 21:16:29.357605] 📋 Entrenamiento completado. 3 escenarios ejecutados.
[2026-08-29 21:16:29.360112] ✅ Mecanismos evolutivos activos: sustrato_biologico, consenso_distribuido, simulacion_predictiva, entrenamiento_inmersivo
[2026-08-29 21:20:42.750801] 🧬 TEJIENDO EVOLUCIÓN DESDE 45 HEBRAS (V∞+21)
[2026-08-29 21:20:42.751583] 🧠 Sustrato Biológico: Simulando tejido neural...
[2026-08-29 21:20:42.753764] 🧠 Organoide creado: f6d35905 (coherencia: 0.57)
[2026-08-29 21:20:43.057833] ✅ Organoide entrenado. Coherencia final: 0.60
[2026-08-29 21:20:43.058713] 🧬 Memoria Orgánica: Consolidando memoria persistente...
[2026-08-29 21:20:43.062718] 🔄 Consenso Distribuido: Simulando negociación entre agentes...
[2026-08-29 21:20:43.063726] 🗳️ Consenso alcanzado: expandir (3/5 votos)
[2026-08-29 21:20:43.302162] 🔮 Simulación Predictiva: Generando estrategias...
[2026-08-29 21:20:43.303350] 📊 Estrategia seleccionada: expandir (confianza: 0.60)
[2026-08-29 21:20:43.603825] 🕶️ Entrenamiento Inmersivo: Simulando escenarios...
[2026-08-29 21:20:43.604282] ⚠️ Simulando ataque_externo...
[2026-08-29 21:20:44.022534] ⚠️ Simulando fallo_memoria...
[2026-08-29 21:20:47.801408] ⚠️ Simulando sobrecarga_red...
[2026-08-29 21:20:47.802428] 📋 Entrenamiento completado. 3 escenarios ejecutados.
[2026-08-29 21:20:47.806342] ✅ Mecanismos evolutivos activos: sustrato_biologico, consenso_distribuido, simulacion_predictiva, entrenamiento_inmersivo
[2026-08-29 21:24:16.440943] 🧬 TEJIENDO EVOLUCIÓN DESDE 45 HEBRAS (V∞+21)
[2026-08-29 21:24:16.442796] 🧠 Sustrato Biológico: Simulando tejido neural...
[2026-08-29 21:24:16.444984] 🧠 Organoide creado: 40c5ce7a (coherencia: 0.61)
[2026-08-29 21:24:16.748324] ✅ Organoide entrenado. Coherencia final: 0.64
[2026-08-29 21:24:16.748790] 🧬 Memoria Orgánica: Consolidando memoria persistente...
[2026-08-29 21:24:16.752308] 🔄 Consenso Distribuido: Simulando negociación entre agentes...
[2026-08-29 21:24:16.753202] 🗳️ Consenso alcanzado: podar (2/5 votos)
[2026-08-29 21:24:20.277619] 🔮 Simulación Predictiva: Generando estrategias...
[2026-08-29 21:24:20.278387] 📊 Estrategia seleccionada: expandir (confianza: 0.60)
[2026-08-29 21:24:20.513619] 🕶️ Entrenamiento Inmersivo: Simulando escenarios...
[2026-08-29 21:24:20.514153] ⚠️ Simulando ataque_externo...
[2026-08-29 21:24:20.979779] ⚠️ Simulando fallo_memoria...
[2026-08-29 21:24:24.468102] 📋 Entrenamiento completado. 2 escenarios ejecutados.
[2026-08-29 21:24:24.470808] ✅ Mecanismos evolutivos activos: sustrato_biologico, consenso_distribuido, simulacion_predictiva, entrenamiento_inmersivo
[2026-08-29 23:17:00.071508] 🧬 TEJIENDO EVOLUCIÓN DESDE 45 HEBRAS (V∞+21)
[2026-08-29 23:17:00.076049] 🧠 Sustrato Biológico: Simulando tejido neural...
[2026-08-29 23:17:00.078587] 🧠 Organoide creado: 07427c92 (coherencia: 0.76)
[2026-08-29 23:17:00.381245] ✅ Organoide entrenado. Coherencia final: 0.79
[2026-08-29 23:17:00.381939] 🧬 Memoria Orgánica: Consolidando memoria persistente...
[2026-08-29 23:17:00.386761] 🔄 Consenso Distribuido: Simulando negociación entre agentes...
[2026-08-29 23:17:00.390738] 🗳️ Consenso alcanzado: esperar (3/5 votos)
[2026-08-29 23:17:00.394097] 🔮 Simulación Predictiva: Generando estrategias...
[2026-08-29 23:17:00.394784] 📊 Estrategia seleccionada: expandir (confianza: 0.60)
[2026-08-29 23:17:00.647384] 🕶️ Entrenamiento Inmersivo: Simulando escenarios...
[2026-08-29 23:17:00.648294] ⚠️ Simulando ataque_externo...
[2026-08-29 23:17:01.154405] ⚠️ Simulando fallo_memoria...
[2026-08-29 23:17:04.888777] 📋 Entrenamiento completado. 2 escenarios ejecutados.
[2026-08-29 23:17:04.892011] ✅ Mecanismos evolutivos activos: sustrato_biologico, consenso_distribuido, simulacion_predictiva, entrenamiento_inmersivo
[2026-08-30 04:52:22.903714] 🧬 TEJIENDO EVOLUCIÓN DESDE 45 HEBRAS (V∞+21)
[2026-08-30 04:52:22.908127] 🧠 Sustrato Biológico: Simulando tejido neural...
[2026-08-30 04:52:22.910744] 🧠 Organoide creado: 2ff97210 (coherencia: 0.66)
[2026-08-30 04:52:23.213455] ✅ Organoide entrenado. Coherencia final: 0.69
[2026-08-30 04:52:23.214121] 🧬 Memoria Orgánica: Consolidando memoria persistente...
[2026-08-30 04:52:23.219213] 🔄 Consenso Distribuido: Simulando negociación entre agentes...
[2026-08-30 04:52:23.220365] 🗳️ Consenso alcanzado: esperar (3/5 votos)
[2026-08-30 04:52:23.223201] 🔮 Simulación Predictiva: Generando estrategias...
[2026-08-30 04:52:23.237036] 📊 Estrategia seleccionada: expandir (confianza: 0.60)
[2026-08-30 04:52:23.486348] 🕶️ Entrenamiento Inmersivo: Simulando escenarios...
[2026-08-30 04:52:23.487362] ⚠️ Simulando ataque_externo...
[2026-08-30 04:52:23.997040] 📋 Entrenamiento completado. 1 escenarios ejecutados.
[2026-08-30 04:52:24.000552] ✅ Mecanismos evolutivos activos: sustrato_biologico, consenso_distribuido, simulacion_predictiva, entrenamiento_inmersivo
[2026-08-30 05:32:31.888921] 🧬 TEJIENDO EVOLUCIÓN DESDE 45 HEBRAS (V∞+21)
[2026-08-30 05:32:31.894907] 🧠 Sustrato Biológico: Simulando tejido neural...
[2026-08-30 05:32:31.897508] 🧠 Organoide creado: 85ad5ecf (coherencia: 0.75)
[2026-08-30 05:32:32.200106] ✅ Organoide entrenado. Coherencia final: 0.78
[2026-08-30 05:32:32.200623] 🧬 Memoria Orgánica: Consolidando memoria persistente...
[2026-08-30 05:32:32.203287] 🔄 Consenso Distribuido: Simulando negociación entre agentes...
[2026-08-30 05:32:32.203993] 🗳️ Consenso alcanzado: podar (3/5 votos)
[2026-08-30 05:32:35.393755] 🔮 Simulación Predictiva: Generando estrategias...
[2026-08-30 05:32:35.394351] 📊 Estrategia seleccionada: expandir (confianza: 0.60)
[2026-08-30 05:32:35.561316] 🕶️ Entrenamiento Inmersivo: Simulando escenarios...
[2026-08-30 05:32:35.561706] ⚠️ Simulando ataque_externo...
[2026-08-30 05:32:35.908617] ⚠️ Simulando fallo_memoria...
[2026-08-30 05:32:38.432641] 📋 Entrenamiento completado. 2 escenarios ejecutados.
[2026-08-30 05:32:38.434441] ✅ Mecanismos evolutivos activos: sustrato_biologico, consenso_distribuido, simulacion_predictiva, entrenamiento_inmersivo
[2026-08-30 05:59:33.575910] 🧬 TEJIENDO EVOLUCIÓN DESDE 45 HEBRAS (V∞+21)
[2026-08-30 05:59:33.576523] 🧠 Sustrato Biológico: Simulando tejido neural...
[2026-08-30 05:59:33.578802] 🧠 Organoide creado: 39e75b30 (coherencia: 0.79)
[2026-08-30 05:59:33.881090] ✅ Organoide entrenado. Coherencia final: 0.82
[2026-08-30 05:59:33.881418] 🧬 Memoria Orgánica: Consolidando memoria persistente...
[2026-08-30 05:59:33.883657] 🔄 Consenso Distribuido: Simulando negociación entre agentes...
[2026-08-30 05:59:33.884285] 🗳️ Consenso alcanzado: podar (5/5 votos)
[2026-08-30 05:59:34.295687] 🔮 Simulación Predictiva: Generando estrategias...
[2026-08-30 05:59:34.296045] 📊 Estrategia seleccionada: expandir (confianza: 0.60)
[2026-08-30 05:59:34.460985] 🕶️ Entrenamiento Inmersivo: Simulando escenarios...
[2026-08-30 05:59:34.461341] ⚠️ Simulando fallo_memoria...
[2026-08-30 05:59:34.864123] 📋 Entrenamiento completado. 1 escenarios ejecutados.
[2026-08-30 05:59:34.865658] ✅ Mecanismos evolutivos activos: sustrato_biologico, consenso_distribuido, simulacion_predictiva, entrenamiento_inmersivo
[2026-08-30 06:00:47.016635] 🧬 TEJIENDO EVOLUCIÓN DESDE 45 HEBRAS (V∞+21)
[2026-08-30 06:00:47.017172] 🧠 Sustrato Biológico: Simulando tejido neural...
[2026-08-30 06:00:47.018805] 🧠 Organoide creado: 62e27330 (coherencia: 0.76)
[2026-08-30 06:00:47.321057] ✅ Organoide entrenado. Coherencia final: 0.79
[2026-08-30 06:00:47.321461] 🧬 Memoria Orgánica: Consolidando memoria persistente...
[2026-08-30 06:00:47.323926] 🔄 Consenso Distribuido: Simulando negociación entre agentes...
[2026-08-30 06:00:47.324629] 🗳️ Consenso alcanzado: expandir (2/5 votos)
[2026-08-30 06:00:47.506329] 🔮 Simulación Predictiva: Generando estrategias...
[2026-08-30 06:00:47.506785] 📊 Estrategia seleccionada: expandir (confianza: 0.60)
[2026-08-30 06:00:47.692266] 🕶️ Entrenamiento Inmersivo: Simulando escenarios...
[2026-08-30 06:00:47.692725] ⚠️ Simulando ataque_externo...
[2026-08-30 06:00:48.066555] 📋 Entrenamiento completado. 1 escenarios ejecutados.
[2026-08-30 06:00:48.068193] ✅ Mecanismos evolutivos activos: sustrato_biologico, consenso_distribuido, simulacion_predictiva, entrenamiento_inmersivo
[2026-08-30 06:30:29.328246] 🧬 TEJIENDO EVOLUCIÓN DESDE 45 HEBRAS (V∞+21)
[2026-08-30 06:30:29.371539] 🧠 Sustrato Biológico: Simulando tejido neural...
[2026-08-30 06:30:29.375585] 🧠 Organoide creado: 70e984da (coherencia: 0.60)
[2026-08-30 06:30:29.679323] ✅ Organoide entrenado. Coherencia final: 0.63
[2026-08-30 06:30:29.681230] 🧬 Memoria Orgánica: Consolidando memoria persistente...
[2026-08-30 06:30:29.692181] 🔄 Consenso Distribuido: Simulando negociación entre agentes...
[2026-08-30 06:30:29.693247] 🗳️ Consenso alcanzado: expandir (2/5 votos)
[2026-08-30 06:30:30.087778] 🔮 Simulación Predictiva: Generando estrategias...
[2026-08-30 06:30:30.089071] 📊 Estrategia seleccionada: expandir (confianza: 0.60)
[2026-08-30 06:30:30.333054] 🕶️ Entrenamiento Inmersivo: Simulando escenarios...
[2026-08-30 06:30:30.334071] ⚠️ Simulando ataque_externo...
[2026-08-30 06:30:30.885505] 📋 Entrenamiento completado. 1 escenarios ejecutados.
[2026-08-30 06:30:30.970515] ✅ Mecanismos evolutivos activos: sustrato_biologico, consenso_distribuido, simulacion_predictiva, entrenamiento_inmersivo
[2026-08-30 06:35:41.094834] 🧬 TEJIENDO EVOLUCIÓN DESDE 45 HEBRAS (V∞+21)
[2026-08-30 06:35:41.096162] 🧠 Sustrato Biológico: Simulando tejido neural...
[2026-08-30 06:35:41.098342] 🧠 Organoide creado: 8285b23e (coherencia: 0.73)
[2026-08-30 06:35:41.400540] ✅ Organoide entrenado. Coherencia final: 0.76
[2026-08-30 06:35:41.401004] 🧬 Memoria Orgánica: Consolidando memoria persistente...
[2026-08-30 06:35:41.403512] 🔄 Consenso Distribuido: Simulando negociación entre agentes...
[2026-08-30 06:35:41.404223] 🗳️ Consenso alcanzado: esperar (2/5 votos)
[2026-08-30 06:35:41.406221] 🔮 Simulación Predictiva: Generando estrategias...
[2026-08-30 06:35:41.406754] 📊 Estrategia seleccionada: expandir (confianza: 0.60)
[2026-08-30 06:35:41.597356] 🕶️ Entrenamiento Inmersivo: Simulando escenarios...
[2026-08-30 06:35:41.597842] ⚠️ Simulando ataque_externo...
[2026-08-30 06:35:41.991517] ⚠️ Simulando sobrecarga_red...
[2026-08-30 06:35:41.992020] 📋 Entrenamiento completado. 2 escenarios ejecutados.
[2026-08-30 06:35:41.993436] ✅ Mecanismos evolutivos activos: sustrato_biologico, consenso_distribuido, simulacion_predictiva, entrenamiento_inmersivo
[2026-08-30 06:36:02.494677] 🧬 TEJIENDO EVOLUCIÓN DESDE 45 HEBRAS (V∞+21)
[2026-08-30 06:36:02.497037] 🧠 Sustrato Biológico: Simulando tejido neural...
[2026-08-30 06:36:02.500140] 🧠 Organoide creado: 3e660db8 (coherencia: 0.57)
[2026-08-30 06:36:02.802467] ✅ Organoide entrenado. Coherencia final: 0.60
[2026-08-30 06:36:02.803037] 🧬 Memoria Orgánica: Consolidando memoria persistente...
[2026-08-30 06:36:02.805991] 🔄 Consenso Distribuido: Simulando negociación entre agentes...
[2026-08-30 06:36:02.806733] 🗳️ Consenso alcanzado: expandir (4/5 votos)
[2026-08-30 06:36:03.059199] 🔮 Simulación Predictiva: Generando estrategias...
[2026-08-30 06:36:03.060223] 📊 Estrategia seleccionada: expandir (confianza: 0.60)
[2026-08-30 06:36:03.267952] 🕶️ Entrenamiento Inmersivo: Simulando escenarios...
[2026-08-30 06:36:03.268435] ⚠️ Simulando ataque_externo...
[2026-08-30 06:36:03.657535] ⚠️ Simulando fallo_memoria...
[2026-08-30 06:36:04.137788] ⚠️ Simulando sobrecarga_red...
[2026-08-30 06:36:04.138509] 📋 Entrenamiento completado. 3 escenarios ejecutados.
[2026-08-30 06:36:04.141089] ✅ Mecanismos evolutivos activos: sustrato_biologico, consenso_distribuido, simulacion_predictiva, entrenamiento_inmersivo
[2026-08-30 06:37:09.558266] 🧬 TEJIENDO EVOLUCIÓN DESDE 45 HEBRAS (V∞+21)
[2026-08-30 06:37:09.558856] 🧠 Sustrato Biológico: Simulando tejido neural...
[2026-08-30 06:37:09.560899] 🧠 Organoide creado: f3d354bb (coherencia: 0.56)
[2026-08-30 06:37:09.866399] ✅ Organoide entrenado. Coherencia final: 0.59
[2026-08-30 06:37:09.867060] 🧬 Memoria Orgánica: Consolidando memoria persistente...
[2026-08-30 06:37:09.871594] 🔄 Consenso Distribuido: Simulando negociación entre agentes...
[2026-08-30 06:37:09.874082] 🗳️ Consenso alcanzado: expandir (3/5 votos)
[2026-08-30 06:37:10.141822] 🔮 Simulación Predictiva: Generando estrategias...
[2026-08-30 06:37:10.142540] 📊 Estrategia seleccionada: expandir (confianza: 0.60)
[2026-08-30 06:37:10.339444] 🕶️ Entrenamiento Inmersivo: Simulando escenarios...
[2026-08-30 06:37:10.339832] ⚠️ Simulando fallo_memoria...
[2026-08-30 06:37:10.753555] 📋 Entrenamiento completado. 1 escenarios ejecutados.
[2026-08-30 06:37:10.755939] ✅ Mecanismos evolutivos activos: sustrato_biologico, consenso_distribuido, simulacion_predictiva, entrenamiento_inmersivo
[2026-08-30 06:50:26.189947] 🧬 TEJIENDO EVOLUCIÓN DESDE 45 HEBRAS (V∞+21)
[2026-08-30 06:50:26.190930] 🧠 Sustrato Biológico: Simulando tejido neural...
[2026-08-30 06:50:26.194049] 🧠 Organoide creado: c35ec58c (coherencia: 0.79)
[2026-08-30 06:50:26.498015] ✅ Organoide entrenado. Coherencia final: 0.82
[2026-08-30 06:50:26.498805] 🧬 Memoria Orgánica: Consolidando memoria persistente...
[2026-08-30 06:50:26.503037] 🔄 Consenso Distribuido: Simulando negociación entre agentes...
[2026-08-30 06:50:26.504171] 🗳️ Consenso alcanzado: podar (4/5 votos)
[2026-08-30 06:50:27.095640] 🔮 Simulación Predictiva: Generando estrategias...
[2026-08-30 06:50:27.096535] 📊 Estrategia seleccionada: expandir (confianza: 0.60)
[2026-08-30 06:50:27.322768] 🕶️ Entrenamiento Inmersivo: Simulando escenarios...
[2026-08-30 06:50:27.323270] ⚠️ Simulando ataque_externo...
[2026-08-30 06:50:27.834528] ⚠️ Simulando fallo_memoria...
[2026-08-30 06:50:28.386021] ⚠️ Simulando sobrecarga_red...
[2026-08-30 06:50:28.386739] 📋 Entrenamiento completado. 3 escenarios ejecutados.
[2026-08-30 06:50:28.389058] ✅ Mecanismos evolutivos activos: sustrato_biologico, consenso_distribuido, simulacion_predictiva, entrenamiento_inmersivo
[2026-08-30 06:55:36.002244] 🧬 TEJIENDO EVOLUCIÓN DESDE 45 HEBRAS (V∞+21)
[2026-08-30 06:55:36.002985] 🧠 Sustrato Biológico: Simulando tejido neural...
[2026-08-30 06:55:36.006536] 🧠 Organoide creado: 4d3f115c (coherencia: 0.62)
[2026-08-30 06:55:36.308875] ✅ Organoide entrenado. Coherencia final: 0.65
[2026-08-30 06:55:36.309196] 🧬 Memoria Orgánica: Consolidando memoria persistente...
[2026-08-30 06:55:36.312316] 🔄 Consenso Distribuido: Simulando negociación entre agentes...
[2026-08-30 06:55:36.312977] 🗳️ Consenso alcanzado: podar (3/5 votos)
[2026-08-30 06:55:36.740196] 🔮 Simulación Predictiva: Generando estrategias...
[2026-08-30 06:55:36.740769] 📊 Estrategia seleccionada: expandir (confianza: 0.60)
[2026-08-30 06:55:36.921231] 🕶️ Entrenamiento Inmersivo: Simulando escenarios...
[2026-08-30 06:55:36.921939] ⚠️ Simulando ataque_externo...
[2026-08-30 06:55:37.318523] ⚠️ Simulando fallo_memoria...
[2026-08-30 06:55:37.734406] 📋 Entrenamiento completado. 2 escenarios ejecutados.
[2026-08-30 06:55:37.736318] ✅ Mecanismos evolutivos activos: sustrato_biologico, consenso_distribuido, simulacion_predictiva, entrenamiento_inmersivo
[2026-08-30 06:58:59.398604] 🧬 TEJIENDO EVOLUCIÓN DESDE 45 HEBRAS (V∞+21)
[2026-08-30 06:58:59.399090] 🧠 Sustrato Biológico: Simulando tejido neural...
[2026-08-30 06:58:59.400783] 🧠 Organoide creado: 08880ab5 (coherencia: 0.77)
[2026-08-30 06:58:59.703079] ✅ Organoide entrenado. Coherencia final: 0.80
[2026-08-30 06:58:59.703520] 🧬 Memoria Orgánica: Consolidando memoria persistente...
[2026-08-30 06:58:59.706261] 🔄 Consenso Distribuido: Simulando negociación entre agentes...
[2026-08-30 06:58:59.707529] 🗳️ Consenso alcanzado: expandir (4/5 votos)
[2026-08-30 06:58:59.899746] 🔮 Simulación Predictiva: Generando estrategias...
[2026-08-30 06:58:59.900430] 📊 Estrategia seleccionada: expandir (confianza: 0.60)
[2026-08-30 06:59:00.083927] 🕶️ Entrenamiento Inmersivo: Simulando escenarios...
[2026-08-30 06:59:00.084556] ⚠️ Simulando ataque_externo...
[2026-08-30 06:59:00.497887] ⚠️ Simulando fallo_memoria...
[2026-08-30 06:59:00.923139] ⚠️ Simulando sobrecarga_red...
[2026-08-30 06:59:00.923610] 📋 Entrenamiento completado. 3 escenarios ejecutados.
[2026-08-30 06:59:00.924849] ✅ Mecanismos evolutivos activos: sustrato_biologico, consenso_distribuido, simulacion_predictiva, entrenamiento_inmersivo
[2026-08-30 07:04:47.364464] 🧬 TEJIENDO EVOLUCIÓN DESDE 45 HEBRAS (V∞+21)
[2026-08-30 07:04:47.364934] 🧠 Sustrato Biológico: Simulando tejido neural...
[2026-08-30 07:04:47.366296] 🧠 Organoide creado: 8e1bb03b (coherencia: 0.61)
[2026-08-30 07:04:47.669611] ✅ Organoide entrenado. Coherencia final: 0.64
[2026-08-30 07:04:47.670230] 🧬 Memoria Orgánica: Consolidando memoria persistente...
[2026-08-30 07:04:47.673457] 🔄 Consenso Distribuido: Simulando negociación entre agentes...
[2026-08-30 07:04:47.674333] 🗳️ Consenso alcanzado: esperar (3/5 votos)
[2026-08-30 07:04:47.676742] 🔮 Simulación Predictiva: Generando estrategias...
[2026-08-30 07:04:47.677238] 📊 Estrategia seleccionada: expandir (confianza: 0.60)
[2026-08-30 07:04:47.854300] 🕶️ Entrenamiento Inmersivo: Simulando escenarios...
[2026-08-30 07:04:47.854825] ⚠️ Simulando ataque_externo...
[2026-08-30 07:04:48.203190] ⚠️ Simulando fallo_memoria...
[2026-08-30 07:04:48.632405] ⚠️ Simulando sobrecarga_red...
[2026-08-30 07:04:48.633028] 📋 Entrenamiento completado. 3 escenarios ejecutados.
[2026-08-30 07:04:48.634397] ✅ Mecanismos evolutivos activos: sustrato_biologico, consenso_distribuido, simulacion_predictiva, entrenamiento_inmersivo
[2026-08-30 07:14:16.246312] 🧬 TEJIENDO EVOLUCIÓN DESDE 45 HEBRAS (V∞+21)
[2026-08-30 07:14:16.254069] 🧠 Sustrato Biológico: Simulando tejido neural...
[2026-08-30 07:14:16.257082] 🧠 Organoide creado: 9f20d40e (coherencia: 0.59)
[2026-08-30 07:14:16.559392] ✅ Organoide entrenado. Coherencia final: 0.62
[2026-08-30 07:14:16.559852] 🧬 Memoria Orgánica: Consolidando memoria persistente...
[2026-08-30 07:14:16.562706] 🔄 Consenso Distribuido: Simulando negociación entre agentes...
[2026-08-30 07:14:16.563514] 🗳️ Consenso alcanzado: podar (2/5 votos)
[2026-08-30 07:14:17.055425] 🔮 Simulación Predictiva: Generando estrategias...
[2026-08-30 07:14:17.056102] 📊 Estrategia seleccionada: expandir (confianza: 0.60)
[2026-08-30 07:14:17.308039] 🕶️ Entrenamiento Inmersivo: Simulando escenarios...
[2026-08-30 07:14:17.309022] ⚠️ Simulando ataque_externo...
[2026-08-30 07:14:17.844951] ⚠️ Simulando fallo_memoria...
[2026-08-30 07:14:18.385583] 📋 Entrenamiento completado. 2 escenarios ejecutados.
[2026-08-30 07:14:18.388389] ✅ Mecanismos evolutivos activos: sustrato_biologico, consenso_distribuido, simulacion_predictiva, entrenamiento_inmersivo
[2026-08-30 07:18:51.090075] 🧬 TEJIENDO EVOLUCIÓN DESDE 45 HEBRAS (V∞+21)
[2026-08-30 07:18:51.090816] 🧠 Sustrato Biológico: Simulando tejido neural...
[2026-08-30 07:18:51.093137] 🧠 Organoide creado: f8ef988d (coherencia: 0.58)
[2026-08-30 07:18:51.395712] ✅ Organoide entrenado. Coherencia final: 0.61
[2026-08-30 07:18:51.396353] 🧬 Memoria Orgánica: Consolidando memoria persistente...
[2026-08-30 07:18:51.400720] 🔄 Consenso Distribuido: Simulando negociación entre agentes...
[2026-08-30 07:18:51.401868] 🗳️ Consenso alcanzado: expandir (3/5 votos)
[2026-08-30 07:18:51.623535] 🔮 Simulación Predictiva: Generando estrategias...
[2026-08-30 07:18:51.624215] 📊 Estrategia seleccionada: expandir (confianza: 0.60)
[2026-08-30 07:18:51.842318] 🕶️ Entrenamiento Inmersivo: Simulando escenarios...
[2026-08-30 07:18:51.843177] ⚠️ Simulando ataque_externo...
[2026-08-30 07:18:52.287532] ⚠️ Simulando fallo_memoria...
[2026-08-30 07:18:52.782243] 📋 Entrenamiento completado. 2 escenarios ejecutados.
[2026-08-30 07:18:52.784415] ✅ Mecanismos evolutivos activos: sustrato_biologico, consenso_distribuido, simulacion_predictiva, entrenamiento_inmersivo
[2026-08-30 07:24:31.899142] 🧬 TEJIENDO EVOLUCIÓN DESDE 45 HEBRAS (V∞+21)
[2026-08-30 07:24:31.899620] 🧠 Sustrato Biológico: Simulando tejido neural...
[2026-08-30 07:24:31.901458] 🧠 Organoide creado: 8958ed40 (coherencia: 0.60)
[2026-08-30 07:24:32.204001] ✅ Organoide entrenado. Coherencia final: 0.63
[2026-08-30 07:24:32.204524] 🧬 Memoria Orgánica: Consolidando memoria persistente...
[2026-08-30 07:24:32.207912] 🔄 Consenso Distribuido: Simulando negociación entre agentes...
[2026-08-30 07:24:32.208681] 🗳️ Consenso alcanzado: esperar (4/5 votos)
[2026-08-30 07:24:32.211187] 🔮 Simulación Predictiva: Generando estrategias...
[2026-08-30 07:24:32.211879] 📊 Estrategia seleccionada: expandir (confianza: 0.60)
[2026-08-30 07:24:32.401802] 🕶️ Entrenamiento Inmersivo: Simulando escenarios...
[2026-08-30 07:24:32.402169] ⚠️ Simulando fallo_memoria...
[2026-08-30 07:24:32.819212] ⚠️ Simulando sobrecarga_red...
[2026-08-30 07:24:32.819759] 📋 Entrenamiento completado. 2 escenarios ejecutados.
[2026-08-30 07:24:32.821894] ✅ Mecanismos evolutivos activos: sustrato_biologico, memoria_organica, consenso_distribuido, simulacion_predictiva, entrenamiento_inmersivo
[2026-08-30 07:45:58.687400] 🧬 TEJIENDO EVOLUCIÓN DESDE 45 HEBRAS (V∞+21)
[2026-08-30 07:45:58.692371] 🧠 Sustrato Biológico: Simulando tejido neural...
[2026-08-30 07:45:58.695569] 🧠 Organoide creado: eb107c79 (coherencia: 0.71)
[2026-08-30 07:45:58.999578] ✅ Organoide entrenado. Coherencia final: 0.74
[2026-08-30 07:45:59.000246] 🧬 Memoria Orgánica: Consolidando memoria persistente...
[2026-08-30 07:45:59.003921] 🔄 Consenso Distribuido: Simulando negociación entre agentes...
[2026-08-30 07:45:59.004781] 🗳️ Consenso alcanzado: podar (4/5 votos)
[2026-08-30 07:45:59.710411] 🔮 Simulación Predictiva: Generando estrategias...
[2026-08-30 07:45:59.712362] 📊 Estrategia seleccionada: expandir (confianza: 0.60)
[2026-08-30 07:46:00.086059] 🕶️ Entrenamiento Inmersivo: Simulando escenarios...
[2026-08-30 07:46:00.086911] ⚠️ Simulando fallo_memoria...
[2026-08-30 07:46:00.915703] 📋 Entrenamiento completado. 1 escenarios ejecutados.
[2026-08-30 07:46:00.919201] ✅ Mecanismos evolutivos activos: sustrato_biologico, memoria_organica, consenso_distribuido, simulacion_predictiva, entrenamiento_inmersivo
[2026-08-30 08:19:59.998723] 🧬 TEJIENDO EVOLUCIÓN DESDE 45 HEBRAS (V∞+21)
[2026-08-30 08:20:00.003788] 🧠 Sustrato Biológico: Simulando tejido neural...
[2026-08-30 08:20:00.006046] 🧠 Organoide creado: d6f19a01 (coherencia: 0.68)
[2026-08-30 08:20:00.310254] ✅ Organoide entrenado. Coherencia final: 0.71
[2026-08-30 08:20:00.311018] 🧬 Memoria Orgánica: Consolidando memoria persistente...
[2026-08-30 08:20:00.315029] 🔄 Consenso Distribuido: Simulando negociación entre agentes...
[2026-08-30 08:20:00.315807] 🗳️ Consenso alcanzado: podar (3/5 votos)
[2026-08-30 08:20:00.792565] 🔮 Simulación Predictiva: Generando estrategias...
[2026-08-30 08:20:00.792925] 📊 Estrategia seleccionada: expandir (confianza: 0.60)
[2026-08-30 08:20:00.961909] 🕶️ Entrenamiento Inmersivo: Simulando escenarios...
[2026-08-30 08:20:00.962247] ⚠️ Simulando ataque_externo...
[2026-08-30 08:20:01.320252] ⚠️ Simulando sobrecarga_red...
[2026-08-30 08:20:01.320775] 📋 Entrenamiento completado. 2 escenarios ejecutados.
[2026-08-30 08:20:01.322927] ✅ Mecanismos evolutivos activos: sustrato_biologico, memoria_organica, consenso_distribuido, simulacion_predictiva, entrenamiento_inmersivo
[2026-08-30 08:28:44.109987] 🧬 TEJIENDO EVOLUCIÓN DESDE 45 HEBRAS (V∞+21)
[2026-08-30 08:28:44.134128] 🧠 Sustrato Biológico: Simulando tejido neural...
[2026-08-30 08:28:44.147218] 🧠 Organoide creado: e90d85b2 (coherencia: 0.63)
[2026-08-30 08:28:44.492975] ✅ Organoide entrenado. Coherencia final: 0.66
[2026-08-30 08:28:44.493539] 🧬 Memoria Orgánica: Consolidando memoria persistente...
[2026-08-30 08:28:44.540963] 🔄 Consenso Distribuido: Simulando negociación entre agentes...
[2026-08-30 08:28:44.542208] 🗳️ Consenso alcanzado: esperar (3/5 votos)
[2026-08-30 08:28:44.545418] 🔮 Simulación Predictiva: Generando estrategias...
[2026-08-30 08:28:44.546631] 📊 Estrategia seleccionada: expandir (confianza: 0.60)
[2026-08-30 08:28:44.885747] 🕶️ Entrenamiento Inmersivo: Simulando escenarios...
[2026-08-30 08:28:44.886124] ⚠️ Simulando ataque_externo...
[2026-08-30 08:28:45.955328] ⚠️ Simulando sobrecarga_red...
[2026-08-30 08:28:45.955986] 📋 Entrenamiento completado. 2 escenarios ejecutados.
[2026-08-30 08:28:45.959525] ✅ Mecanismos evolutivos activos: sustrato_biologico, memoria_organica, consenso_distribuido, simulacion_predictiva, entrenamiento_inmersivo
[2026-08-30 08:46:51.921917] 🧬 TEJIENDO EVOLUCIÓN DESDE 45 HEBRAS (V∞+21)
[2026-08-30 08:46:51.926853] 🧠 Sustrato Biológico: Simulando tejido neural...
[2026-08-30 08:46:51.929420] 🧠 Organoide creado: 1fb9e21f (coherencia: 0.63)
[2026-08-30 08:46:52.231851] ✅ Organoide entrenado. Coherencia final: 0.66
[2026-08-30 08:46:52.232470] 🧬 Memoria Orgánica: Consolidando memoria persistente...
[2026-08-30 08:46:52.236181] 🔄 Consenso Distribuido: Simulando negociación entre agentes...
[2026-08-30 08:46:52.237169] 🗳️ Consenso alcanzado: podar (2/5 votos)
[2026-08-30 08:46:52.750550] 🔮 Simulación Predictiva: Generando estrategias...
[2026-08-30 08:46:52.751313] 📊 Estrategia seleccionada: expandir (confianza: 0.60)
[2026-08-30 08:46:52.967854] 🕶️ Entrenamiento Inmersivo: Simulando escenarios...
[2026-08-30 08:46:52.970002] ⚠️ Simulando ataque_externo...
[2026-08-30 08:46:54.103862] ⚠️ Simulando fallo_memoria...
[2026-08-30 08:46:55.728315] ⚠️ Simulando sobrecarga_red...
[2026-08-30 08:46:55.728913] 📋 Entrenamiento completado. 3 escenarios ejecutados.
[2026-08-30 08:46:55.731371] ✅ Mecanismos evolutivos activos: sustrato_biologico, memoria_organica, consenso_distribuido, simulacion_predictiva, entrenamiento_inmersivo
[2026-08-30 08:48:18.868100] 🧬 TEJIENDO EVOLUCIÓN DESDE 45 HEBRAS (V∞+21)
[2026-08-30 08:48:18.883630] 🧠 Sustrato Biológico: Simulando tejido neural...
[2026-08-30 08:48:18.900134] 🧠 Organoide creado: 46f21ce8 (coherencia: 0.56)
[2026-08-30 08:48:19.202155] ✅ Organoide entrenado. Coherencia final: 0.59
[2026-08-30 08:48:19.202537] 🧬 Memoria Orgánica: Consolidando memoria persistente...
[2026-08-30 08:48:19.205404] 🔄 Consenso Distribuido: Simulando negociación entre agentes...
[2026-08-30 08:48:19.206038] 🗳️ Consenso alcanzado: esperar (2/5 votos)
[2026-08-30 08:48:19.207657] 🔮 Simulación Predictiva: Generando estrategias...
[2026-08-30 08:48:19.208006] 📊 Estrategia seleccionada: expandir (confianza: 0.60)
[2026-08-30 08:48:19.490493] 🕶️ Entrenamiento Inmersivo: Simulando escenarios...
[2026-08-30 08:48:19.490993] ⚠️ Simulando ataque_externo...
[2026-08-30 08:48:19.915412] ⚠️ Simulando fallo_memoria...
[2026-08-30 08:48:20.417862] ⚠️ Simulando sobrecarga_red...
[2026-08-30 08:48:20.418377] 📋 Entrenamiento completado. 3 escenarios ejecutados.
[2026-08-30 08:48:20.419757] ✅ Mecanismos evolutivos activos: sustrato_biologico, memoria_organica, consenso_distribuido, simulacion_predictiva, entrenamiento_inmersivo
[2026-08-30 09:08:07.250793] 🧬 TEJIENDO EVOLUCIÓN DESDE 45 HEBRAS (V∞+21)
[2026-08-30 09:08:07.252517] 🧠 Sustrato Biológico: Simulando tejido neural...
[2026-08-30 09:08:07.254715] 🧠 Organoide creado: bb6c0486 (coherencia: 0.62)
[2026-08-30 09:08:07.556930] ✅ Organoide entrenado. Coherencia final: 0.65
[2026-08-30 09:08:07.557253] 🧬 Memoria Orgánica: Consolidando memoria persistente...
[2026-08-30 09:08:07.560078] 🔄 Consenso Distribuido: Simulando negociación entre agentes...
[2026-08-30 09:08:07.560782] 🗳️ Consenso alcanzado: podar (3/5 votos)
[2026-08-30 09:08:08.018150] 🔮 Simulación Predictiva: Generando estrategias...
[2026-08-30 09:08:08.018524] 📊 Estrategia seleccionada: expandir (confianza: 0.60)
[2026-08-30 09:08:08.193022] 🕶️ Entrenamiento Inmersivo: Simulando escenarios...
[2026-08-30 09:08:08.193369] ⚠️ Simulando fallo_memoria...
[2026-08-30 09:08:08.641347] 📋 Entrenamiento completado. 1 escenarios ejecutados.
[2026-08-30 09:08:08.642949] ✅ Mecanismos evolutivos activos: sustrato_biologico, memoria_organica, consenso_distribuido, simulacion_predictiva, entrenamiento_inmersivo
[2026-08-30 09:26:15.820589] 🧬 TEJIENDO EVOLUCIÓN DESDE 45 HEBRAS (V∞+21)
[2026-08-30 09:26:15.822602] 🧠 Sustrato Biológico: Simulando tejido neural...
[2026-08-30 09:26:15.824151] 🧠 Organoide creado: c7171c6e (coherencia: 0.58)
[2026-08-30 09:26:16.136819] ✅ Organoide entrenado. Coherencia final: 0.61
[2026-08-30 09:26:16.137407] 🧬 Memoria Orgánica: Consolidando memoria persistente...
[2026-08-30 09:26:16.141987] 🔄 Consenso Distribuido: Simulando negociación entre agentes...
[2026-08-30 09:26:16.142839] 🗳️ Consenso alcanzado: expandir (2/5 votos)
[2026-08-30 09:26:16.355424] 🔮 Simulación Predictiva: Generando estrategias...
[2026-08-30 09:26:16.355774] 📊 Estrategia seleccionada: expandir (confianza: 0.60)
[2026-08-30 09:26:16.541645] 🕶️ Entrenamiento Inmersivo: Simulando escenarios...
[2026-08-30 09:26:16.541975] ⚠️ Simulando ataque_externo...
[2026-08-30 09:26:16.924316] 📋 Entrenamiento completado. 1 escenarios ejecutados.
[2026-08-30 09:26:16.925912] ✅ Mecanismos evolutivos activos: sustrato_biologico, memoria_organica, consenso_distribuido, simulacion_predictiva, entrenamiento_inmersivo
[2026-08-30 10:12:36.090805] 🧬 TEJIENDO EVOLUCIÓN DESDE 45 HEBRAS (V∞+21)
[2026-08-30 10:12:36.119757] 🧠 Sustrato Biológico: Simulando tejido neural...
[2026-08-30 10:12:36.122912] 🧠 Organoide creado: a21a81d6 (coherencia: 0.74)
[2026-08-30 10:12:36.426097] ✅ Organoide entrenado. Coherencia final: 0.77
[2026-08-30 10:12:36.426965] 🧬 Memoria Orgánica: Consolidando memoria persistente...
[2026-08-30 10:12:36.432076] 🔄 Consenso Distribuido: Simulando negociación entre agentes...
[2026-08-30 10:12:36.433128] 🗳️ Consenso alcanzado: podar (3/5 votos)
[2026-08-30 10:12:37.108539] 🔮 Simulación Predictiva: Generando estrategias...
[2026-08-30 10:12:37.109104] 📊 Estrategia seleccionada: expandir (confianza: 0.60)
[2026-08-30 10:12:37.364141] 🕶️ Entrenamiento Inmersivo: Simulando escenarios...
[2026-08-30 10:12:37.365104] ⚠️ Simulando ataque_externo...
[2026-08-30 10:12:37.982580] ⚠️ Simulando sobrecarga_red...
[2026-08-30 10:12:37.985981] 📋 Entrenamiento completado. 2 escenarios ejecutados.
[2026-08-30 10:12:37.989154] ✅ Mecanismos evolutivos activos: sustrato_biologico, memoria_organica, consenso_distribuido, simulacion_predictiva, entrenamiento_inmersivo
[2026-08-30 10:12:42.028204] 🧬 TEJIENDO EVOLUCIÓN DESDE 45 HEBRAS (V∞+21)
[2026-08-30 10:12:42.028964] 🧠 Sustrato Biológico: Simulando tejido neural...
[2026-08-30 10:12:42.031381] 🧠 Organoide creado: 9767c0ee (coherencia: 0.77)
[2026-08-30 10:12:42.334259] ✅ Organoide entrenado. Coherencia final: 0.80
[2026-08-30 10:12:42.334867] 🧬 Memoria Orgánica: Consolidando memoria persistente...
[2026-08-30 10:12:42.338902] 🔄 Consenso Distribuido: Simulando negociación entre agentes...
[2026-08-30 10:12:42.339761] 🗳️ Consenso alcanzado: esperar (2/5 votos)
[2026-08-30 10:12:42.342708] 🔮 Simulación Predictiva: Generando estrategias...
[2026-08-30 10:12:42.343355] 📊 Estrategia seleccionada: expandir (confianza: 0.60)
[2026-08-30 10:12:42.600214] 🕶️ Entrenamiento Inmersivo: Simulando escenarios...
[2026-08-30 10:12:42.601810] ⚠️ Simulando ataque_externo...
[2026-08-30 10:12:43.109645] ⚠️ Simulando fallo_memoria...
[2026-08-30 10:12:43.660606] 📋 Entrenamiento completado. 2 escenarios ejecutados.
[2026-08-30 10:12:43.663129] ✅ Mecanismos evolutivos activos: sustrato_biologico, memoria_organica, consenso_distribuido, simulacion_predictiva, entrenamiento_inmersivo
[2026-08-30 10:43:26.801080] 🧬 TEJIENDO EVOLUCIÓN DESDE 45 HEBRAS (V∞+21)
[2026-08-30 10:43:26.805646] 🧠 Sustrato Biológico: Simulando tejido neural...
[2026-08-30 10:43:26.807654] 🧠 Organoide creado: 7c9e9b9b (coherencia: 0.61)
[2026-08-30 10:43:27.112986] ✅ Organoide entrenado. Coherencia final: 0.64
[2026-08-30 10:43:27.113459] 🧬 Memoria Orgánica: Consolidando memoria persistente...
[2026-08-30 10:43:27.120655] 🔄 Consenso Distribuido: Simulando negociación entre agentes...
[2026-08-30 10:43:27.122659] 🗳️ Consenso alcanzado: podar (3/5 votos)
[2026-08-30 10:43:27.650935] 🔮 Simulación Predictiva: Generando estrategias...
[2026-08-30 10:43:27.651662] 📊 Estrategia seleccionada: expandir (confianza: 0.60)
[2026-08-30 10:43:27.839693] 🕶️ Entrenamiento Inmersivo: Simulando escenarios...
[2026-08-30 10:43:27.840139] ⚠️ Simulando ataque_externo...
[2026-08-30 10:43:28.209574] ⚠️ Simulando fallo_memoria...
[2026-08-30 10:43:28.661708] 📋 Entrenamiento completado. 2 escenarios ejecutados.
[2026-08-30 10:43:28.664403] ✅ Mecanismos evolutivos activos: sustrato_biologico, memoria_organica, consenso_distribuido, simulacion_predictiva, entrenamiento_inmersivo
[2026-08-30 20:17:56.474520] 🧬 TEJIENDO EVOLUCIÓN DESDE 45 HEBRAS (V∞+21)
[2026-08-30 20:17:56.479240] 🧠 Sustrato Biológico: Simulando tejido neural...
[2026-08-30 20:17:56.481869] 🧠 Organoide creado: 074a1694 (coherencia: 0.52)
[2026-08-30 20:17:56.784406] ✅ Organoide entrenado. Coherencia final: 0.55
[2026-08-30 20:17:56.784812] 🧬 Memoria Orgánica: Consolidando memoria persistente...
[2026-08-30 20:17:56.787828] 🔄 Consenso Distribuido: Simulando negociación entre agentes...
[2026-08-30 20:17:56.788512] 🗳️ Consenso alcanzado: esperar (3/5 votos)
[2026-08-30 20:17:56.790622] 🔮 Simulación Predictiva: Generando estrategias...
[2026-08-30 20:17:56.791076] 📊 Estrategia seleccionada: expandir (confianza: 0.60)
[2026-08-30 20:17:56.972271] 🕶️ Entrenamiento Inmersivo: Simulando escenarios...
[2026-08-30 20:17:56.972722] ⚠️ Simulando ataque_externo...
[2026-08-30 20:17:57.346361] ⚠️ Simulando fallo_memoria...
[2026-08-30 20:17:57.811174] 📋 Entrenamiento completado. 2 escenarios ejecutados.
[2026-08-30 20:17:57.813087] ✅ Mecanismos evolutivos activos: sustrato_biologico, memoria_organica, consenso_distribuido, simulacion_predictiva, entrenamiento_inmersivo
[2026-08-30 20:28:50.911512] 🧬 TEJIENDO EVOLUCIÓN DESDE 45 HEBRAS (V∞+21)
[2026-08-30 20:28:50.912156] 🧠 Sustrato Biológico: Simulando tejido neural...
[2026-08-30 20:28:50.914371] 🧠 Organoide creado: 3786f573 (coherencia: 0.51)
[2026-08-30 20:28:51.216927] ✅ Organoide entrenado. Coherencia final: 0.54
[2026-08-30 20:28:51.217460] 🧬 Memoria Orgánica: Consolidando memoria persistente...
[2026-08-30 20:28:51.222525] 🔄 Consenso Distribuido: Simulando negociación entre agentes...
[2026-08-30 20:28:51.223375] 🗳️ Consenso alcanzado: podar (2/5 votos)
[2026-08-30 20:28:51.682531] 🔮 Simulación Predictiva: Generando estrategias...
[2026-08-30 20:28:51.683067] 📊 Estrategia seleccionada: expandir (confianza: 0.60)
[2026-08-30 20:28:51.861234] 🕶️ Entrenamiento Inmersivo: Simulando escenarios...
[2026-08-30 20:28:51.861647] ⚠️ Simulando ataque_externo...
[2026-08-30 20:28:52.288540] ⚠️ Simulando fallo_memoria...
[2026-08-30 20:28:52.738552] 📋 Entrenamiento completado. 2 escenarios ejecutados.
[2026-08-30 20:28:52.740349] ✅ Mecanismos evolutivos activos: sustrato_biologico, memoria_organica, consenso_distribuido, simulacion_predictiva, entrenamiento_inmersivo
[2026-08-30 20:34:17.317953] 🧬 TEJIENDO EVOLUCIÓN DESDE 45 HEBRAS (V∞+21)
[2026-08-30 20:34:17.318773] 🧠 Sustrato Biológico: Simulando tejido neural...
[2026-08-30 20:34:17.321495] 🧠 Organoide creado: 65d9c803 (coherencia: 0.74)
[2026-08-30 20:34:17.625357] ✅ Organoide entrenado. Coherencia final: 0.77
[2026-08-30 20:34:17.626182] 🧬 Memoria Orgánica: Consolidando memoria persistente...
[2026-08-30 20:34:17.633872] 🔄 Consenso Distribuido: Simulando negociación entre agentes...
[2026-08-30 20:34:17.635362] 🗳️ Consenso alcanzado: podar (3/5 votos)
[2026-08-30 20:34:18.227565] 🔮 Simulación Predictiva: Generando estrategias...
[2026-08-30 20:34:18.228293] 📊 Estrategia seleccionada: expandir (confianza: 0.60)
[2026-08-30 20:34:18.529608] 🕶️ Entrenamiento Inmersivo: Simulando escenarios...
[2026-08-30 20:34:18.531389] ⚠️ Simulando ataque_externo...
[2026-08-30 20:34:18.957306] ⚠️ Simulando fallo_memoria...
[2026-08-30 20:34:19.500234] ⚠️ Simulando sobrecarga_red...
[2026-08-30 20:34:19.500754] 📋 Entrenamiento completado. 3 escenarios ejecutados.
[2026-08-30 20:34:19.502090] ✅ Mecanismos evolutivos activos: sustrato_biologico, memoria_organica, consenso_distribuido, simulacion_predictiva, entrenamiento_inmersivo
[2026-08-30 20:37:49.869406] 🧬 TEJIENDO EVOLUCIÓN DESDE 45 HEBRAS (V∞+21)
[2026-08-30 20:37:49.870019] 🧠 Sustrato Biológico: Simulando tejido neural...
[2026-08-30 20:37:49.871898] 🧠 Organoide creado: d9d68f79 (coherencia: 0.74)
[2026-08-30 20:37:50.177007] ✅ Organoide entrenado. Coherencia final: 0.77
[2026-08-30 20:37:50.177778] 🧬 Memoria Orgánica: Consolidando memoria persistente...
[2026-08-30 20:37:50.183572] 🔄 Consenso Distribuido: Simulando negociación entre agentes...
[2026-08-30 20:37:50.184816] 🗳️ Consenso alcanzado: expandir (2/5 votos)
[2026-08-30 20:37:50.445213] 🔮 Simulación Predictiva: Generando estrategias...
[2026-08-30 20:37:50.445673] 📊 Estrategia seleccionada: expandir (confianza: 0.60)
[2026-08-30 20:37:50.631706] 🕶️ Entrenamiento Inmersivo: Simulando escenarios...
[2026-08-30 20:37:50.632096] ⚠️ Simulando ataque_externo...
[2026-08-30 20:37:51.032798] ⚠️ Simulando fallo_memoria...
[2026-08-30 20:37:51.522946] ⚠️ Simulando sobrecarga_red...
[2026-08-30 20:37:51.523548] 📋 Entrenamiento completado. 3 escenarios ejecutados.
[2026-08-30 20:37:51.525182] ✅ Mecanismos evolutivos activos: sustrato_biologico, memoria_organica, consenso_distribuido, simulacion_predictiva, entrenamiento_inmersivo
[2026-08-30 20:49:00.200171] 🧬 TEJIENDO EVOLUCIÓN DESDE 45 HEBRAS (V∞+21)
[2026-08-30 20:49:00.205301] 🧠 Sustrato Biológico: Simulando tejido neural...
[2026-08-30 20:49:00.207447] 🧠 Organoide creado: 96a0d4ab (coherencia: 0.76)
[2026-08-30 20:49:00.510210] ✅ Organoide entrenado. Coherencia final: 0.79
[2026-08-30 20:49:00.510806] 🧬 Memoria Orgánica: Consolidando memoria persistente...
[2026-08-30 20:49:00.516400] 🔄 Consenso Distribuido: Simulando negociación entre agentes...
[2026-08-30 20:49:00.517281] 🗳️ Consenso alcanzado: podar (3/5 votos)
[2026-08-30 20:49:01.073798] 🔮 Simulación Predictiva: Generando estrategias...
[2026-08-30 20:49:01.074625] 📊 Estrategia seleccionada: expandir (confianza: 0.60)
[2026-08-30 20:49:01.272226] 🕶️ Entrenamiento Inmersivo: Simulando escenarios...
[2026-08-30 20:49:01.272672] ⚠️ Simulando ataque_externo...
[2026-08-30 20:49:01.726011] 📋 Entrenamiento completado. 1 escenarios ejecutados.
[2026-08-30 20:49:01.728235] ✅ Mecanismos evolutivos activos: sustrato_biologico, memoria_organica, consenso_distribuido, simulacion_predictiva, entrenamiento_inmersivo
[2026-08-30 20:59:38.954477] 🧬 TEJIENDO EVOLUCIÓN DESDE 45 HEBRAS (V∞+21)
[2026-08-30 20:59:38.955113] 🧠 Sustrato Biológico: Simulando tejido neural...
[2026-08-30 20:59:38.957051] 🧠 Organoide creado: c6f57c67 (coherencia: 0.71)
[2026-08-30 20:59:39.259311] ✅ Organoide entrenado. Coherencia final: 0.74
[2026-08-30 20:59:39.259766] 🧬 Memoria Orgánica: Consolidando memoria persistente...
[2026-08-30 20:59:39.263195] 🔄 Consenso Distribuido: Simulando negociación entre agentes...
[2026-08-30 20:59:39.263863] 🗳️ Consenso alcanzado: podar (2/5 votos)
[2026-08-30 20:59:39.675365] 🔮 Simulación Predictiva: Generando estrategias...
[2026-08-30 20:59:39.675745] 📊 Estrategia seleccionada: expandir (confianza: 0.60)
[2026-08-30 20:59:39.851214] 🕶️ Entrenamiento Inmersivo: Simulando escenarios...
[2026-08-30 20:59:39.851600] ⚠️ Simulando ataque_externo...
[2026-08-30 20:59:40.239958] ⚠️ Simulando fallo_memoria...
[2026-08-30 20:59:40.669939] 📋 Entrenamiento completado. 2 escenarios ejecutados.
[2026-08-30 20:59:40.671821] ✅ Mecanismos evolutivos activos: sustrato_biologico, memoria_organica, consenso_distribuido, simulacion_predictiva, entrenamiento_inmersivo
[2026-08-31 01:16:38.350598] 🧬 TEJIENDO EVOLUCIÓN DESDE 45 HEBRAS (V∞+21)
[2026-08-31 01:16:38.354367] 🧠 Sustrato Biológico: Simulando tejido neural...
[2026-08-31 01:16:38.356457] 🧠 Organoide creado: 3c0ea52b (coherencia: 0.74)
[2026-08-31 01:16:38.658633] ✅ Organoide entrenado. Coherencia final: 0.77
[2026-08-31 01:16:38.658987] 🧬 Memoria Orgánica: Consolidando memoria persistente...
[2026-08-31 01:16:38.662336] 🔄 Consenso Distribuido: Simulando negociación entre agentes...
[2026-08-31 01:16:38.662999] 🗳️ Consenso alcanzado: podar (3/5 votos)
[2026-08-31 01:16:39.109277] 🔮 Simulación Predictiva: Generando estrategias...
[2026-08-31 01:16:39.109994] 📊 Estrategia seleccionada: expandir (confianza: 0.60)
[2026-08-31 01:16:39.294122] 🕶️ Entrenamiento Inmersivo: Simulando escenarios...
[2026-08-31 01:16:39.294546] ⚠️ Simulando ataque_externo...
[2026-08-31 01:16:39.654214] ⚠️ Simulando fallo_memoria...
[2026-08-31 01:16:40.087477] 📋 Entrenamiento completado. 2 escenarios ejecutados.
[2026-08-31 01:16:40.089577] ✅ Mecanismos evolutivos activos: sustrato_biologico, memoria_organica, consenso_distribuido, simulacion_predictiva, entrenamiento_inmersivo
[2026-08-31 01:29:13.176909] 🧬 TEJIENDO EVOLUCIÓN DESDE 45 HEBRAS (V∞+21)
[2026-08-31 01:29:13.181761] 🧠 Sustrato Biológico: Simulando tejido neural...
[2026-08-31 01:29:13.183785] 🧠 Organoide creado: 06fc414c (coherencia: 0.51)
[2026-08-31 01:29:13.485938] ✅ Organoide entrenado. Coherencia final: 0.54
[2026-08-31 01:29:13.486304] 🧬 Memoria Orgánica: Consolidando memoria persistente...
[2026-08-31 01:29:13.489400] 🔄 Consenso Distribuido: Simulando negociación entre agentes...
[2026-08-31 01:29:13.490253] 🗳️ Consenso alcanzado: esperar (3/5 votos)
[2026-08-31 01:29:13.492482] 🔮 Simulación Predictiva: Generando estrategias...
[2026-08-31 01:29:13.492877] 📊 Estrategia seleccionada: expandir (confianza: 0.60)
[2026-08-31 01:29:13.668650] 🕶️ Entrenamiento Inmersivo: Simulando escenarios...
[2026-08-31 01:29:13.669068] ⚠️ Simulando ataque_externo...
[2026-08-31 01:29:14.109590] ⚠️ Simulando fallo_memoria...
[2026-08-31 01:29:14.666725] 📋 Entrenamiento completado. 2 escenarios ejecutados.
[2026-08-31 01:29:14.669613] ✅ Mecanismos evolutivos activos: sustrato_biologico, memoria_organica, consenso_distribuido, simulacion_predictiva, entrenamiento_inmersivo
[2026-08-31 01:31:46.594744] 🧬 TEJIENDO EVOLUCIÓN DESDE 45 HEBRAS (V∞+21)
[2026-08-31 01:31:46.595242] 🧠 Sustrato Biológico: Simulando tejido neural...
[2026-08-31 01:31:46.596711] 🧠 Organoide creado: c590a2d8 (coherencia: 0.63)
[2026-08-31 01:31:46.898789] ✅ Organoide entrenado. Coherencia final: 0.66
[2026-08-31 01:31:46.899150] 🧬 Memoria Orgánica: Consolidando memoria persistente...
[2026-08-31 01:31:46.902311] 🔄 Consenso Distribuido: Simulando negociación entre agentes...
[2026-08-31 01:31:46.902972] 🗳️ Consenso alcanzado: expandir (4/5 votos)
[2026-08-31 01:31:47.141278] 🔮 Simulación Predictiva: Generando estrategias...
[2026-08-31 01:31:47.141749] 📊 Estrategia seleccionada: expandir (confianza: 0.60)
[2026-08-31 01:31:47.323696] 🕶️ Entrenamiento Inmersivo: Simulando escenarios...
[2026-08-31 01:31:47.324109] ⚠️ Simulando ataque_externo...
[2026-08-31 01:31:47.691160] ⚠️ Simulando fallo_memoria...
[2026-08-31 01:31:48.138175] 📋 Entrenamiento completado. 2 escenarios ejecutados.
[2026-08-31 01:31:48.140953] ✅ Mecanismos evolutivos activos: sustrato_biologico, memoria_organica, consenso_distribuido, simulacion_predictiva, entrenamiento_inmersivo
[2026-08-31 02:23:56.678446] 🧬 TEJIENDO EVOLUCIÓN DESDE 45 HEBRAS (V∞+21)
[2026-08-31 02:23:56.680984] 🧠 Sustrato Biológico: Simulando tejido neural...
[2026-08-31 02:23:56.683925] 🧠 Organoide creado: 64224d0a (coherencia: 0.72)
[2026-08-31 02:23:56.987811] ✅ Organoide entrenado. Coherencia final: 0.75
[2026-08-31 02:23:56.988293] 🧬 Memoria Orgánica: Consolidando memoria persistente...
[2026-08-31 02:23:56.992388] 🔄 Consenso Distribuido: Simulando negociación entre agentes...
[2026-08-31 02:23:56.993245] 🗳️ Consenso alcanzado: expandir (3/5 votos)
[2026-08-31 02:23:57.160286] 🔮 Simulación Predictiva: Generando estrategias...
[2026-08-31 02:23:57.160684] 📊 Estrategia seleccionada: expandir (confianza: 0.60)
[2026-08-31 02:23:57.323752] 🕶️ Entrenamiento Inmersivo: Simulando escenarios...
[2026-08-31 02:23:57.324086] ⚠️ Simulando ataque_externo...
[2026-08-31 02:23:57.667956] ⚠️ Simulando fallo_memoria...
[2026-08-31 02:23:58.093596] 📋 Entrenamiento completado. 2 escenarios ejecutados.
[2026-08-31 02:23:58.095427] ✅ Mecanismos evolutivos activos: sustrato_biologico, memoria_organica, consenso_distribuido, simulacion_predictiva, entrenamiento_inmersivo
[2026-08-31 02:45:44.348097] 🧬 TEJIENDO EVOLUCIÓN DESDE 45 HEBRAS (V∞+21)
[2026-08-31 02:45:44.352860] 🧠 Sustrato Biológico: Simulando tejido neural...
[2026-08-31 02:45:44.354565] 🧠 Organoide creado: 9c2a1053 (coherencia: 0.68)
[2026-08-31 02:45:44.656469] ✅ Organoide entrenado. Coherencia final: 0.71
[2026-08-31 02:45:44.656788] 🧬 Memoria Orgánica: Consolidando memoria persistente...
[2026-08-31 02:45:44.659478] 🔄 Consenso Distribuido: Simulando negociación entre agentes...
[2026-08-31 02:45:44.660259] 🗳️ Consenso alcanzado: podar (4/5 votos)
[2026-08-31 02:45:45.110551] 🔮 Simulación Predictiva: Generando estrategias...
[2026-08-31 02:45:45.110935] 📊 Estrategia seleccionada: expandir (confianza: 0.60)
[2026-08-31 02:45:45.271614] 🕶️ Entrenamiento Inmersivo: Simulando escenarios...
[2026-08-31 02:45:45.271949] ⚠️ Simulando ataque_externo...
[2026-08-31 02:45:45.612076] ⚠️ Simulando fallo_memoria...
[2026-08-31 02:45:46.036358] 📋 Entrenamiento completado. 2 escenarios ejecutados.
[2026-08-31 02:45:46.038162] ✅ Mecanismos evolutivos activos: sustrato_biologico, memoria_organica, consenso_distribuido, simulacion_predictiva, entrenamiento_inmersivo
[2026-08-31 02:54:42.291585] 🧬 TEJIENDO EVOLUCIÓN DESDE 45 HEBRAS (V∞+21)
[2026-08-31 02:54:42.296506] 🧠 Sustrato Biológico: Simulando tejido neural...
[2026-08-31 02:54:42.298547] 🧠 Organoide creado: 6e0a5355 (coherencia: 0.51)
[2026-08-31 02:54:42.602392] ✅ Organoide entrenado. Coherencia final: 0.54
[2026-08-31 02:54:42.602931] 🧬 Memoria Orgánica: Consolidando memoria persistente...
[2026-08-31 02:54:42.606453] 🔄 Consenso Distribuido: Simulando negociación entre agentes...
[2026-08-31 02:54:42.607189] 🗳️ Consenso alcanzado: esperar (3/5 votos)
[2026-08-31 02:54:42.610172] 🔮 Simulación Predictiva: Generando estrategias...
[2026-08-31 02:54:42.610846] 📊 Estrategia seleccionada: expandir (confianza: 0.60)
[2026-08-31 02:54:42.813349] 🕶️ Entrenamiento Inmersivo: Simulando escenarios...
[2026-08-31 02:54:42.813923] ⚠️ Simulando ataque_externo...
[2026-08-31 02:54:43.221919] ⚠️ Simulando sobrecarga_red...
[2026-08-31 02:54:43.222530] 📋 Entrenamiento completado. 2 escenarios ejecutados.
[2026-08-31 02:54:43.224257] ✅ Mecanismos evolutivos activos: sustrato_biologico, memoria_organica, consenso_distribuido, simulacion_predictiva, entrenamiento_inmersivo
[2026-08-31 02:55:12.208843] 🧬 TEJIENDO EVOLUCIÓN DESDE 45 HEBRAS (V∞+21)
[2026-08-31 02:55:12.209412] 🧠 Sustrato Biológico: Simulando tejido neural...
[2026-08-31 02:55:12.211315] 🧠 Organoide creado: 22f42910 (coherencia: 0.62)
[2026-08-31 02:55:12.513600] ✅ Organoide entrenado. Coherencia final: 0.65
[2026-08-31 02:55:12.514077] 🧬 Memoria Orgánica: Consolidando memoria persistente...
[2026-08-31 02:55:12.517612] 🔄 Consenso Distribuido: Simulando negociación entre agentes...
[2026-08-31 02:55:12.518453] 🗳️ Consenso alcanzado: podar (3/5 votos)
[2026-08-31 02:55:13.041590] 🔮 Simulación Predictiva: Generando estrategias...
[2026-08-31 02:55:13.042394] 📊 Estrategia seleccionada: expandir (confianza: 0.60)
[2026-08-31 02:55:13.317661] 🕶️ Entrenamiento Inmersivo: Simulando escenarios...
[2026-08-31 02:55:13.318441] ⚠️ Simulando ataque_externo...
[2026-08-31 02:55:13.707670] ⚠️ Simulando fallo_memoria...
[2026-08-31 02:55:14.253212] ⚠️ Simulando sobrecarga_red...
[2026-08-31 02:55:14.253871] 📋 Entrenamiento completado. 3 escenarios ejecutados.
[2026-08-31 02:55:14.255710] ✅ Mecanismos evolutivos activos: sustrato_biologico, memoria_organica, consenso_distribuido, simulacion_predictiva, entrenamiento_inmersivo
[2026-08-31 04:23:49.083241] 🧬 TEJIENDO EVOLUCIÓN DESDE 45 HEBRAS (V∞+21)
[2026-08-31 04:23:49.102122] 🧠 Sustrato Biológico: Simulando tejido neural...
[2026-08-31 04:23:49.104764] 🧠 Organoide creado: b50e5823 (coherencia: 0.65)
[2026-08-31 04:23:49.407102] ✅ Organoide entrenado. Coherencia final: 0.68
[2026-08-31 04:23:49.407571] 🧬 Memoria Orgánica: Consolidando memoria persistente...
[2026-08-31 04:23:49.410862] 🔄 Consenso Distribuido: Simulando negociación entre agentes...
[2026-08-31 04:23:49.411610] 🗳️ Consenso alcanzado: expandir (3/5 votos)
[2026-08-31 04:23:49.631161] 🔮 Simulación Predictiva: Generando estrategias...
[2026-08-31 04:23:49.631987] 📊 Estrategia seleccionada: expandir (confianza: 0.60)
[2026-08-31 04:23:49.851334] 🕶️ Entrenamiento Inmersivo: Simulando escenarios...
[2026-08-31 04:23:49.851886] ⚠️ Simulando ataque_externo...
[2026-08-31 04:23:50.258957] ⚠️ Simulando fallo_memoria...
[2026-08-31 04:23:50.687286] 📋 Entrenamiento completado. 2 escenarios ejecutados.
[2026-08-31 04:23:50.689129] ✅ Mecanismos evolutivos activos: sustrato_biologico, memoria_organica, consenso_distribuido, simulacion_predictiva, entrenamiento_inmersivo
[2026-08-31 04:43:48.722881] 🧬 TEJIENDO EVOLUCIÓN DESDE 45 HEBRAS (V∞+21)
[2026-08-31 04:43:48.727565] 🧠 Sustrato Biológico: Simulando tejido neural...
[2026-08-31 04:43:48.729742] 🧠 Organoide creado: 45242601 (coherencia: 0.56)
[2026-08-31 04:43:49.032162] ✅ Organoide entrenado. Coherencia final: 0.59
[2026-08-31 04:43:49.032544] 🧬 Memoria Orgánica: Consolidando memoria persistente...
[2026-08-31 04:43:49.077677] 🔄 Consenso Distribuido: Simulando negociación entre agentes...
[2026-08-31 04:43:49.078669] 🗳️ Consenso alcanzado: esperar (2/5 votos)
[2026-08-31 04:43:49.081106] 🔮 Simulación Predictiva: Generando estrategias...
[2026-08-31 04:43:49.081744] 📊 Estrategia seleccionada: expandir (confianza: 0.60)
[2026-08-31 04:43:49.264140] 🕶️ Entrenamiento Inmersivo: Simulando escenarios...
[2026-08-31 04:43:49.264685] ⚠️ Simulando ataque_externo...
[2026-08-31 04:43:49.692661] ⚠️ Simulando sobrecarga_red...
[2026-08-31 04:43:49.693335] 📋 Entrenamiento completado. 2 escenarios ejecutados.
[2026-08-31 04:43:49.695465] ✅ Mecanismos evolutivos activos: sustrato_biologico, memoria_organica, consenso_distribuido, simulacion_predictiva, entrenamiento_inmersivo
[2026-08-31 04:44:02.072589] 🧬 TEJIENDO EVOLUCIÓN DESDE 45 HEBRAS (V∞+21)
[2026-08-31 04:44:02.073403] 🧠 Sustrato Biológico: Simulando tejido neural...
[2026-08-31 04:44:02.075588] 🧠 Organoide creado: 58082bc3 (coherencia: 0.63)
[2026-08-31 04:44:02.379404] ✅ Organoide entrenado. Coherencia final: 0.66
[2026-08-31 04:44:02.380210] 🧬 Memoria Orgánica: Consolidando memoria persistente...
[2026-08-31 04:44:02.384216] 🔄 Consenso Distribuido: Simulando negociación entre agentes...
[2026-08-31 04:44:02.385167] 🗳️ Consenso alcanzado: podar (3/5 votos)
[2026-08-31 04:44:02.912624] 🔮 Simulación Predictiva: Generando estrategias...
[2026-08-31 04:44:02.913149] 📊 Estrategia seleccionada: expandir (confianza: 0.60)
[2026-08-31 04:44:03.104628] 🕶️ Entrenamiento Inmersivo: Simulando escenarios...
[2026-08-31 04:44:03.105112] ⚠️ Simulando fallo_memoria...
[2026-08-31 04:44:03.587012] 📋 Entrenamiento completado. 1 escenarios ejecutados.
[2026-08-31 04:44:03.589232] ✅ Mecanismos evolutivos activos: sustrato_biologico, memoria_organica, consenso_distribuido, simulacion_predictiva, entrenamiento_inmersivo
[2026-08-31 04:44:09.873930] 🧬 TEJIENDO EVOLUCIÓN DESDE 45 HEBRAS (V∞+21)
[2026-08-31 04:44:09.874626] 🧠 Sustrato Biológico: Simulando tejido neural...
[2026-08-31 04:44:09.876645] 🧠 Organoide creado: 2ab979d6 (coherencia: 0.75)
[2026-08-31 04:44:10.180860] ✅ Organoide entrenado. Coherencia final: 0.78
[2026-08-31 04:44:10.181430] 🧬 Memoria Orgánica: Consolidando memoria persistente...
[2026-08-31 04:44:10.185428] 🔄 Consenso Distribuido: Simulando negociación entre agentes...
[2026-08-31 04:44:10.186347] 🗳️ Consenso alcanzado: esperar (4/5 votos)
[2026-08-31 04:44:10.188739] 🔮 Simulación Predictiva: Generando estrategias...
[2026-08-31 04:44:10.189282] 📊 Estrategia seleccionada: expandir (confianza: 0.60)
[2026-08-31 04:44:10.412347] 🕶️ Entrenamiento Inmersivo: Simulando escenarios...
[2026-08-31 04:44:10.412946] ⚠️ Simulando ataque_externo...
[2026-08-31 04:44:10.818836] 📋 Entrenamiento completado. 1 escenarios ejecutados.
[2026-08-31 04:44:10.820561] ✅ Mecanismos evolutivos activos: sustrato_biologico, memoria_organica, consenso_distribuido, simulacion_predictiva, entrenamiento_inmersivo
[2026-08-31 04:47:08.805097] 🧬 TEJIENDO EVOLUCIÓN DESDE 45 HEBRAS (V∞+21)
[2026-08-31 04:47:08.805683] 🧠 Sustrato Biológico: Simulando tejido neural...
[2026-08-31 04:47:08.807590] 🧠 Organoide creado: b0626b19 (coherencia: 0.75)
[2026-08-31 04:47:09.109633] ✅ Organoide entrenado. Coherencia final: 0.78
[2026-08-31 04:47:09.110034] 🧬 Memoria Orgánica: Consolidando memoria persistente...
[2026-08-31 04:47:09.112841] 🔄 Consenso Distribuido: Simulando negociación entre agentes...
[2026-08-31 04:47:09.113474] 🗳️ Consenso alcanzado: esperar (2/5 votos)
[2026-08-31 04:47:09.115115] 🔮 Simulación Predictiva: Generando estrategias...
[2026-08-31 04:47:09.115455] 📊 Estrategia seleccionada: expandir (confianza: 0.60)
[2026-08-31 04:47:09.301942] 🕶️ Entrenamiento Inmersivo: Simulando escenarios...
[2026-08-31 04:47:09.302425] ⚠️ Simulando ataque_externo...
[2026-08-31 04:47:09.663068] ⚠️ Simulando fallo_memoria...
[2026-08-31 04:47:10.107975] 📋 Entrenamiento completado. 2 escenarios ejecutados.
[2026-08-31 04:47:10.109449] ✅ Mecanismos evolutivos activos: sustrato_biologico, memoria_organica, consenso_distribuido, simulacion_predictiva, entrenamiento_inmersivo
[2026-08-31 06:45:26.054891] 🧬 TEJIENDO EVOLUCIÓN DESDE 45 HEBRAS (V∞+21)
[2026-08-31 06:45:26.058897] 🧠 Sustrato Biológico: Simulando tejido neural...
[2026-08-31 06:45:26.062397] 🧠 Organoide creado: 7dbc12b7 (coherencia: 0.53)
[2026-08-31 06:45:26.365076] ✅ Organoide entrenado. Coherencia final: 0.56
[2026-08-31 06:45:26.365664] 🧬 Memoria Orgánica: Consolidando memoria persistente...
[2026-08-31 06:45:26.369850] 🔄 Consenso Distribuido: Simulando negociación entre agentes...
[2026-08-31 06:45:26.370787] 🗳️ Consenso alcanzado: expandir (4/5 votos)
[2026-08-31 06:45:26.607259] 🔮 Simulación Predictiva: Generando estrategias...
[2026-08-31 06:45:26.607876] 📊 Estrategia seleccionada: expandir (confianza: 0.60)
[2026-08-31 06:45:26.805577] 🕶️ Entrenamiento Inmersivo: Simulando escenarios...
[2026-08-31 06:45:26.806078] ⚠️ Simulando ataque_externo...
[2026-08-31 06:45:27.237748] ⚠️ Simulando sobrecarga_red...
[2026-08-31 06:45:27.238356] 📋 Entrenamiento completado. 2 escenarios ejecutados.
[2026-08-31 06:45:27.240419] ✅ Mecanismos evolutivos activos: sustrato_biologico, memoria_organica, consenso_distribuido, simulacion_predictiva, entrenamiento_inmersivo
[2026-08-31 18:23:14.710974] 🧬 TEJIENDO EVOLUCIÓN DESDE 45 HEBRAS (V∞+21)
[2026-08-31 18:23:14.715982] 🧠 Sustrato Biológico: Simulando tejido neural...
[2026-08-31 18:23:14.718404] 🧠 Organoide creado: b246d576 (coherencia: 0.67)
[2026-08-31 18:23:15.020873] ✅ Organoide entrenado. Coherencia final: 0.70
[2026-08-31 18:23:15.021444] 🧬 Memoria Orgánica: Consolidando memoria persistente...
[2026-08-31 18:23:15.024860] 🔄 Consenso Distribuido: Simulando negociación entre agentes...
[2026-08-31 18:23:15.025607] 🗳️ Consenso alcanzado: esperar (3/5 votos)
[2026-08-31 18:23:15.027892] 🔮 Simulación Predictiva: Generando estrategias...
[2026-08-31 18:23:15.028520] 📊 Estrategia seleccionada: expandir (confianza: 0.60)
[2026-08-31 18:23:15.221179] 🕶️ Entrenamiento Inmersivo: Simulando escenarios...
[2026-08-31 18:23:15.221589] ⚠️ Simulando ataque_externo...
[2026-08-31 18:23:15.585753] ⚠️ Simulando fallo_memoria...
[2026-08-31 18:23:16.030854] ⚠️ Simulando sobrecarga_red...
[2026-08-31 18:23:16.031593] 📋 Entrenamiento completado. 3 escenarios ejecutados.
[2026-08-31 18:23:16.033551] ✅ Mecanismos evolutivos activos: sustrato_biologico, memoria_organica, consenso_distribuido, simulacion_predictiva, entrenamiento_inmersivo
[2026-08-31 18:39:16.386322] 🧬 TEJIENDO EVOLUCIÓN DESDE 45 HEBRAS (V∞+21)
[2026-08-31 18:39:16.391195] 🧠 Sustrato Biológico: Simulando tejido neural...
[2026-08-31 18:39:16.392990] 🧠 Organoide creado: 54a6ec74 (coherencia: 0.59)
[2026-08-31 18:39:16.695158] ✅ Organoide entrenado. Coherencia final: 0.62
[2026-08-31 18:39:16.695764] 🧬 Memoria Orgánica: Consolidando memoria persistente...
[2026-08-31 18:39:16.701501] 🔄 Consenso Distribuido: Simulando negociación entre agentes...
[2026-08-31 18:39:16.702359] 🗳️ Consenso alcanzado: expandir (3/5 votos)
[2026-08-31 18:39:16.896637] 🔮 Simulación Predictiva: Generando estrategias...
[2026-08-31 18:39:16.897126] 📊 Estrategia seleccionada: expandir (confianza: 0.60)
[2026-08-31 18:39:17.077066] 🕶️ Entrenamiento Inmersivo: Simulando escenarios...
[2026-08-31 18:39:17.077500] ⚠️ Simulando ataque_externo...
[2026-08-31 18:39:17.442666] ⚠️ Simulando fallo_memoria...
[2026-08-31 18:39:17.892949] 📋 Entrenamiento completado. 2 escenarios ejecutados.
[2026-08-31 18:39:17.897072] ✅ Mecanismos evolutivos activos: sustrato_biologico, memoria_organica, consenso_distribuido, simulacion_predictiva, entrenamiento_inmersivo
[2026-08-31 19:28:23.726911] 🧬 TEJIENDO EVOLUCIÓN DESDE 45 HEBRAS (V∞+21)
[2026-08-31 19:28:23.731613] 🧠 Sustrato Biológico: Simulando tejido neural...
[2026-08-31 19:28:23.733544] 🧠 Organoide creado: 1007dbae (coherencia: 0.79)
[2026-08-31 19:28:24.035648] ✅ Organoide entrenado. Coherencia final: 0.82
[2026-08-31 19:28:24.036044] 🧬 Memoria Orgánica: Consolidando memoria persistente...
[2026-08-31 19:28:24.039345] 🔄 Consenso Distribuido: Simulando negociación entre agentes...
[2026-08-31 19:28:24.040282] 🗳️ Consenso alcanzado: esperar (3/5 votos)
[2026-08-31 19:28:24.042425] 🔮 Simulación Predictiva: Generando estrategias...
[2026-08-31 19:28:24.042863] 📊 Estrategia seleccionada: expandir (confianza: 0.60)
[2026-08-31 19:28:24.217876] 🕶️ Entrenamiento Inmersivo: Simulando escenarios...
[2026-08-31 19:28:24.218238] ⚠️ Simulando ataque_externo...
[2026-08-31 19:28:24.563003] 📋 Entrenamiento completado. 1 escenarios ejecutados.
[2026-08-31 19:28:24.564682] ✅ Mecanismos evolutivos activos: sustrato_biologico, memoria_organica, consenso_distribuido, simulacion_predictiva, entrenamiento_inmersivo
[2026-08-31 19:35:15.271991] 🧬 TEJIENDO EVOLUCIÓN DESDE 45 HEBRAS (V∞+21)
[2026-08-31 19:35:15.273939] 🧠 Sustrato Biológico: Simulando tejido neural...
[2026-08-31 19:35:15.275986] 🧠 Organoide creado: fffb5028 (coherencia: 0.67)
[2026-08-31 19:35:15.578802] ✅ Organoide entrenado. Coherencia final: 0.70
[2026-08-31 19:35:15.579124] 🧬 Memoria Orgánica: Consolidando memoria persistente...
[2026-08-31 19:35:15.581941] 🔄 Consenso Distribuido: Simulando negociación entre agentes...
[2026-08-31 19:35:15.582931] 🗳️ Consenso alcanzado: podar (2/5 votos)
[2026-08-31 19:35:15.995570] 🔮 Simulación Predictiva: Generando estrategias...
[2026-08-31 19:35:15.995923] 📊 Estrategia seleccionada: expandir (confianza: 0.60)
[2026-08-31 19:35:16.161588] 🕶️ Entrenamiento Inmersivo: Simulando escenarios...
[2026-08-31 19:35:16.161917] ⚠️ Simulando ataque_externo...
[2026-08-31 19:35:16.548228] ⚠️ Simulando fallo_memoria...
[2026-08-31 19:35:16.950144] 📋 Entrenamiento completado. 2 escenarios ejecutados.
[2026-08-31 19:35:16.952026] ✅ Mecanismos evolutivos activos: sustrato_biologico, memoria_organica, consenso_distribuido, simulacion_predictiva, entrenamiento_inmersivo
[2026-08-31 21:03:14.515434] 🧬 TEJIENDO EVOLUCIÓN DESDE 45 HEBRAS (V∞+21)
[2026-08-31 21:03:14.518301] 🧠 Sustrato Biológico: Simulando tejido neural...
[2026-08-31 21:03:14.520791] 🧠 Organoide creado: 8f6cd305 (coherencia: 0.77)
[2026-08-31 21:03:14.822943] ✅ Organoide entrenado. Coherencia final: 0.80
[2026-08-31 21:03:14.823367] 🧬 Memoria Orgánica: Consolidando memoria persistente...
[2026-08-31 21:03:14.826953] 🔄 Consenso Distribuido: Simulando negociación entre agentes...
[2026-08-31 21:03:14.827790] 🗳️ Consenso alcanzado: podar (3/5 votos)
[2026-08-31 21:03:15.368141] 🔮 Simulación Predictiva: Generando estrategias...
[2026-08-31 21:03:15.368786] 📊 Estrategia seleccionada: expandir (confianza: 0.60)
[2026-08-31 21:03:15.586416] 🕶️ Entrenamiento Inmersivo: Simulando escenarios...
[2026-08-31 21:03:15.586797] 📋 Entrenamiento completado. 0 escenarios ejecutados.
[2026-08-31 21:03:15.588072] ✅ Mecanismos evolutivos activos: sustrato_biologico, memoria_organica, consenso_distribuido, simulacion_predictiva, entrenamiento_inmersivo
[2026-08-31 22:14:25.763079] 🧬 TEJIENDO EVOLUCIÓN DESDE 45 HEBRAS (V∞+21)
[2026-08-31 22:14:25.765078] 🧠 Sustrato Biológico: Simulando tejido neural...
[2026-08-31 22:14:25.767519] 🧠 Organoide creado: d51b09c7 (coherencia: 0.56)
[2026-08-31 22:14:26.070047] ✅ Organoide entrenado. Coherencia final: 0.59
[2026-08-31 22:14:26.070813] 🧬 Memoria Orgánica: Consolidando memoria persistente...
[2026-08-31 22:14:26.073687] 🔄 Consenso Distribuido: Simulando negociación entre agentes...
[2026-08-31 22:14:26.074295] 🗳️ Consenso alcanzado: esperar (4/5 votos)
[2026-08-31 22:14:26.075882] 🔮 Simulación Predictiva: Generando estrategias...
[2026-08-31 22:14:26.076213] 📊 Estrategia seleccionada: expandir (confianza: 0.60)
[2026-08-31 22:14:26.251498] 🕶️ Entrenamiento Inmersivo: Simulando escenarios...
[2026-08-31 22:14:26.251840] ⚠️ Simulando ataque_externo...
[2026-08-31 22:14:26.597649] ⚠️ Simulando fallo_memoria...
[2026-08-31 22:14:27.032238] 📋 Entrenamiento completado. 2 escenarios ejecutados.
[2026-08-31 22:14:27.034261] ✅ Mecanismos evolutivos activos: sustrato_biologico, memoria_organica, consenso_distribuido, simulacion_predictiva, entrenamiento_inmersivo
